Archive member included to satisfy reference by file (symbol)

.\CortexM3\ARM_GCC_541\Debug\ZumoBot.a(PWM.o)
                              .\CortexM3\ARM_GCC_541\Debug\Motor.o (PWM_Stop)
.\CortexM3\ARM_GCC_541\Debug\ZumoBot.a(I2C.o)
                              .\CortexM3\ARM_GCC_541\Debug\Nunchuk.o (I2C_Start)
.\CortexM3\ARM_GCC_541\Debug\ZumoBot.a(I2C_INT.o)
                              .\CortexM3\ARM_GCC_541\Debug\ZumoBot.a(I2C.o) (I2C_ISR)
.\CortexM3\ARM_GCC_541\Debug\ZumoBot.a(I2C_PM.o)
                              .\CortexM3\ARM_GCC_541\Debug\ZumoBot.a(I2C.o) (I2C_backup)
.\CortexM3\ARM_GCC_541\Debug\ZumoBot.a(I2C_MASTER.o)
                              .\CortexM3\ARM_GCC_541\Debug\Nunchuk.o (I2C_MasterWriteBuf)
.\CortexM3\ARM_GCC_541\Debug\ZumoBot.a(UART_1.o)
                              .\CortexM3\ARM_GCC_541\Debug\rtos_main.o (UART_1_Start)
.\CortexM3\ARM_GCC_541\Debug\ZumoBot.a(MotorDirLeft.o)
                              .\CortexM3\ARM_GCC_541\Debug\Motor.o (MotorDirLeft_Write)
.\CortexM3\ARM_GCC_541\Debug\ZumoBot.a(MotorDirRight.o)
                              .\CortexM3\ARM_GCC_541\Debug\Motor.o (MotorDirRight_Write)
.\CortexM3\ARM_GCC_541\Debug\ZumoBot.a(L3.o)
                              .\CortexM3\ARM_GCC_541\Debug\Reflectance.o (L3_Write)
.\CortexM3\ARM_GCC_541\Debug\ZumoBot.a(Timer_L3.o)
                              .\CortexM3\ARM_GCC_541\Debug\Reflectance.o (Timer_L3_ReadStatusRegister)
.\CortexM3\ARM_GCC_541\Debug\ZumoBot.a(Timer_R3.o)
                              .\CortexM3\ARM_GCC_541\Debug\Reflectance.o (Timer_R3_ReadStatusRegister)
.\CortexM3\ARM_GCC_541\Debug\ZumoBot.a(Refl_led.o)
                              .\CortexM3\ARM_GCC_541\Debug\Reflectance.o (Refl_led_Write)
.\CortexM3\ARM_GCC_541\Debug\ZumoBot.a(Timer_R1.o)
                              .\CortexM3\ARM_GCC_541\Debug\Reflectance.o (Timer_R1_ReadStatusRegister)
.\CortexM3\ARM_GCC_541\Debug\ZumoBot.a(R1.o)
                              .\CortexM3\ARM_GCC_541\Debug\Reflectance.o (R1_Write)
.\CortexM3\ARM_GCC_541\Debug\ZumoBot.a(R3.o)
                              .\CortexM3\ARM_GCC_541\Debug\Reflectance.o (R3_Write)
.\CortexM3\ARM_GCC_541\Debug\ZumoBot.a(Timer_L1.o)
                              .\CortexM3\ARM_GCC_541\Debug\Reflectance.o (Timer_L1_ReadStatusRegister)
.\CortexM3\ARM_GCC_541\Debug\ZumoBot.a(L1.o)
                              .\CortexM3\ARM_GCC_541\Debug\Reflectance.o (L1_Write)
.\CortexM3\ARM_GCC_541\Debug\ZumoBot.a(ADC_Battery.o)
                              .\CortexM3\ARM_GCC_541\Debug\main.o (ADC_Battery_Start)
.\CortexM3\ARM_GCC_541\Debug\ZumoBot.a(ADC_Battery_INT.o)
                              .\CortexM3\ARM_GCC_541\Debug\ZumoBot.a(ADC_Battery.o) (ADC_Battery_ISR)
.\CortexM3\ARM_GCC_541\Debug\ZumoBot.a(BatteryLed.o)
                              .\CortexM3\ARM_GCC_541\Debug\main.o (BatteryLed_Write)
.\CortexM3\ARM_GCC_541\Debug\ZumoBot.a(IR_receiver.o)
                              .\CortexM3\ARM_GCC_541\Debug\IR.o (IR_receiver_Read)
.\CortexM3\ARM_GCC_541\Debug\ZumoBot.a(Trig.o)
                              .\CortexM3\ARM_GCC_541\Debug\Ultra.o (Trig_Write)
.\CortexM3\ARM_GCC_541\Debug\ZumoBot.a(Timer.o)
                              .\CortexM3\ARM_GCC_541\Debug\Ultra.o (Timer_ReadStatusRegister)
.\CortexM3\ARM_GCC_541\Debug\ZumoBot.a(Echo.o)
                              .\CortexM3\ARM_GCC_541\Debug\Ultra.o (Echo_Read)
.\CortexM3\ARM_GCC_541\Debug\ZumoBot.a(ultra_isr.o)
                              .\CortexM3\ARM_GCC_541\Debug\Ultra.o (ultra_isr_StartEx)
.\CortexM3\ARM_GCC_541\Debug\ZumoBot.a(Buzzer_PWM.o)
                              .\CortexM3\ARM_GCC_541\Debug\Beep.o (Buzzer_PWM_Stop)
.\CortexM3\ARM_GCC_541\Debug\ZumoBot.a(IR_isr.o)
                              .\CortexM3\ARM_GCC_541\Debug\IR.o (IR_isr_StartEx)
.\CortexM3\ARM_GCC_541\Debug\ZumoBot.a(Timer_IR.o)
                              .\CortexM3\ARM_GCC_541\Debug\IR.o (Timer_IR_ReadStatusRegister)
.\CortexM3\ARM_GCC_541\Debug\ZumoBot.a(Timer_R2.o)
                              .\CortexM3\ARM_GCC_541\Debug\Reflectance.o (Timer_R2_ReadStatusRegister)
.\CortexM3\ARM_GCC_541\Debug\ZumoBot.a(Timer_L2.o)
                              .\CortexM3\ARM_GCC_541\Debug\Reflectance.o (Timer_L2_ReadStatusRegister)
.\CortexM3\ARM_GCC_541\Debug\ZumoBot.a(L2.o)
                              .\CortexM3\ARM_GCC_541\Debug\Reflectance.o (L2_Write)
.\CortexM3\ARM_GCC_541\Debug\ZumoBot.a(R2.o)
                              .\CortexM3\ARM_GCC_541\Debug\Reflectance.o (R2_Write)
.\CortexM3\ARM_GCC_541\Debug\ZumoBot.a(Timer_Reset.o)
                              .\CortexM3\ARM_GCC_541\Debug\Reflectance.o (Timer_Reset_Write)
.\CortexM3\ARM_GCC_541\Debug\ZumoBot.a(UART_2.o)
                              .\CortexM3\ARM_GCC_541\Debug\rtos_main.o (UART_2_Start)
.\CortexM3\ARM_GCC_541\Debug\ZumoBot.a(isr_U2_TX.o)
[...]
Memory Configuration

Name             Origin             Length             Attributes
rom              0x00000000         0x00040000         xr
ram              0x1fff8000         0x00010000         xrw
*default*        0x00000000         0xffffffff

Linker script and memory map

LOAD c:/program files (x86)/cypress/psoc creator/4.2/psoc creator/import/gnu/arm/5.4.1/bin/../lib/gcc/arm-none-eabi/5.4.1/armv7-m/crti.o
LOAD c:/program files (x86)/cypress/psoc creator/4.2/psoc creator/import/gnu/arm/5.4.1/bin/../lib/gcc/arm-none-eabi/5.4.1/armv7-m/crtbegin.o
LOAD c:/program files (x86)/cypress/psoc creator/4.2/psoc creator/import/gnu/arm/5.4.1/bin/../lib/gcc/arm-none-eabi/5.4.1/../../../../arm-none-eabi/lib/armv7-m/crt0.o
START GROUP
LOAD .\CortexM3\ARM_GCC_541\Debug\Beep.o
LOAD .\CortexM3\ARM_GCC_541\Debug\Gyro.o
LOAD .\CortexM3\ARM_GCC_541\Debug\IR.o
LOAD .\CortexM3\ARM_GCC_541\Debug\Magnet.o
LOAD .\CortexM3\ARM_GCC_541\Debug\Motor.o
LOAD .\CortexM3\ARM_GCC_541\Debug\Nunchuk.o
LOAD .\CortexM3\ARM_GCC_541\Debug\Ultra.o
LOAD .\CortexM3\ARM_GCC_541\Debug\Retarget.o
LOAD .\CortexM3\ARM_GCC_541\Debug\I2C_Common.o
LOAD .\CortexM3\ARM_GCC_541\Debug\LSM303D.o
LOAD .\CortexM3\ARM_GCC_541\Debug\debug_uart.o
LOAD .\CortexM3\ARM_GCC_541\Debug\esp8266_socket.o
LOAD .\CortexM3\ARM_GCC_541\Debug\rtos_main.o
LOAD .\CortexM3\ARM_GCC_541\Debug\serial.o
LOAD .\CortexM3\ARM_GCC_541\Debug\mqtt_sender.o
LOAD .\CortexM3\ARM_GCC_541\Debug\serial1.o
LOAD .\CortexM3\ARM_GCC_541\Debug\Reflectance.o
LOAD .\CortexM3\ARM_GCC_541\Debug\MQTTClient.o
LOAD .\CortexM3\ARM_GCC_541\Debug\MQTTFreeRTOS.o
LOAD .\CortexM3\ARM_GCC_541\Debug\MQTTConnectClient.o
LOAD .\CortexM3\ARM_GCC_541\Debug\MQTTConnectServer.o
LOAD .\CortexM3\ARM_GCC_541\Debug\MQTTDeserializePublish.o
LOAD .\CortexM3\ARM_GCC_541\Debug\MQTTFormat.o
LOAD .\CortexM3\ARM_GCC_541\Debug\MQTTPacket.o
LOAD .\CortexM3\ARM_GCC_541\Debug\MQTTSerializePublish.o
LOAD .\CortexM3\ARM_GCC_541\Debug\MQTTSubscribeClient.o
LOAD .\CortexM3\ARM_GCC_541\Debug\MQTTSubscribeServer.o
LOAD .\CortexM3\ARM_GCC_541\Debug\MQTTUnsubscribeClient.o
LOAD .\CortexM3\ARM_GCC_541\Debug\MQTTUnsubscribeServer.o
LOAD .\CortexM3\ARM_GCC_541\Debug\croutine.o
LOAD .\CortexM3\ARM_GCC_541\Debug\event_groups.o
LOAD .\CortexM3\ARM_GCC_541\Debug\list.o
LOAD .\CortexM3\ARM_GCC_541\Debug\queue.o
LOAD .\CortexM3\ARM_GCC_541\Debug\stream_buffer.o
LOAD .\CortexM3\ARM_GCC_541\Debug\tasks.o
LOAD .\CortexM3\ARM_GCC_541\Debug\timers.o
LOAD .\CortexM3\ARM_GCC_541\Debug\port.o
LOAD .\CortexM3\ARM_GCC_541\Debug\heap_2.o
LOAD .\CortexM3\ARM_GCC_541\Debug\main.o
LOAD .\CortexM3\ARM_GCC_541\Debug\cyfitter_cfg.o
LOAD .\CortexM3\ARM_GCC_541\Debug\cymetadata.o
LOAD .\CortexM3\ARM_GCC_541\Debug\Cm3Start.o
LOAD .\CortexM3\ARM_GCC_541\Debug\ZumoBot.a
LOAD C:\Program Files (x86)\Cypress\PSoC Creator\4.2\PSoC Creator\psoc\content\cycomponentlibrary\CyComponentLibrary.cylib\CortexM3\ARM_GCC_541\Debug\CyComponentLibrary.a
LOAD c:/program files (x86)/cypress/psoc creator/4.2/psoc creator/import/gnu/arm/5.4.1/bin/../lib/gcc/arm-none-eabi/5.4.1/../../../../arm-none-eabi/lib/armv7-m\libm.a
END GROUP
START GROUP
LOAD c:/program files (x86)/cypress/psoc creator/4.2/psoc creator/import/gnu/arm/5.4.1/bin/../lib/gcc/arm-none-eabi/5.4.1/armv7-m\libgcc.a
LOAD c:/program files (x86)/cypress/psoc creator/4.2/psoc creator/import/gnu/arm/5.4.1/bin/../lib/gcc/arm-none-eabi/5.4.1/../../../../arm-none-eabi/lib/armv7-m\libg.a
LOAD c:/program files (x86)/cypress/psoc creator/4.2/psoc creator/import/gnu/arm/5.4.1/bin/../lib/gcc/arm-none-eabi/5.4.1/../../../../arm-none-eabi/lib/armv7-m\libc.a
END GROUP
LOAD c:/program files (x86)/cypress/psoc creator/4.2/psoc creator/import/gnu/arm/5.4.1/bin/../lib/gcc/arm-none-eabi/5.4.1/armv7-m/crtend.o
LOAD c:/program files (x86)/cypress/psoc creator/4.2/psoc creator/import/gnu/arm/5.4.1/bin/../lib/gcc/arm-none-eabi/5.4.1/armv7-m/crtn.o
START GROUP
LOAD c:/program files (x86)/cypress/psoc creator/4.2/psoc creator/import/gnu/arm/5.4.1/bin/../lib/gcc/arm-none-eabi/5.4.1/armv7-m\libgcc.a
LOAD c:/program files (x86)/cypress/psoc creator/4.2/psoc creator/import/gnu/arm/5.4.1/bin/../lib/gcc/arm-none-eabi/5.4.1/../../../../arm-none-eabi/lib/armv7-m\libc.a
LOAD c:/program files (x86)/cypress/psoc creator/4.2/psoc creator/import/gnu/arm/5.4.1/bin/../lib/gcc/arm-none-eabi/5.4.1/../../../../arm-none-eabi/lib/armv7-m\libnosys.a
END GROUP
                0x00000000                CY_APPL_ORIGIN = 0x0
                0x00000100                CY_FLASH_ROW_SIZE = 0x100
                0x00000020                CY_ECC_ROW_SIZE = 0x20
                0x00000000                CY_EE_IN_BTLDR = 0x0
                0x00000000                CY_APPL_LOADABLE = 0x0
                0x00000800                CY_EE_SIZE = 0x800
                0x00000001                CY_APPL_NUM = 0x1
                0x00000001                CY_APPL_MAX = 0x1
                0x00000040                CY_METADATA_SIZE = 0x40
                0x00000000                CY_APPL_LOADABLE = 0x0
                0x00000000                CY_CHECKSUM_EXCLUDE_SIZE = ALIGN (0x0, CY_FLASH_ROW_SIZE)
                [!provide]                PROVIDE (__cy_heap_start, _end)
                0x00000001                PROVIDE (__cy_region_num, ((__cy_regions_end - __cy_regions) / 0x10))
                0x20008000                PROVIDE (__cy_stack, (ORIGIN (ram) + LENGTH (ram)))
                [!provide]                PROVIDE (__cy_heap_end, (__cy_stack - 0x800))

.cybootloader   0x00000000        0x0
 *(.cybootloader)
                0x00000000                appl1_start = CY_APPL_ORIGIN?CY_APPL_ORIGIN:ALIGN (CY_FLASH_ROW_SIZE)
                0x0001ff00                appl2_start = (appl1_start + ALIGN ((((LENGTH (rom) - appl1_start) - (0x2 * CY_FLASH_ROW_SIZE)) / 0x2), CY_FLASH_ROW_SIZE))
                0x00000000                appl_start = (CY_APPL_NUM == 0x1)?appl1_start:appl2_start
                0x00000000                ecc_offset = ((appl_start / CY_FLASH_ROW_SIZE) * CY_ECC_ROW_SIZE)
                0x00000000                ee_offset = (CY_APPL_LOADABLE && ! (CY_EE_IN_BTLDR))?((CY_EE_SIZE / CY_APPL_MAX) * (CY_APPL_NUM - 0x1)):0x0
                0x00000800                ee_size = (CY_APPL_LOADABLE && ! (CY_EE_IN_BTLDR))?(CY_EE_SIZE / CY_APPL_MAX):CY_EE_SIZE
                [!provide]                PROVIDE (CY_ECC_OFFSET, ecc_offset)

.text           0x00000000     0x4630
 CREATE_OBJECT_SYMBOLS
                0x00000000                PROVIDE (__cy_interrupt_vector, RomVectors)
 *(.romvectors)
 .romvectors    0x00000000       0x10 .\CortexM3\ARM_GCC_541\Debug\Cm3Start.o
                0x00000000                RomVectors
                0x00000001                ASSERT ((. != __cy_interrupt_vector), No interrupt vector)
                0x00000001                ASSERT (CY_APPL_ORIGIN?(SIZEOF (.cybootloader) <= CY_APPL_ORIGIN):0x1, Wrong image location)
                0x00000010                PROVIDE (__cy_reset, Reset)
 *(.text.Reset)
 .text.Reset    0x00000010       0x18 .\CortexM3\ARM_GCC_541\Debug\Cm3Start.o
                0x00000010                Reset
                0x00000001                ASSERT ((. != __cy_reset), No reset code)
 *(.dma_init)
                0x00000001                ASSERT ((((appl_start + .) <= 0x10000) || 0x1), DMA Init must be within the first 64k of flash)
 *(.text .text.* .gnu.linkonce.t.*)
 .text          0x00000028       0x5c c:/program files (x86)/cypress/psoc creator/4.2/psoc creator/import/gnu/arm/5.4.1/bin/../lib/gcc/arm-none-eabi/5.4.1/armv7-m/crtbegin.o
 .text.Beep     0x00000084       0x24 .\CortexM3\ARM_GCC_541\Debug\Beep.o
                0x00000084                Beep
 .text.motor_start
                0x000000a8        0x8 .\CortexM3\ARM_GCC_541\Debug\Motor.o
                0x000000a8                motor_start
 .text.motor_forward
                0x000000b0       0x28 .\CortexM3\ARM_GCC_541\Debug\Motor.o
                0x000000b0                motor_forward
 .text.motor_turn
                0x000000d8       0x18 .\CortexM3\ARM_GCC_541\Debug\Motor.o
                0x000000d8                motor_turn
 .text.motor_backward
                0x000000f0       0x28 .\CortexM3\ARM_GCC_541\Debug\Motor.o
                0x000000f0                motor_backward
 .text.RetargetInit
                0x00000118       0x14 .\CortexM3\ARM_GCC_541\Debug\Retarget.o
                0x00000118                RetargetInit
 .text._write   0x0000012c       0x34 .\CortexM3\ARM_GCC_541\Debug\Retarget.o
                0x0000012c                _write
 .text._read    0x00000160      0x10c .\CortexM3\ARM_GCC_541\Debug\Retarget.o
                0x00000160                _read
 .text.I2C_Write
                0x0000026c       0x30 .\CortexM3\ARM_GCC_541\Debug\I2C_Common.o
                0x0000026c                I2C_Write
 .text.I2C_Read_Multiple
                0x0000029c       0x48 .\CortexM3\ARM_GCC_541\Debug\I2C_Common.o
                0x0000029c                I2C_Read_Multiple
 .text.I2C_Read
                0x000002e4       0x18 .\CortexM3\ARM_GCC_541\Debug\I2C_Common.o
                0x000002e4                I2C_Read
 .text.LSM303D_Start
                0x000002fc       0x30 .\CortexM3\ARM_GCC_541\Debug\LSM303D.o
                0x000002fc                LSM303D_Start
 .text.LSM303D_Read_Acc
                0x0000032c       0x40 .\CortexM3\ARM_GCC_541\Debug\LSM303D.o
                0x0000032c                LSM303D_Read_Acc
 .text.DebugUartTaskInit
                0x0000036c       0x24 .\CortexM3\ARM_GCC_541\Debug\debug_uart.o
                0x0000036c                DebugUartTaskInit
 .text.start_zmain
                0x00000390       0x18 .\CortexM3\ARM_GCC_541\Debug\rtos_main.o
 .text.prvHardwareSetup
                0x000003a8       0x2c .\CortexM3\ARM_GCC_541\Debug\rtos_main.o
 .text.main     0x000003d4       0x40 .\CortexM3\ARM_GCC_541\Debug\rtos_main.o
                0x000003d4                main
 .text.vApplicationStackOverflowHook
                0x00000414       0x14 .\CortexM3\ARM_GCC_541\Debug\rtos_main.o
                0x00000414                vApplicationStackOverflowHook
 .text.vApplicationMallocFailedHook
                0x00000428       0x14 .\CortexM3\ARM_GCC_541\Debug\rtos_main.o
                0x00000428                vApplicationMallocFailedHook
 .text.MQTTSendTaskInit
                0x0000043c       0x24 .\CortexM3\ARM_GCC_541\Debug\mqtt_sender.o
                0x0000043c                MQTTSendTaskInit
 .text.vUart1RxISR
                0x00000460       0x5c .\CortexM3\ARM_GCC_541\Debug\serial1.o
                0x00000460                vUart1RxISR
 .text.vUart1TxISR
                0x000004bc       0x70 .\CortexM3\ARM_GCC_541\Debug\serial1.o
                0x000004bc                vUart1TxISR
 .text.vSerial1PortInitMinimal
                0x0000052c       0x58 .\CortexM3\ARM_GCC_541\Debug\serial1.o
                0x0000052c                vSerial1PortInitMinimal
 .text.xSerial1GetChar
                0x00000584       0x20 .\CortexM3\ARM_GCC_541\Debug\serial1.o
                0x00000584                xSerial1GetChar
 .text.xSerial1PutChar
                0x000005a4       0x3c .\CortexM3\ARM_GCC_541\Debug\serial1.o
                0x000005a4                xSerial1PutChar
 .text.vListInitialise
                0x000005e0       0x18 .\CortexM3\ARM_GCC_541\Debug\list.o
                0x000005e0                vListInitialise
 .text.vListInitialiseItem
                0x000005f8        0x8 .\CortexM3\ARM_GCC_541\Debug\list.o
                0x000005f8                vListInitialiseItem
 .text.vListInsertEnd
                0x00000600       0x18 .\CortexM3\ARM_GCC_541\Debug\list.o
                0x00000600                vListInsertEnd
 .text.vListInsert
                0x00000618       0x34 .\CortexM3\ARM_GCC_541\Debug\list.o
                0x00000618                vListInsert
 .text.uxListRemove
                0x0000064c       0x28 .\CortexM3\ARM_GCC_541\Debug\list.o
                0x0000064c                uxListRemove
 .text.prvGetDisinheritPriorityAfterTimeout
                0x00000674       0x14 .\CortexM3\ARM_GCC_541\Debug\queue.o
 .text.prvIsQueueFull
                0x00000688       0x20 .\CortexM3\ARM_GCC_541\Debug\queue.o
 .text.prvIsQueueEmpty
                0x000006a8       0x1c .\CortexM3\ARM_GCC_541\Debug\queue.o
 .text.prvCopyDataToQueue
                0x000006c4       0x78 .\CortexM3\ARM_GCC_541\Debug\queue.o
 .text.prvCopyDataFromQueue
                0x0000073c       0x24 .\CortexM3\ARM_GCC_541\Debug\queue.o
 .text.prvUnlockQueue
                0x00000760       0x68 .\CortexM3\ARM_GCC_541\Debug\queue.o
 .text.xQueueGenericReset
                0x000007c8       0x6c .\CortexM3\ARM_GCC_541\Debug\queue.o
                0x000007c8                xQueueGenericReset
 .text.prvInitialiseNewQueue
                0x00000834       0x24 .\CortexM3\ARM_GCC_541\Debug\queue.o
 .text.xQueueGenericCreate
                0x00000858       0x34 .\CortexM3\ARM_GCC_541\Debug\queue.o
                0x00000858                xQueueGenericCreate
 .text.xQueueGenericSend
                0x0000088c      0x108 .\CortexM3\ARM_GCC_541\Debug\queue.o
                0x0000088c                xQueueGenericSend
 .text.prvInitialiseMutex
                0x00000994       0x18 .\CortexM3\ARM_GCC_541\Debug\queue.o
 .text.xQueueCreateMutex
                0x000009ac       0x18 .\CortexM3\ARM_GCC_541\Debug\queue.o
                0x000009ac                xQueueCreateMutex
 .text.xQueueGenericSendFromISR
                0x000009c4       0x70 .\CortexM3\ARM_GCC_541\Debug\queue.o
                0x000009c4                xQueueGenericSendFromISR
 .text.xQueueReceive
                0x00000a34       0xf8 .\CortexM3\ARM_GCC_541\Debug\queue.o
                0x00000a34                xQueueReceive
 .text.xQueueSemaphoreTake
                0x00000b2c      0x128 .\CortexM3\ARM_GCC_541\Debug\queue.o
                0x00000b2c                xQueueSemaphoreTake
 .text.xQueueReceiveFromISR
                0x00000c54       0x74 .\CortexM3\ARM_GCC_541\Debug\queue.o
                0x00000c54                xQueueReceiveFromISR
 .text.prvResetNextTaskUnblockTime
                0x00000cc8       0x2c .\CortexM3\ARM_GCC_541\Debug\tasks.o
 .text.prvInitialiseNewTask
                0x00000cf4      0x100 .\CortexM3\ARM_GCC_541\Debug\tasks.o
 .text.prvInitialiseTaskLists
                0x00000df4       0x58 .\CortexM3\ARM_GCC_541\Debug\tasks.o
 .text.prvAddNewTaskToReadyList
                0x00000e4c       0xac .\CortexM3\ARM_GCC_541\Debug\tasks.o
 .text.prvDeleteTCB
                0x00000ef8       0x18 .\CortexM3\ARM_GCC_541\Debug\tasks.o
 .text.prvCheckTasksWaitingTermination
                0x00000f10       0x44 .\CortexM3\ARM_GCC_541\Debug\tasks.o
 .text.prvIdleTask
                0x00000f54        0x8 .\CortexM3\ARM_GCC_541\Debug\tasks.o
 .text.prvAddCurrentTaskToDelayedList
                0x00000f5c       0x84 .\CortexM3\ARM_GCC_541\Debug\tasks.o
 .text.xTaskCreate
                0x00000fe0       0x64 .\CortexM3\ARM_GCC_541\Debug\tasks.o
                0x00000fe0                xTaskCreate
 .text.vTaskStartScheduler
                0x00001044       0x6c .\CortexM3\ARM_GCC_541\Debug\tasks.o
                0x00001044                vTaskStartScheduler
 .text.vTaskSuspendAll
                0x000010b0       0x14 .\CortexM3\ARM_GCC_541\Debug\tasks.o
                0x000010b0                vTaskSuspendAll
 .text.xTaskIncrementTick
                0x000010c4      0x108 .\CortexM3\ARM_GCC_541\Debug\tasks.o
                0x000010c4                xTaskIncrementTick
 .text.xTaskResumeAll
                0x000011cc       0xd8 .\CortexM3\ARM_GCC_541\Debug\tasks.o
                0x000011cc                xTaskResumeAll
 .text.vTaskDelay
                0x000012a4       0x34 .\CortexM3\ARM_GCC_541\Debug\tasks.o
                0x000012a4                vTaskDelay
 .text.vTaskSwitchContext
                0x000012d8       0xd4 .\CortexM3\ARM_GCC_541\Debug\tasks.o
                0x000012d8                vTaskSwitchContext
 .text.vTaskSuspend
                0x000013ac       0xc0 .\CortexM3\ARM_GCC_541\Debug\tasks.o
                0x000013ac                vTaskSuspend
 .text.vTaskPlaceOnEventList
                0x0000146c       0x20 .\CortexM3\ARM_GCC_541\Debug\tasks.o
                0x0000146c                vTaskPlaceOnEventList
 .text.xTaskRemoveFromEventList
                0x0000148c       0x74 .\CortexM3\ARM_GCC_541\Debug\tasks.o
                0x0000148c                xTaskRemoveFromEventList
 .text.vTaskInternalSetTimeOutState
                0x00001500       0x14 .\CortexM3\ARM_GCC_541\Debug\tasks.o
                0x00001500                vTaskInternalSetTimeOutState
 .text.xTaskCheckForTimeOut
                0x00001514       0x58 .\CortexM3\ARM_GCC_541\Debug\tasks.o
                0x00001514                xTaskCheckForTimeOut
 .text.vTaskMissedYield
                0x0000156c       0x10 .\CortexM3\ARM_GCC_541\Debug\tasks.o
                0x0000156c                vTaskMissedYield
 .text.xTaskPriorityInherit
                0x0000157c       0xd0 .\CortexM3\ARM_GCC_541\Debug\tasks.o
                0x0000157c                xTaskPriorityInherit
 .text.xTaskPriorityDisinherit
                0x0000164c       0x88 .\CortexM3\ARM_GCC_541\Debug\tasks.o
                0x0000164c                xTaskPriorityDisinherit
 .text.vTaskPriorityDisinheritAfterTimeout
                0x000016d4       0xa0 .\CortexM3\ARM_GCC_541\Debug\tasks.o
                0x000016d4                vTaskPriorityDisinheritAfterTimeout
 .text.pvTaskIncrementMutexHeldCount
                0x00001774       0x20 .\CortexM3\ARM_GCC_541\Debug\tasks.o
                0x00001774                pvTaskIncrementMutexHeldCount
 .text.prvTaskExitError
                0x00001794       0x20 .\CortexM3\ARM_GCC_541\Debug\port.o
 .text.prvPortStartFirstTask
                0x000017b4       0x20 .\CortexM3\ARM_GCC_541\Debug\port.o
 .text.pxPortInitialiseStack
                0x000017d4       0x24 .\CortexM3\ARM_GCC_541\Debug\port.o
                0x000017d4                pxPortInitialiseStack
 *fill*         0x000017f8        0x8 
 .text.vPortSVCHandler
                0x00001800       0x24 .\CortexM3\ARM_GCC_541\Debug\port.o
                0x00001800                vPortSVCHandler
 .text.vPortEnterCritical
                0x00001824       0x20 .\CortexM3\ARM_GCC_541\Debug\port.o
                0x00001824                vPortEnterCritical
 .text.vPortExitCritical
                0x00001844       0x14 .\CortexM3\ARM_GCC_541\Debug\port.o
                0x00001844                vPortExitCritical
 *fill*         0x00001858        0x8 
 .text.xPortPendSVHandler
                0x00001860       0x44 .\CortexM3\ARM_GCC_541\Debug\port.o
                0x00001860                xPortPendSVHandler
 .text.xPortSysTickHandler
                0x000018a4       0x2c .\CortexM3\ARM_GCC_541\Debug\port.o
                0x000018a4                xPortSysTickHandler
 .text.vPortSetupTimerInterrupt
                0x000018d0       0x24 .\CortexM3\ARM_GCC_541\Debug\port.o
                0x000018d0                vPortSetupTimerInterrupt
 .text.xPortStartScheduler
                0x000018f4       0x38 .\CortexM3\ARM_GCC_541\Debug\port.o
                0x000018f4                xPortStartScheduler
 .text.prvHeapInit
                0x0000192c       0x30 .\CortexM3\ARM_GCC_541\Debug\heap_2.o
 .text.pvPortMalloc
                0x0000195c       0xb4 .\CortexM3\ARM_GCC_541\Debug\heap_2.o
                0x0000195c                pvPortMalloc
 .text.vPortFree
                0x00001a10       0x44 .\CortexM3\ARM_GCC_541\Debug\heap_2.o
                0x00001a10                vPortFree
 .text.readAcc  0x00001a54       0x24 .\CortexM3\ARM_GCC_541\Debug\main.o
                0x00001a54                readAcc
 .text.bumperCar
                0x00001a78       0xb4 .\CortexM3\ARM_GCC_541\Debug\main.o
                0x00001a78                bumperCar
 .text.zmain    0x00001b2c       0x20 .\CortexM3\ARM_GCC_541\Debug\main.o
                0x00001b2c                zmain
 .text.CyClockStartupError
                0x00001b4c        0x4 .\CortexM3\ARM_GCC_541\Debug\cyfitter_cfg.o
 .text.cfg_write_bytes32
                0x00001b50       0x34 .\CortexM3\ARM_GCC_541\Debug\cyfitter_cfg.o
 .text.CYMEMZERO
                0x00001b84        0xc .\CortexM3\ARM_GCC_541\Debug\cyfitter_cfg.o
 .text.AnalogSetDefault
                0x00001b90       0x80 .\CortexM3\ARM_GCC_541\Debug\cyfitter_cfg.o
 .text.CYCONFIGCPY
                0x00001c10        0x8 .\CortexM3\ARM_GCC_541\Debug\cyfitter_cfg.o
 .text.ClockSetup
                0x00001c18      0x16c .\CortexM3\ARM_GCC_541\Debug\cyfitter_cfg.o
 .text.cyfitter_cfg
                0x00001d84      0x148 .\CortexM3\ARM_GCC_541\Debug\cyfitter_cfg.o
                0x00001d84                cyfitter_cfg
 .text.IntDefaultHandler
                0x00001ecc       0x10 .\CortexM3\ARM_GCC_541\Debug\Cm3Start.o
                0x00001ecc                IntDefaultHandler
 .text._sbrk    0x00001edc       0x30 .\CortexM3\ARM_GCC_541\Debug\Cm3Start.o
                0x00001edc                _sbrk
 .text.Start_c  0x00001f0c       0x4c .\CortexM3\ARM_GCC_541\Debug\Cm3Start.o
                0x00001f0c                Start_c
 .text.initialize_psoc
                0x00001f58       0x68 .\CortexM3\ARM_GCC_541\Debug\Cm3Start.o
                0x00001f58                initialize_psoc
 .text.PWM_Enable
                0x00001fc0       0x10 .\CortexM3\ARM_GCC_541\Debug\ZumoBot.a(PWM.o)
                0x00001fc0                PWM_Enable
 .text.PWM_WriteCounter
                0x00001fd0        0xc .\CortexM3\ARM_GCC_541\Debug\ZumoBot.a(PWM.o)
                0x00001fd0                PWM_WriteCounter
 .text.PWM_WritePeriod
                0x00001fdc        0xc .\CortexM3\ARM_GCC_541\Debug\ZumoBot.a(PWM.o)
                0x00001fdc                PWM_WritePeriod
 .text.PWM_WriteCompare1
                0x00001fe8        0xc .\CortexM3\ARM_GCC_541\Debug\ZumoBot.a(PWM.o)
                0x00001fe8                PWM_WriteCompare1
 .text.PWM_WriteCompare2
                0x00001ff4        0xc .\CortexM3\ARM_GCC_541\Debug\ZumoBot.a(PWM.o)
                0x00001ff4                PWM_WriteCompare2
 .text.PWM_SetInterruptMode
                0x00002000        0xc .\CortexM3\ARM_GCC_541\Debug\ZumoBot.a(PWM.o)
                0x00002000                PWM_SetInterruptMode
 .text.PWM_ReadStatusRegister
                0x0000200c        0xc .\CortexM3\ARM_GCC_541\Debug\ZumoBot.a(PWM.o)
                0x0000200c                PWM_ReadStatusRegister
 .text.PWM_ReadCapture
                0x00002018        0xc .\CortexM3\ARM_GCC_541\Debug\ZumoBot.a(PWM.o)
                0x00002018                PWM_ReadCapture
 .text.PWM_ClearFIFO
                0x00002024       0x14 .\CortexM3\ARM_GCC_541\Debug\ZumoBot.a(PWM.o)
                0x00002024                PWM_ClearFIFO
 .text.PWM_Init
                0x00002038       0x5c .\CortexM3\ARM_GCC_541\Debug\ZumoBot.a(PWM.o)
                0x00002038                PWM_Init
 .text.PWM_Start
                0x00002094       0x1c .\CortexM3\ARM_GCC_541\Debug\ZumoBot.a(PWM.o)
                0x00002094                PWM_Start
 .text.I2C_Init
                0x000020b0       0x68 .\CortexM3\ARM_GCC_541\Debug\ZumoBot.a(I2C.o)
                0x000020b0                I2C_Init
 .text.I2C_Enable
                0x00002118       0x24 .\CortexM3\ARM_GCC_541\Debug\ZumoBot.a(I2C.o)
                0x00002118                I2C_Enable
 .text.I2C_Start
                0x0000213c       0x28 .\CortexM3\ARM_GCC_541\Debug\ZumoBot.a(I2C.o)
                0x0000213c                I2C_Start
 .text.I2C_ISR  0x00002164      0x2d0 .\CortexM3\ARM_GCC_541\Debug\ZumoBot.a(I2C_INT.o)
                0x00002164                I2C_ISR
 .text.I2C_MasterWriteBuf
                0x00002434       0xcc .\CortexM3\ARM_GCC_541\Debug\ZumoBot.a(I2C_MASTER.o)
                0x00002434                I2C_MasterWriteBuf
 .text.I2C_MasterReadBuf
                0x00002500       0xd0 .\CortexM3\ARM_GCC_541\Debug\ZumoBot.a(I2C_MASTER.o)
                0x00002500                I2C_MasterReadBuf
 .text.I2C_MasterStatus
                0x000025d0       0x38 .\CortexM3\ARM_GCC_541\Debug\ZumoBot.a(I2C_MASTER.o)
                0x000025d0                I2C_MasterStatus
 .text.I2C_MasterClearStatus
                0x00002608       0x24 .\CortexM3\ARM_GCC_541\Debug\ZumoBot.a(I2C_MASTER.o)
                0x00002608                I2C_MasterClearStatus
 .text.UART_1_Init
                0x0000262c       0x24 .\CortexM3\ARM_GCC_541\Debug\ZumoBot.a(UART_1.o)
                0x0000262c                UART_1_Init
 .text.UART_1_Enable
                0x00002650       0x38 .\CortexM3\ARM_GCC_541\Debug\ZumoBot.a(UART_1.o)
                0x00002650                UART_1_Enable
 .text.UART_1_Start
                0x00002688       0x1c .\CortexM3\ARM_GCC_541\Debug\ZumoBot.a(UART_1.o)
                0x00002688                UART_1_Start
 .text.UART_1_ReadRxData
                0x000026a4        0xc .\CortexM3\ARM_GCC_541\Debug\ZumoBot.a(UART_1.o)
                0x000026a4                UART_1_ReadRxData
 .text.UART_1_ReadRxStatus
                0x000026b0       0x10 .\CortexM3\ARM_GCC_541\Debug\ZumoBot.a(UART_1.o)
                0x000026b0                UART_1_ReadRxStatus
 .text.UART_1_SetTxInterruptMode
                0x000026c0        0xc .\CortexM3\ARM_GCC_541\Debug\ZumoBot.a(UART_1.o)
                0x000026c0                UART_1_SetTxInterruptMode
 .text.UART_1_ReadTxStatus
                0x000026cc        0xc .\CortexM3\ARM_GCC_541\Debug\ZumoBot.a(UART_1.o)
                0x000026cc                UART_1_ReadTxStatus
 .text.UART_1_PutChar
                0x000026d8       0x18 .\CortexM3\ARM_GCC_541\Debug\ZumoBot.a(UART_1.o)
                0x000026d8                UART_1_PutChar
 .text.MotorDirLeft_Write
                0x000026f0       0x18 .\CortexM3\ARM_GCC_541\Debug\ZumoBot.a(MotorDirLeft.o)
                0x000026f0                MotorDirLeft_Write
 .text.MotorDirRight_Write
                0x00002708       0x18 .\CortexM3\ARM_GCC_541\Debug\ZumoBot.a(MotorDirRight.o)
                0x00002708                MotorDirRight_Write
 .text.Buzzer_PWM_Enable
                0x00002720       0x10 .\CortexM3\ARM_GCC_541\Debug\ZumoBot.a(Buzzer_PWM.o)
                0x00002720                Buzzer_PWM_Enable
 .text.Buzzer_PWM_Stop
                0x00002730       0x10 .\CortexM3\ARM_GCC_541\Debug\ZumoBot.a(Buzzer_PWM.o)
                0x00002730                Buzzer_PWM_Stop
 .text.Buzzer_PWM_WriteCounter
                0x00002740        0xc .\CortexM3\ARM_GCC_541\Debug\ZumoBot.a(Buzzer_PWM.o)
                0x00002740                Buzzer_PWM_WriteCounter
 .text.Buzzer_PWM_WritePeriod
                0x0000274c        0xc .\CortexM3\ARM_GCC_541\Debug\ZumoBot.a(Buzzer_PWM.o)
                0x0000274c                Buzzer_PWM_WritePeriod
 .text.Buzzer_PWM_WriteCompare
                0x00002758        0xc .\CortexM3\ARM_GCC_541\Debug\ZumoBot.a(Buzzer_PWM.o)
                0x00002758                Buzzer_PWM_WriteCompare
 .text.Buzzer_PWM_Init
                0x00002764       0x34 .\CortexM3\ARM_GCC_541\Debug\ZumoBot.a(Buzzer_PWM.o)
                0x00002764                Buzzer_PWM_Init
 .text.Buzzer_PWM_Start
                0x00002798       0x1c .\CortexM3\ARM_GCC_541\Debug\ZumoBot.a(Buzzer_PWM.o)
                0x00002798                Buzzer_PWM_Start
 .text.UART_2_Init
                0x000027b4       0x28 .\CortexM3\ARM_GCC_541\Debug\ZumoBot.a(UART_2.o)
                0x000027b4                UART_2_Init
 .text.UART_2_Enable
                0x000027dc       0x38 .\CortexM3\ARM_GCC_541\Debug\ZumoBot.a(UART_2.o)
                0x000027dc                UART_2_Enable
 .text.UART_2_Start
                0x00002814       0x1c .\CortexM3\ARM_GCC_541\Debug\ZumoBot.a(UART_2.o)
                0x00002814                UART_2_Start
 .text.StatisticsCounter_Enable
                0x00002830       0x10 .\CortexM3\ARM_GCC_541\Debug\ZumoBot.a(StatisticsCounter.o)
                0x00002830                StatisticsCounter_Enable
 .text.StatisticsCounter_SetInterruptMode
                0x00002840        0xc .\CortexM3\ARM_GCC_541\Debug\ZumoBot.a(StatisticsCounter.o)
                0x00002840                StatisticsCounter_SetInterruptMode
 .text.StatisticsCounter_ReadStatusRegister
                0x0000284c        0xc .\CortexM3\ARM_GCC_541\Debug\ZumoBot.a(StatisticsCounter.o)
                0x0000284c                StatisticsCounter_ReadStatusRegister
 .text.StatisticsCounter_WriteCounter
                0x00002858        0xc .\CortexM3\ARM_GCC_541\Debug\ZumoBot.a(StatisticsCounter.o)
                0x00002858                StatisticsCounter_WriteCounter
 .text.StatisticsCounter_ReadCounter
                0x00002864       0x14 .\CortexM3\ARM_GCC_541\Debug\ZumoBot.a(StatisticsCounter.o)
                0x00002864                StatisticsCounter_ReadCounter
 .text.StatisticsCounter_ReadCapture
                0x00002878        0xc .\CortexM3\ARM_GCC_541\Debug\ZumoBot.a(StatisticsCounter.o)
                0x00002878                StatisticsCounter_ReadCapture
 .text.StatisticsCounter_WritePeriod
                0x00002884        0xc .\CortexM3\ARM_GCC_541\Debug\ZumoBot.a(StatisticsCounter.o)
                0x00002884                StatisticsCounter_WritePeriod
 .text.StatisticsCounter_WriteCompare
                0x00002890        0xc .\CortexM3\ARM_GCC_541\Debug\ZumoBot.a(StatisticsCounter.o)
                0x00002890                StatisticsCounter_WriteCompare
 .text.StatisticsCounter_ClearFIFO
                0x0000289c       0x14 .\CortexM3\ARM_GCC_541\Debug\ZumoBot.a(StatisticsCounter.o)
                0x0000289c                StatisticsCounter_ClearFIFO
 .text.StatisticsCounter_Init
                0x000028b0       0x54 .\CortexM3\ARM_GCC_541\Debug\ZumoBot.a(StatisticsCounter.o)
                0x000028b0                StatisticsCounter_Init
 .text.StatisticsCounter_Start
                0x00002904       0x1c .\CortexM3\ARM_GCC_541\Debug\ZumoBot.a(StatisticsCounter.o)
                0x00002904                StatisticsCounter_Start
 .text.isr_U1_TX_SetVector
                0x00002920        0xc .\CortexM3\ARM_GCC_541\Debug\ZumoBot.a(isr_U1_TX.o)
                0x00002920                isr_U1_TX_SetVector
 .text.isr_U1_TX_SetPriority
                0x0000292c       0x10 .\CortexM3\ARM_GCC_541\Debug\ZumoBot.a(isr_U1_TX.o)
                0x0000292c                isr_U1_TX_SetPriority
 .text.isr_U1_TX_Enable
                0x0000293c        0xc .\CortexM3\ARM_GCC_541\Debug\ZumoBot.a(isr_U1_TX.o)
                0x0000293c                isr_U1_TX_Enable
 .text.isr_U1_TX_Disable
                0x00002948        0xc .\CortexM3\ARM_GCC_541\Debug\ZumoBot.a(isr_U1_TX.o)
                0x00002948                isr_U1_TX_Disable
 .text.isr_U1_TX_StartEx
                0x00002954       0x1c .\CortexM3\ARM_GCC_541\Debug\ZumoBot.a(isr_U1_TX.o)
                0x00002954                isr_U1_TX_StartEx
 .text.isr_U1_TX_ClearPending
                0x00002970        0xc .\CortexM3\ARM_GCC_541\Debug\ZumoBot.a(isr_U1_TX.o)
                0x00002970                isr_U1_TX_ClearPending
 .text.isr_U1_RX_SetVector
                0x0000297c        0xc .\CortexM3\ARM_GCC_541\Debug\ZumoBot.a(isr_U1_RX.o)
                0x0000297c                isr_U1_RX_SetVector
 .text.isr_U1_RX_SetPriority
                0x00002988       0x10 .\CortexM3\ARM_GCC_541\Debug\ZumoBot.a(isr_U1_RX.o)
                0x00002988                isr_U1_RX_SetPriority
 .text.isr_U1_RX_Enable
                0x00002998        0xc .\CortexM3\ARM_GCC_541\Debug\ZumoBot.a(isr_U1_RX.o)
                0x00002998                isr_U1_RX_Enable
 .text.isr_U1_RX_Disable
                0x000029a4        0xc .\CortexM3\ARM_GCC_541\Debug\ZumoBot.a(isr_U1_RX.o)
                0x000029a4                isr_U1_RX_Disable
 .text.isr_U1_RX_StartEx
                0x000029b0       0x1c .\CortexM3\ARM_GCC_541\Debug\ZumoBot.a(isr_U1_RX.o)
                0x000029b0                isr_U1_RX_StartEx
 .text.isr_U1_RX_ClearPending
                0x000029cc        0xc .\CortexM3\ARM_GCC_541\Debug\ZumoBot.a(isr_U1_RX.o)
                0x000029cc                isr_U1_RX_ClearPending
 .text.UART_1_IntClock_Start
                0x000029d8       0x1c .\CortexM3\ARM_GCC_541\Debug\ZumoBot.a(UART_1_IntClock.o)
                0x000029d8                UART_1_IntClock_Start
 .text.UART_2_IntClock_Start
                0x000029f4       0x1c .\CortexM3\ARM_GCC_541\Debug\ZumoBot.a(UART_2_IntClock.o)
                0x000029f4                UART_2_IntClock_Start
 .text.CyHalt   0x00002a10        0x4 .\CortexM3\ARM_GCC_541\Debug\ZumoBot.a(CyLib.o)
                0x00002a10                CyHalt
 .text.CyDelayUs
                0x00002a14       0x14 .\CortexM3\ARM_GCC_541\Debug\ZumoBot.a(CyLib.o)
                0x00002a14                CyDelayUs
 .text.CyIntSetVector
                0x00002a28       0x28 .\CortexM3\ARM_GCC_541\Debug\ZumoBot.a(CyLib.o)
                0x00002a28                CyIntSetVector
 .text.CyIntSetPriority
                0x00002a50       0x30 .\CortexM3\ARM_GCC_541\Debug\ZumoBot.a(CyLib.o)
                0x00002a50                CyIntSetPriority
 .text          0x00002a80       0x20 .\CortexM3\ARM_GCC_541\Debug\ZumoBot.a(CyBootAsmGnu.o)
                0x00002a80                CyDelayCycles
                0x00002a90                CyEnterCriticalSection
                0x00002a98                CyExitCriticalSection
 .text.__errno  0x00002aa0        0xc c:/program files (x86)/cypress/psoc creator/4.2/psoc creator/import/gnu/arm/5.4.1/bin/../lib/gcc/arm-none-eabi/5.4.1/../../../../arm-none-eabi/lib/armv7-m\libg.a(lib_a-errno.o)
                0x00002aa0                __errno
 .text.__sflush_r
                0x00002aac      0x148 c:/program files (x86)/cypress/psoc creator/4.2/psoc creator/import/gnu/arm/5.4.1/bin/../lib/gcc/arm-none-eabi/5.4.1/../../../../arm-none-eabi/lib/armv7-m\libg.a(lib_a-fflush.o)
                0x00002aac                __sflush_r
 .text._fflush_r
                0x00002bf4       0x2c c:/program files (x86)/cypress/psoc creator/4.2/psoc creator/import/gnu/arm/5.4.1/bin/../lib/gcc/arm-none-eabi/5.4.1/../../../../arm-none-eabi/lib/armv7-m\libg.a(lib_a-fflush.o)
                0x00002bf4                _fflush_r
 .text.fflush   0x00002c20       0x24 c:/program files (x86)/cypress/psoc creator/4.2/psoc creator/import/gnu/arm/5.4.1/bin/../lib/gcc/arm-none-eabi/5.4.1/../../../../arm-none-eabi/lib/armv7-m\libg.a(lib_a-fflush.o)
                0x00002c20                fflush
 .text._cleanup_r
                0x00002c44        0xc c:/program files (x86)/cypress/psoc creator/4.2/psoc creator/import/gnu/arm/5.4.1/bin/../lib/gcc/arm-none-eabi/5.4.1/../../../../arm-none-eabi/lib/armv7-m\libg.a(lib_a-findfp.o)
                0x00002c44                _cleanup_r
 .text.__sinit.part.1
                0x00002c50       0xf0 c:/program files (x86)/cypress/psoc creator/4.2/psoc creator/import/gnu/arm/5.4.1/bin/../lib/gcc/arm-none-eabi/5.4.1/../../../../arm-none-eabi/lib/armv7-m\libg.a(lib_a-findfp.o)
 .text.__sinit  0x00002d40        0xc c:/program files (x86)/cypress/psoc creator/4.2/psoc creator/import/gnu/arm/5.4.1/bin/../lib/gcc/arm-none-eabi/5.4.1/../../../../arm-none-eabi/lib/armv7-m\libg.a(lib_a-findfp.o)
                0x00002d40                __sinit
 .text.__sfp_lock_acquire
                0x00002d4c        0x4 c:/program files (x86)/cypress/psoc creator/4.2/psoc creator/import/gnu/arm/5.4.1/bin/../lib/gcc/arm-none-eabi/5.4.1/../../../../arm-none-eabi/lib/armv7-m\libg.a(lib_a-findfp.o)
                0x00002d4c                __sfp_lock_acquire
 .text.__sfp_lock_release
                0x00002d50        0x4 c:/program files (x86)/cypress/psoc creator/4.2/psoc creator/import/gnu/arm/5.4.1/bin/../lib/gcc/arm-none-eabi/5.4.1/../../../../arm-none-eabi/lib/armv7-m\libg.a(lib_a-findfp.o)
                0x00002d50                __sfp_lock_release
 .text._malloc_trim_r
                0x00002d54       0x9c c:/program files (x86)/cypress/psoc creator/4.2/psoc creator/import/gnu/arm/5.4.1/bin/../lib/gcc/arm-none-eabi/5.4.1/../../../../arm-none-eabi/lib/armv7-m\libg.a(lib_a-freer.o)
                0x00002d54                _malloc_trim_r
 .text._free_r  0x00002df0      0x1d0 c:/program files (x86)/cypress/psoc creator/4.2/psoc creator/import/gnu/arm/5.4.1/bin/../lib/gcc/arm-none-eabi/5.4.1/../../../../arm-none-eabi/lib/armv7-m\libg.a(lib_a-freer.o)
                0x00002df0                _free_r
 .text._fwalk_reent
                0x00002fc0       0x50 c:/program files (x86)/cypress/psoc creator/4.2/psoc creator/import/gnu/arm/5.4.1/bin/../lib/gcc/arm-none-eabi/5.4.1/../../../../arm-none-eabi/lib/armv7-m\libg.a(lib_a-fwalk.o)
                0x00002fc0                _fwalk_reent
 .text.__libc_init_array
                0x00003010       0x50 c:/program files (x86)/cypress/psoc creator/4.2/psoc creator/import/gnu/arm/5.4.1/bin/../lib/gcc/arm-none-eabi/5.4.1/../../../../arm-none-eabi/lib/armv7-m\libg.a(lib_a-init.o)
                0x00003010                __libc_init_array
 .text._malloc_r
                0x00003060      0x558 c:/program files (x86)/cypress/psoc creator/4.2/psoc creator/import/gnu/arm/5.4.1/bin/../lib/gcc/arm-none-eabi/5.4.1/../../../../arm-none-eabi/lib/armv7-m\libg.a(lib_a-mallocr.o)
                0x00003060                _malloc_r
 .text          0x000035b8       0xec c:/program files (x86)/cypress/psoc creator/4.2/psoc creator/import/gnu/arm/5.4.1/bin/../lib/gcc/arm-none-eabi/5.4.1/../../../../arm-none-eabi/lib/armv7-m\libg.a(lib_a-memcpy.o)
                0x000035b8                memcpy
 .text.memmove  0x000036a4       0xc8 c:/program files (x86)/cypress/psoc creator/4.2/psoc creator/import/gnu/arm/5.4.1/bin/../lib/gcc/arm-none-eabi/5.4.1/../../../../arm-none-eabi/lib/armv7-m\libg.a(lib_a-memmove.o)
                0x000036a4                memmove
 .text.memset   0x0000376c       0x9c c:/program files (x86)/cypress/psoc creator/4.2/psoc creator/import/gnu/arm/5.4.1/bin/../lib/gcc/arm-none-eabi/5.4.1/../../../../arm-none-eabi/lib/armv7-m\libg.a(lib_a-memset.o)
                0x0000376c                memset
 .text.__malloc_lock
                0x00003808        0x4 c:/program files (x86)/cypress/psoc creator/4.2/psoc creator/import/gnu/arm/5.4.1/bin/../lib/gcc/arm-none-eabi/5.4.1/../../../../arm-none-eabi/lib/armv7-m\libg.a(lib_a-mlock.o)
                0x00003808                __malloc_lock
 .text.__malloc_unlock
                0x0000380c        0x4 c:/program files (x86)/cypress/psoc creator/4.2/psoc creator/import/gnu/arm/5.4.1/bin/../lib/gcc/arm-none-eabi/5.4.1/../../../../arm-none-eabi/lib/armv7-m\libg.a(lib_a-mlock.o)
                0x0000380c                __malloc_unlock
 .text._puts_r  0x00003810       0x68 c:/program files (x86)/cypress/psoc creator/4.2/psoc creator/import/gnu/arm/5.4.1/bin/../lib/gcc/arm-none-eabi/5.4.1/../../../../arm-none-eabi/lib/armv7-m\libg.a(lib_a-puts.o)
                0x00003810                _puts_r
 .text.puts     0x00003878       0x10 c:/program files (x86)/cypress/psoc creator/4.2/psoc creator/import/gnu/arm/5.4.1/bin/../lib/gcc/arm-none-eabi/5.4.1/../../../../arm-none-eabi/lib/armv7-m\libg.a(lib_a-puts.o)
                0x00003878                puts
 .text.rand     0x00003888       0x40 c:/program files (x86)/cypress/psoc creator/4.2/psoc creator/import/gnu/arm/5.4.1/bin/../lib/gcc/arm-none-eabi/5.4.1/../../../../arm-none-eabi/lib/armv7-m\libg.a(lib_a-rand.o)
                0x00003888                rand
 .text.cleanup_glue
                0x000038c8       0x1c c:/program files (x86)/cypress/psoc creator/4.2/psoc creator/import/gnu/arm/5.4.1/bin/../lib/gcc/arm-none-eabi/5.4.1/../../../../arm-none-eabi/lib/armv7-m\libg.a(lib_a-reent.o)
                0x000038c8                cleanup_glue
 .text._reclaim_reent
                0x000038e4       0x88 c:/program files (x86)/cypress/psoc creator/4.2/psoc creator/import/gnu/arm/5.4.1/bin/../lib/gcc/arm-none-eabi/5.4.1/../../../../arm-none-eabi/lib/armv7-m\libg.a(lib_a-reent.o)
                0x000038e4                _reclaim_reent
 .text._sbrk_r  0x0000396c       0x24 c:/program files (x86)/cypress/psoc creator/4.2/psoc creator/import/gnu/arm/5.4.1/bin/../lib/gcc/arm-none-eabi/5.4.1/../../../../arm-none-eabi/lib/armv7-m\libg.a(lib_a-sbrkr.o)
                0x0000396c                _sbrk_r
 .text.__sread  0x00003990       0x24 c:/program files (x86)/cypress/psoc creator/4.2/psoc creator/import/gnu/arm/5.4.1/bin/../lib/gcc/arm-none-eabi/5.4.1/../../../../arm-none-eabi/lib/armv7-m\libg.a(lib_a-stdio.o)
                0x00003990                __sread
 .text.__swrite
                0x000039b4       0x3c c:/program files (x86)/cypress/psoc creator/4.2/psoc creator/import/gnu/arm/5.4.1/bin/../lib/gcc/arm-none-eabi/5.4.1/../../../../arm-none-eabi/lib/armv7-m\libg.a(lib_a-stdio.o)
                0x000039b4                __swrite
 .text.__sseek  0x000039f0       0x20 c:/program files (x86)/cypress/psoc creator/4.2/psoc creator/import/gnu/arm/5.4.1/bin/../lib/gcc/arm-none-eabi/5.4.1/../../../../arm-none-eabi/lib/armv7-m\libg.a(lib_a-stdio.o)
                0x000039f0                __sseek
 .text.__sclose
                0x00003a10        0x8 c:/program files (x86)/cypress/psoc creator/4.2/psoc creator/import/gnu/arm/5.4.1/bin/../lib/gcc/arm-none-eabi/5.4.1/../../../../arm-none-eabi/lib/armv7-m\libg.a(lib_a-stdio.o)
                0x00003a10                __sclose
 .text.strlen   0x00003a18       0x5c c:/program files (x86)/cypress/psoc creator/4.2/psoc creator/import/gnu/arm/5.4.1/bin/../lib/gcc/arm-none-eabi/5.4.1/../../../../arm-none-eabi/lib/armv7-m\libg.a(lib_a-strlen-stub.o)
                0x00003a18                strlen
 .text._write_r
                0x00003a74       0x2c c:/program files (x86)/cypress/psoc creator/4.2/psoc creator/import/gnu/arm/5.4.1/bin/../lib/gcc/arm-none-eabi/5.4.1/../../../../arm-none-eabi/lib/armv7-m\libg.a(lib_a-writer.o)
                0x00003a74                _write_r
 .text.__swsetup_r
                0x00003aa0       0xc8 c:/program files (x86)/cypress/psoc creator/4.2/psoc creator/import/gnu/arm/5.4.1/bin/../lib/gcc/arm-none-eabi/5.4.1/../../../../arm-none-eabi/lib/armv7-m\libg.a(lib_a-wsetup.o)
                0x00003aa0                __swsetup_r
 .text.startup.register_fini
                0x00003b68       0x14 c:/program files (x86)/cypress/psoc creator/4.2/psoc creator/import/gnu/arm/5.4.1/bin/../lib/gcc/arm-none-eabi/5.4.1/../../../../arm-none-eabi/lib/armv7-m\libg.a(lib_a-__call_atexit.o)
 .text.atexit   0x00003b7c        0xc c:/program files (x86)/cypress/psoc creator/4.2/psoc creator/import/gnu/arm/5.4.1/bin/../lib/gcc/arm-none-eabi/5.4.1/../../../../arm-none-eabi/lib/armv7-m\libg.a(lib_a-atexit.o)
                0x00003b7c                atexit
 .text._close_r
                0x00003b88       0x24 c:/program files (x86)/cypress/psoc creator/4.2/psoc creator/import/gnu/arm/5.4.1/bin/../lib/gcc/arm-none-eabi/5.4.1/../../../../arm-none-eabi/lib/armv7-m\libg.a(lib_a-closer.o)
                0x00003b88                _close_r
 .text._fclose_r
                0x00003bac       0x84 c:/program files (x86)/cypress/psoc creator/4.2/psoc creator/import/gnu/arm/5.4.1/bin/../lib/gcc/arm-none-eabi/5.4.1/../../../../arm-none-eabi/lib/armv7-m\libg.a(lib_a-fclose.o)
                0x00003bac                _fclose_r
 .text.__libc_fini_array
                0x00003c30       0x28 c:/program files (x86)/cypress/psoc creator/4.2/psoc creator/import/gnu/arm/5.4.1/bin/../lib/gcc/arm-none-eabi/5.4.1/../../../../arm-none-eabi/lib/armv7-m\libg.a(lib_a-fini.o)
                0x00003c30                __libc_fini_array
 .text.__sfvwrite_r
                0x00003c58      0x308 c:/program files (x86)/cypress/psoc creator/4.2/psoc creator/import/gnu/arm/5.4.1/bin/../lib/gcc/arm-none-eabi/5.4.1/../../../../arm-none-eabi/lib/armv7-m\libg.a(lib_a-fvwrite.o)
                0x00003c58                __sfvwrite_r
 .text._lseek_r
                0x00003f60       0x2c c:/program files (x86)/cypress/psoc creator/4.2/psoc creator/import/gnu/arm/5.4.1/bin/../lib/gcc/arm-none-eabi/5.4.1/../../../../arm-none-eabi/lib/armv7-m\libg.a(lib_a-lseekr.o)
                0x00003f60                _lseek_r
 .text.__swhatbuf_r
                0x00003f8c       0x60 c:/program files (x86)/cypress/psoc creator/4.2/psoc creator/import/gnu/arm/5.4.1/bin/../lib/gcc/arm-none-eabi/5.4.1/../../../../arm-none-eabi/lib/armv7-m\libg.a(lib_a-makebuf.o)
                0x00003f8c                __swhatbuf_r
 .text.__smakebuf_r
                0x00003fec       0x88 c:/program files (x86)/cypress/psoc creator/4.2/psoc creator/import/gnu/arm/5.4.1/bin/../lib/gcc/arm-none-eabi/5.4.1/../../../../arm-none-eabi/lib/armv7-m\libg.a(lib_a-makebuf.o)
                0x00003fec                __smakebuf_r
 .text.memchr   0x00004074       0x8c c:/program files (x86)/cypress/psoc creator/4.2/psoc creator/import/gnu/arm/5.4.1/bin/../lib/gcc/arm-none-eabi/5.4.1/../../../../arm-none-eabi/lib/armv7-m\libg.a(lib_a-memchr-stub.o)
                0x00004074                memchr
 .text._read_r  0x00004100       0x2c c:/program files (x86)/cypress/psoc creator/4.2/psoc creator/import/gnu/arm/5.4.1/bin/../lib/gcc/arm-none-eabi/5.4.1/../../../../arm-none-eabi/lib/armv7-m\libg.a(lib_a-readr.o)
                0x00004100                _read_r
 .text._realloc_r
                0x0000412c      0x3d4 c:/program files (x86)/cypress/psoc creator/4.2/psoc creator/import/gnu/arm/5.4.1/bin/../lib/gcc/arm-none-eabi/5.4.1/../../../../arm-none-eabi/lib/armv7-m\libg.a(lib_a-reallocr.o)
                0x0000412c                _realloc_r
 .text.__register_exitproc
                0x00004500       0xa4 c:/program files (x86)/cypress/psoc creator/4.2/psoc creator/import/gnu/arm/5.4.1/bin/../lib/gcc/arm-none-eabi/5.4.1/../../../../arm-none-eabi/lib/armv7-m\libg.a(lib_a-__atexit.o)
                0x00004500                __register_exitproc
 .text._fstat_r
                0x000045a4       0x28 c:/program files (x86)/cypress/psoc creator/4.2/psoc creator/import/gnu/arm/5.4.1/bin/../lib/gcc/arm-none-eabi/5.4.1/../../../../arm-none-eabi/lib/armv7-m\libg.a(lib_a-fstatr.o)
                0x000045a4                _fstat_r
 .text._isatty_r
                0x000045cc       0x24 c:/program files (x86)/cypress/psoc creator/4.2/psoc creator/import/gnu/arm/5.4.1/bin/../lib/gcc/arm-none-eabi/5.4.1/../../../../arm-none-eabi/lib/armv7-m\libg.a(lib_a-isattyr.o)
                0x000045cc                _isatty_r
 .text._close   0x000045f0       0x10 c:/program files (x86)/cypress/psoc creator/4.2/psoc creator/import/gnu/arm/5.4.1/bin/../lib/gcc/arm-none-eabi/5.4.1/../../../../arm-none-eabi/lib/armv7-m\libnosys.a(close.o)
                0x000045f0                _close
 .text._fstat   0x00004600       0x10 c:/program files (x86)/cypress/psoc creator/4.2/psoc creator/import/gnu/arm/5.4.1/bin/../lib/gcc/arm-none-eabi/5.4.1/../../../../arm-none-eabi/lib/armv7-m\libnosys.a(fstat.o)
                0x00004600                _fstat
 .text._isatty  0x00004610       0x10 c:/program files (x86)/cypress/psoc creator/4.2/psoc creator/import/gnu/arm/5.4.1/bin/../lib/gcc/arm-none-eabi/5.4.1/../../../../arm-none-eabi/lib/armv7-m\libnosys.a(isatty.o)
                0x00004610                _isatty
 .text._lseek   0x00004620       0x10 c:/program files (x86)/cypress/psoc creator/4.2/psoc creator/import/gnu/arm/5.4.1/bin/../lib/gcc/arm-none-eabi/5.4.1/../../../../arm-none-eabi/lib/armv7-m\libnosys.a(lseek.o)
                0x00004620                _lseek
 *(.plt)
 *(.gnu.warning)
 *(.glue_7t)
 .glue_7t       0x00004630        0x0 linker stubs
 *(.glue_7)
 .glue_7        0x00004630        0x0 linker stubs
 *(.vfp11_veneer)
 .vfp11_veneer  0x00004630        0x0 linker stubs
 *(.bootloader)
 *(.ARM.extab* .gnu.linkonce.armextab.*)
 *(.gcc_except_table)

.v4_bx          0x00004630        0x0
 .v4_bx         0x00004630        0x0 linker stubs

.iplt           0x00004630        0x0
 .iplt          0x00004630        0x0 c:/program files (x86)/cypress/psoc creator/4.2/psoc creator/import/gnu/arm/5.4.1/bin/../lib/gcc/arm-none-eabi/5.4.1/armv7-m/crtbegin.o

.eh_frame_hdr
 *(.eh_frame_hdr)

.eh_frame       0x00004630        0x4
 *(.eh_frame)
 .eh_frame      0x00004630        0x0 c:/program files (x86)/cypress/psoc creator/4.2/psoc creator/import/gnu/arm/5.4.1/bin/../lib/gcc/arm-none-eabi/5.4.1/armv7-m/crtbegin.o
 .eh_frame      0x00004630        0x4 c:/program files (x86)/cypress/psoc creator/4.2/psoc creator/import/gnu/arm/5.4.1/bin/../lib/gcc/arm-none-eabi/5.4.1/armv7-m/crtend.o
                [!provide]                PROVIDE (__exidx_start, .)

.ARM.exidx
 *(.ARM.exidx* .gnu.linkonce.armexidx.*)
                0x00004634                __exidx_end = .

.rodata         0x00004634       0xfc
 *(.rodata .rodata.* .gnu.linkonce.r.*)
 .rodata.str1.4
                0x00004634       0x21 .\CortexM3\ARM_GCC_541\Debug\rtos_main.o
 *fill*         0x00004655        0x3 
 .rodata.str1.4
                0x00004658       0x34 .\CortexM3\ARM_GCC_541\Debug\tasks.o
 .rodata        0x0000468c       0x60 .\CortexM3\ARM_GCC_541\Debug\cyfitter_cfg.o
 .rodata.str1.4
                0x000046ec        0x2 c:/program files (x86)/cypress/psoc creator/4.2/psoc creator/import/gnu/arm/5.4.1/bin/../lib/gcc/arm-none-eabi/5.4.1/../../../../arm-none-eabi/lib/armv7-m\libg.a(lib_a-impure.o)
 .rodata._global_impure_ptr
                0x000046ec        0x4 c:/program files (x86)/cypress/psoc creator/4.2/psoc creator/import/gnu/arm/5.4.1/bin/../lib/gcc/arm-none-eabi/5.4.1/../../../../arm-none-eabi/lib/armv7-m\libg.a(lib_a-impure.o)
                0x000046ec                _global_impure_ptr
 .rodata.str1.4
                0x000046f0        0x4 c:/program files (x86)/cypress/psoc creator/4.2/psoc creator/import/gnu/arm/5.4.1/bin/../lib/gcc/arm-none-eabi/5.4.1/../../../../arm-none-eabi/lib/armv7-m\libg.a(lib_a-puts.o)
                                  0x2 (size before relaxing)
                0x000046f4                . = ALIGN (0x4)
 *(.init)
 .init          0x000046f4        0x4 c:/program files (x86)/cypress/psoc creator/4.2/psoc creator/import/gnu/arm/5.4.1/bin/../lib/gcc/arm-none-eabi/5.4.1/armv7-m/crti.o
                0x000046f4                _init
 .init          0x000046f8        0x8 c:/program files (x86)/cypress/psoc creator/4.2/psoc creator/import/gnu/arm/5.4.1/bin/../lib/gcc/arm-none-eabi/5.4.1/armv7-m/crtn.o
                0x00004700                . = ALIGN (0x4)
                0x00004700                __preinit_array_start = .
 *(.preinit_array)
                0x00004700                __preinit_array_end = .
                0x00004700                . = ALIGN (0x4)
                0x00004700                __init_array_start = .
 *(SORT(.init_array.*))
 .init_array.00000
                0x00004700        0x4 c:/program files (x86)/cypress/psoc creator/4.2/psoc creator/import/gnu/arm/5.4.1/bin/../lib/gcc/arm-none-eabi/5.4.1/../../../../arm-none-eabi/lib/armv7-m\libg.a(lib_a-__call_atexit.o)
 *(.init_array)
 .init_array    0x00004704        0x4 c:/program files (x86)/cypress/psoc creator/4.2/psoc creator/import/gnu/arm/5.4.1/bin/../lib/gcc/arm-none-eabi/5.4.1/armv7-m/crtbegin.o
 .init_array    0x00004708        0x4 .\CortexM3\ARM_GCC_541\Debug\Cm3Start.o
                0x0000470c                __init_array_end = .
                0x0000470c                . = ALIGN (0x4)
 *(.fini)
 .fini          0x0000470c        0x4 c:/program files (x86)/cypress/psoc creator/4.2/psoc creator/import/gnu/arm/5.4.1/bin/../lib/gcc/arm-none-eabi/5.4.1/armv7-m/crti.o
                0x0000470c                _fini
 .fini          0x00004710        0x8 c:/program files (x86)/cypress/psoc creator/4.2/psoc creator/import/gnu/arm/5.4.1/bin/../lib/gcc/arm-none-eabi/5.4.1/armv7-m/crtn.o
                0x00004718                . = ALIGN (0x4)
                0x00004718                __fini_array_start = .
 *(.fini_array)
 .fini_array    0x00004718        0x4 c:/program files (x86)/cypress/psoc creator/4.2/psoc creator/import/gnu/arm/5.4.1/bin/../lib/gcc/arm-none-eabi/5.4.1/armv7-m/crtbegin.o
 *(SORT(.fini_array.*))
                0x0000471c                __fini_array_end = .
                0x0000471c                . = ALIGN (0x4)
 *crtbegin.o(.ctors)
 *(EXCLUDE_FILE(*crtend.o) .ctors)
 *(SORT(.ctors.*))
 *crtend.o(.ctors)
                0x0000471c                . = ALIGN (0x4)
 *crtbegin.o(.dtors)
 *(EXCLUDE_FILE(*crtend.o) .dtors)
 *(SORT(.dtors.*))
 *crtend.o(.dtors)
                0x0000471c                . = ALIGN (0x4)
                0x0000471c                __cy_regions = .
                0x0000471c        0x4 LONG 0x4730 __cy_region_init_ram
                0x00004720        0x4 LONG 0x1fff80c8 __cy_region_start_data
                0x00004724        0x4 LONG 0x860 __cy_region_init_size_ram
                0x00004728        0x4 LONG 0xa078 __cy_region_zero_size_ram
                0x0000472c                __cy_regions_end = .
                0x00004730                . = ALIGN (0x8)
 *fill*         0x0000472c        0x4 
                0x00004730                _etext = .

.cy_checksum_exclude
                0x00004730        0x0
 *(.cy_checksum_exclude)

.ramvectors     0x1fff8000       0xc0
                0x1fff8000                __cy_region_start_ram = .
 *(.ramvectors)
 .ramvectors    0x1fff8000       0xc0 .\CortexM3\ARM_GCC_541\Debug\Cm3Start.o
                0x1fff8000                CyRamVectors

.noinit         0x1fff80c0        0x1
 *(.noinit)
 .noinit        0x1fff80c0        0x1 .\CortexM3\ARM_GCC_541\Debug\ZumoBot.a(CyLib.o)
                0x1fff80c0                CyResetStatus

.data           0x1fff80c8      0x860 load address 0x00004730
                0x1fff80c8                __cy_region_start_data = .
 *(.jcr)
 .jcr           0x1fff80c8        0x0 c:/program files (x86)/cypress/psoc creator/4.2/psoc creator/import/gnu/arm/5.4.1/bin/../lib/gcc/arm-none-eabi/5.4.1/armv7-m/crtbegin.o
 .jcr           0x1fff80c8        0x4 c:/program files (x86)/cypress/psoc creator/4.2/psoc creator/import/gnu/arm/5.4.1/bin/../lib/gcc/arm-none-eabi/5.4.1/armv7-m/crtend.o
 *(.got.plt)
 *(.got)
 *(.shdata)
 *(.data .data.* .gnu.linkonce.d.*)
 .data          0x1fff80cc        0x4 .\CortexM3\ARM_GCC_541\Debug\port.o
 .data          0x1fff80d0        0x4 .\CortexM3\ARM_GCC_541\Debug\heap_2.o
 .data          0x1fff80d4        0x4 .\CortexM3\ARM_GCC_541\Debug\Cm3Start.o
 .data          0x1fff80d8       0x10 .\CortexM3\ARM_GCC_541\Debug\ZumoBot.a(CyLib.o)
                0x1fff80d8                cydelay_32k_ms
                0x1fff80dc                cydelay_freq_khz
                0x1fff80e0                cydelay_freq_mhz
                0x1fff80e4                cydelay_freq_hz
 .data.impure_data
                0x1fff80e8      0x428 c:/program files (x86)/cypress/psoc creator/4.2/psoc creator/import/gnu/arm/5.4.1/bin/../lib/gcc/arm-none-eabi/5.4.1/../../../../arm-none-eabi/lib/armv7-m\libg.a(lib_a-impure.o)
 .data._impure_ptr
                0x1fff8510        0x4 c:/program files (x86)/cypress/psoc creator/4.2/psoc creator/import/gnu/arm/5.4.1/bin/../lib/gcc/arm-none-eabi/5.4.1/../../../../arm-none-eabi/lib/armv7-m\libg.a(lib_a-impure.o)
                0x1fff8510                _impure_ptr
 .data.__malloc_av_
                0x1fff8514      0x408 c:/program files (x86)/cypress/psoc creator/4.2/psoc creator/import/gnu/arm/5.4.1/bin/../lib/gcc/arm-none-eabi/5.4.1/../../../../arm-none-eabi/lib/armv7-m\libg.a(lib_a-mallocr.o)
                0x1fff8514                __malloc_av_
 .data.__malloc_trim_threshold
                0x1fff891c        0x4 c:/program files (x86)/cypress/psoc creator/4.2/psoc creator/import/gnu/arm/5.4.1/bin/../lib/gcc/arm-none-eabi/5.4.1/../../../../arm-none-eabi/lib/armv7-m\libg.a(lib_a-mallocr.o)
                0x1fff891c                __malloc_trim_threshold
 .data.__malloc_sbrk_base
                0x1fff8920        0x4 c:/program files (x86)/cypress/psoc creator/4.2/psoc creator/import/gnu/arm/5.4.1/bin/../lib/gcc/arm-none-eabi/5.4.1/../../../../arm-none-eabi/lib/armv7-m\libg.a(lib_a-mallocr.o)
                0x1fff8920                __malloc_sbrk_base
                0x1fff8928                . = ALIGN (0x8)
 *fill*         0x1fff8924        0x4 
 *(.ram)
                0x1fff8928                _edata = .

.igot.plt       0x1fff8928        0x0 load address 0x00004f90
 .igot.plt      0x1fff8928        0x0 c:/program files (x86)/cypress/psoc creator/4.2/psoc creator/import/gnu/arm/5.4.1/bin/../lib/gcc/arm-none-eabi/5.4.1/armv7-m/crtbegin.o

.bss            0x1fff8928     0xa078 load address 0x00004f90
                0x1fff8928                PROVIDE (__bss_start__, .)
 *(.shbss)
 *(.bss .bss.* .gnu.linkonce.b.*)
 .bss           0x1fff8928       0x1c c:/program files (x86)/cypress/psoc creator/4.2/psoc creator/import/gnu/arm/5.4.1/bin/../lib/gcc/arm-none-eabi/5.4.1/armv7-m/crtbegin.o
 .bss           0x1fff8944       0x94 .\CortexM3\ARM_GCC_541\Debug\Retarget.o
 .bss           0x1fff89d8      0x448 .\CortexM3\ARM_GCC_541\Debug\debug_uart.o
 .bss           0x1fff8e20      0xa08 .\CortexM3\ARM_GCC_541\Debug\mqtt_sender.o
 .bss           0x1fff9828        0x8 .\CortexM3\ARM_GCC_541\Debug\serial1.o
 .bss           0x1fff9830      0x108 .\CortexM3\ARM_GCC_541\Debug\tasks.o
                0x1fff9908                pxCurrentTCB
 .bss           0x1fff9938     0x9014 .\CortexM3\ARM_GCC_541\Debug\heap_2.o
 .bss           0x2000294c        0x1 .\CortexM3\ARM_GCC_541\Debug\ZumoBot.a(PWM.o)
                0x2000294c                PWM_initVar
 .bss           0x2000294d        0x1 .\CortexM3\ARM_GCC_541\Debug\ZumoBot.a(I2C.o)
                0x2000294d                I2C_initVar
 .bss           0x2000294e        0x2 .\CortexM3\ARM_GCC_541\Debug\ZumoBot.a(UART_1.o)
                0x2000294e                UART_1_initVar
 .bss           0x20002950        0x1 .\CortexM3\ARM_GCC_541\Debug\ZumoBot.a(Buzzer_PWM.o)
                0x20002950                Buzzer_PWM_initVar
 .bss           0x20002951        0x2 .\CortexM3\ARM_GCC_541\Debug\ZumoBot.a(UART_2.o)
                0x20002951                UART_2_initVar
 .bss           0x20002953        0x1 .\CortexM3\ARM_GCC_541\Debug\ZumoBot.a(StatisticsCounter.o)
                0x20002953                StatisticsCounter_initVar
 .bss.__malloc_max_total_mem
                0x20002954        0x4 c:/program files (x86)/cypress/psoc creator/4.2/psoc creator/import/gnu/arm/5.4.1/bin/../lib/gcc/arm-none-eabi/5.4.1/../../../../arm-none-eabi/lib/armv7-m\libg.a(lib_a-mallocr.o)
                0x20002954                __malloc_max_total_mem
 .bss.__malloc_max_sbrked_mem
                0x20002958        0x4 c:/program files (x86)/cypress/psoc creator/4.2/psoc creator/import/gnu/arm/5.4.1/bin/../lib/gcc/arm-none-eabi/5.4.1/../../../../arm-none-eabi/lib/armv7-m\libg.a(lib_a-mallocr.o)
                0x20002958                __malloc_max_sbrked_mem
 .bss.__malloc_top_pad
                0x2000295c        0x4 c:/program files (x86)/cypress/psoc creator/4.2/psoc creator/import/gnu/arm/5.4.1/bin/../lib/gcc/arm-none-eabi/5.4.1/../../../../arm-none-eabi/lib/armv7-m\libg.a(lib_a-mallocr.o)
                0x2000295c                __malloc_top_pad
 .bss.__malloc_current_mallinfo
                0x20002960       0x28 c:/program files (x86)/cypress/psoc creator/4.2/psoc creator/import/gnu/arm/5.4.1/bin/../lib/gcc/arm-none-eabi/5.4.1/../../../../arm-none-eabi/lib/armv7-m\libg.a(lib_a-mallocr.o)
                0x20002960                __malloc_current_mallinfo
 *(COMMON)
 COMMON         0x20002988        0x1 .\CortexM3\ARM_GCC_541\Debug\ZumoBot.a(I2C.o)
                0x20002988                I2C_state
 *fill*         0x20002989        0x3 
 COMMON         0x2000298c       0x10 .\CortexM3\ARM_GCC_541\Debug\ZumoBot.a(I2C_MASTER.o)
                0x2000298c                I2C_mstrWrBufIndex
                0x2000298d                I2C_mstrWrBufSize
                0x2000298e                I2C_mstrStatus
                0x20002990                I2C_mstrRdBufPtr
                0x20002994                I2C_mstrControl
                0x20002995                I2C_mstrRdBufSize
                0x20002996                I2C_mstrRdBufIndex
                0x20002998                I2C_mstrWrBufPtr
 COMMON         0x2000299c        0x4 c:/program files (x86)/cypress/psoc creator/4.2/psoc creator/import/gnu/arm/5.4.1/bin/../lib/gcc/arm-none-eabi/5.4.1/../../../../arm-none-eabi/lib/armv7-m\libg.a(lib_a-reent.o)
                0x2000299c                errno
                0x200029a0                . = ALIGN (0x8)
 *(.ram.b)
                0x200029a0                _end = .
                0x200029a0                __end = .
                0x200029a0                PROVIDE (end, .)
                0x200029a0                PROVIDE (__bss_end__, .)
                0x00004730                __cy_region_init_ram = LOADADDR (.data)
                0x00000860                __cy_region_init_size_ram = (_edata - ADDR (.data))
                0x0000a078                __cy_region_zero_size_ram = (_end - _edata)

.heap           0x200029a0     0x2000 load address 0x00004f90
                0x200029a0                . = _end
                0x200049a0                . = (. + 0x2000)
 *fill*         0x200029a0     0x2000 
                0x200049a0                __cy_heap_limit = .

.stack          0x20007800      0x800
                0x20007800                __cy_stack_limit = .
                0x20008000                . = (. + 0x800)
 *fill*         0x20007800      0x800 
                0x00000001                ASSERT ((__cy_stack_limit >= __cy_heap_limit), region RAM overflowed with stack)
                0x00000000                cy_checksum_exclude_size = (CY_APPL_LOADABLE == 0x1)?SIZEOF (.cy_checksum_exclude):0x0
                0x00000001                ASSERT ((cy_checksum_exclude_size <= CY_CHECKSUM_EXCLUDE_SIZE), CY_BOOT: Section .cy_checksum_exclude size exceedes specified limit.)

.cyloadermeta
 *(.cyloadermeta)

.cyloadablemeta
 *(.cyloadablemeta)

.cyconfigecc    0x80000000     0x1220
 *(.cyconfigecc)
 .cyconfigecc   0x80000000     0x1220 .\CortexM3\ARM_GCC_541\Debug\cymetadata.o
                0x80000000                cy_meta_configecc

.cycustnvl      0x90000000        0x4
 *(.cycustnvl)
 .cycustnvl     0x90000000        0x4 .\CortexM3\ARM_GCC_541\Debug\cymetadata.o
                0x90000000                cy_meta_custnvl

.cywolatch      0x90100000        0x4
 *(.cywolatch)
 .cywolatch     0x90100000        0x4 .\CortexM3\ARM_GCC_541\Debug\cymetadata.o
                0x90100000                cy_meta_wonvl

.cyeeprom       0x90200000        0x0
 *(.cyeeprom)
                0x00000001                ASSERT ((. <= ((0x90200000 + ee_offset) + ee_size)), .cyeeprom data will not fit in EEPROM)

.cyflashprotect
                0x90400000      0x100
 *(.cyflashprotect)
 .cyflashprotect
                0x90400000      0x100 .\CortexM3\ARM_GCC_541\Debug\cymetadata.o
                0x90400000                cy_meta_flashprotect

.cymeta         0x90500000        0xc
 *(.cymeta)
 .cymeta        0x90500000        0xc .\CortexM3\ARM_GCC_541\Debug\cymetadata.o
                0x90500000                cy_metadata

.rel.dyn        0x00004f90        0x0 load address 0x9050000c
 .rel.iplt      0x00004f90        0x0 c:/program files (x86)/cypress/psoc creator/4.2/psoc creator/import/gnu/arm/5.4.1/bin/../lib/gcc/arm-none-eabi/5.4.1/armv7-m/crtbegin.o

.stab           0x00000000       0x6c
 *(.stab)
 .stab          0x00000000       0x24 c:/program files (x86)/cypress/psoc creator/4.2/psoc creator/import/gnu/arm/5.4.1/bin/../lib/gcc/arm-none-eabi/5.4.1/../../../../arm-none-eabi/lib/armv7-m\libnosys.a(close.o)
 .stab          0x00000024       0x18 c:/program files (x86)/cypress/psoc creator/4.2/psoc creator/import/gnu/arm/5.4.1/bin/../lib/gcc/arm-none-eabi/5.4.1/../../../../arm-none-eabi/lib/armv7-m\libnosys.a(fstat.o)
                                 0x24 (size before relaxing)
 .stab          0x0000003c       0x18 c:/program files (x86)/cypress/psoc creator/4.2/psoc creator/import/gnu/arm/5.4.1/bin/../lib/gcc/arm-none-eabi/5.4.1/../../../../arm-none-eabi/lib/armv7-m\libnosys.a(isatty.o)
                                 0x24 (size before relaxing)
 .stab          0x00000054       0x18 c:/program files (x86)/cypress/psoc creator/4.2/psoc creator/import/gnu/arm/5.4.1/bin/../lib/gcc/arm-none-eabi/5.4.1/../../../../arm-none-eabi/lib/armv7-m\libnosys.a(lseek.o)
                                 0x24 (size before relaxing)

.stabstr        0x00000000       0xe3
 *(.stabstr)
 .stabstr       0x00000000       0xe3 c:/program files (x86)/cypress/psoc creator/4.2/psoc creator/import/gnu/arm/5.4.1/bin/../lib/gcc/arm-none-eabi/5.4.1/../../../../arm-none-eabi/lib/armv7-m\libnosys.a(close.o)

.debug
 *(.debug)

.line
 *(.line)

.debug_srcinfo
 *(.debug_srcinfo)

.debug_sfnames
 *(.debug_sfnames)

.debug_aranges  0x00000000     0x2598
 *(.debug_aranges)
 .debug_aranges
                0x00000000       0x20 .\CortexM3\ARM_GCC_541\Debug\Beep.o
 .debug_aranges
                0x00000020       0x40 .\CortexM3\ARM_GCC_541\Debug\Gyro.o
 .debug_aranges
                0x00000060       0x40 .\CortexM3\ARM_GCC_541\Debug\IR.o
 .debug_aranges
                0x000000a0       0x20 .\CortexM3\ARM_GCC_541\Debug\Magnet.o
 .debug_aranges
                0x000000c0       0x40 .\CortexM3\ARM_GCC_541\Debug\Motor.o
 .debug_aranges
                0x00000100       0x30 .\CortexM3\ARM_GCC_541\Debug\Nunchuk.o
 .debug_aranges
                0x00000130       0x38 .\CortexM3\ARM_GCC_541\Debug\Ultra.o
 .debug_aranges
                0x00000168       0x30 .\CortexM3\ARM_GCC_541\Debug\Retarget.o
 .debug_aranges
                0x00000198       0x30 .\CortexM3\ARM_GCC_541\Debug\I2C_Common.o
 .debug_aranges
                0x000001c8       0x28 .\CortexM3\ARM_GCC_541\Debug\LSM303D.o
 .debug_aranges
                0x000001f0       0x88 .\CortexM3\ARM_GCC_541\Debug\debug_uart.o
 .debug_aranges
                0x00000278      0x130 .\CortexM3\ARM_GCC_541\Debug\esp8266_socket.o
 .debug_aranges
                0x000003a8       0x40 .\CortexM3\ARM_GCC_541\Debug\rtos_main.o
 .debug_aranges
                0x000003e8       0x58 .\CortexM3\ARM_GCC_541\Debug\serial.o
 .debug_aranges
                0x00000440       0x40 .\CortexM3\ARM_GCC_541\Debug\mqtt_sender.o
 .debug_aranges
                0x00000480       0x48 .\CortexM3\ARM_GCC_541\Debug\serial1.o
 .debug_aranges
                0x000004c8       0x40 .\CortexM3\ARM_GCC_541\Debug\Reflectance.o
 .debug_aranges
                0x00000508       0xe0 .\CortexM3\ARM_GCC_541\Debug\MQTTClient.o
 .debug_aranges
                0x000005e8       0x88 .\CortexM3\ARM_GCC_541\Debug\MQTTFreeRTOS.o
 .debug_aranges
                0x00000670       0x48 .\CortexM3\ARM_GCC_541\Debug\MQTTConnectClient.o
 .debug_aranges
                0x000006b8       0x30 .\CortexM3\ARM_GCC_541\Debug\MQTTConnectServer.o
 .debug_aranges
                0x000006e8       0x28 .\CortexM3\ARM_GCC_541\Debug\MQTTDeserializePublish.o
 .debug_aranges
                0x00000710       0x58 .\CortexM3\ARM_GCC_541\Debug\MQTTFormat.o
 .debug_aranges
                0x00000768       0xa8 .\CortexM3\ARM_GCC_541\Debug\MQTTPacket.o
 .debug_aranges
                0x00000810       0x48 .\CortexM3\ARM_GCC_541\Debug\MQTTSerializePublish.o
 .debug_aranges
                0x00000858       0x30 .\CortexM3\ARM_GCC_541\Debug\MQTTSubscribeClient.o
 .debug_aranges
                0x00000888       0x28 .\CortexM3\ARM_GCC_541\Debug\MQTTSubscribeServer.o
 .debug_aranges
                0x000008b0       0x30 .\CortexM3\ARM_GCC_541\Debug\MQTTUnsubscribeClient.o
 .debug_aranges
                0x000008e0       0x28 .\CortexM3\ARM_GCC_541\Debug\MQTTUnsubscribeServer.o
 .debug_aranges
                0x00000908       0x18 .\CortexM3\ARM_GCC_541\Debug\croutine.o
 .debug_aranges
                0x00000920       0x78 .\CortexM3\ARM_GCC_541\Debug\event_groups.o
 .debug_aranges
                0x00000998       0x40 .\CortexM3\ARM_GCC_541\Debug\list.o
 .debug_aranges
                0x000009d8      0x128 .\CortexM3\ARM_GCC_541\Debug\queue.o
 .debug_aranges
                0x00000b00       0xd0 .\CortexM3\ARM_GCC_541\Debug\stream_buffer.o
 .debug_aranges
                0x00000bd0      0x1f8 .\CortexM3\ARM_GCC_541\Debug\tasks.o
 .debug_aranges
                0x00000dc8       0x18 .\CortexM3\ARM_GCC_541\Debug\timers.o
 .debug_aranges
                0x00000de0       0x70 .\CortexM3\ARM_GCC_541\Debug\port.o
 .debug_aranges
                0x00000e50       0x40 .\CortexM3\ARM_GCC_541\Debug\heap_2.o
 .debug_aranges
                0x00000e90       0x50 .\CortexM3\ARM_GCC_541\Debug\main.o
 .debug_aranges
                0x00000ee0       0x58 .\CortexM3\ARM_GCC_541\Debug\cyfitter_cfg.o
 .debug_aranges
                0x00000f38       0x18 .\CortexM3\ARM_GCC_541\Debug\cymetadata.o
 .debug_aranges
                0x00000f50       0x48 .\CortexM3\ARM_GCC_541\Debug\Cm3Start.o
 .debug_aranges
                0x00000f98       0xa8 .\CortexM3\ARM_GCC_541\Debug\ZumoBot.a(PWM.o)
 .debug_aranges
                0x00001040       0x38 .\CortexM3\ARM_GCC_541\Debug\ZumoBot.a(I2C.o)
 .debug_aranges
                0x00001078       0x20 .\CortexM3\ARM_GCC_541\Debug\ZumoBot.a(I2C_INT.o)
 .debug_aranges
                0x00001098       0x38 .\CortexM3\ARM_GCC_541\Debug\ZumoBot.a(I2C_PM.o)
 .debug_aranges
                0x000010d0       0x80 .\CortexM3\ARM_GCC_541\Debug\ZumoBot.a(I2C_MASTER.o)
 .debug_aranges
                0x00001150       0xf0 .\CortexM3\ARM_GCC_541\Debug\ZumoBot.a(UART_1.o)
 .debug_aranges
                0x00001240       0x38 .\CortexM3\ARM_GCC_541\Debug\ZumoBot.a(MotorDirLeft.o)
 .debug_aranges
                0x00001278       0x38 .\CortexM3\ARM_GCC_541\Debug\ZumoBot.a(MotorDirRight.o)
 .debug_aranges
                0x000012b0       0x38 .\CortexM3\ARM_GCC_541\Debug\ZumoBot.a(L3.o)
 .debug_aranges
                0x000012e8       0x88 .\CortexM3\ARM_GCC_541\Debug\ZumoBot.a(Timer_L3.o)
 .debug_aranges
                0x00001370       0x88 .\CortexM3\ARM_GCC_541\Debug\ZumoBot.a(Timer_R3.o)
 .debug_aranges
                0x000013f8       0x38 .\CortexM3\ARM_GCC_541\Debug\ZumoBot.a(Refl_led.o)
 .debug_aranges
                0x00001430       0x88 .\CortexM3\ARM_GCC_541\Debug\ZumoBot.a(Timer_R1.o)
 .debug_aranges
                0x000014b8       0x38 .\CortexM3\ARM_GCC_541\Debug\ZumoBot.a(R1.o)
 .debug_aranges
                0x000014f0       0x38 .\CortexM3\ARM_GCC_541\Debug\ZumoBot.a(R3.o)
 .debug_aranges
                0x00001528       0x88 .\CortexM3\ARM_GCC_541\Debug\ZumoBot.a(Timer_L1.o)
 .debug_aranges
                0x000015b0       0x38 .\CortexM3\ARM_GCC_541\Debug\ZumoBot.a(L1.o)
 .debug_aranges
                0x000015e8       0xa8 .\CortexM3\ARM_GCC_541\Debug\ZumoBot.a(ADC_Battery.o)
 .debug_aranges
                0x00001690       0x20 .\CortexM3\ARM_GCC_541\Debug\ZumoBot.a(ADC_Battery_INT.o)
 .debug_aranges
                0x000016b0       0x38 .\CortexM3\ARM_GCC_541\Debug\ZumoBot.a(BatteryLed.o)
 .debug_aranges
                0x000016e8       0x38 .\CortexM3\ARM_GCC_541\Debug\ZumoBot.a(IR_receiver.o)
 .debug_aranges
                0x00001720       0x38 .\CortexM3\ARM_GCC_541\Debug\ZumoBot.a(Trig.o)
 .debug_aranges
                0x00001758       0x98 .\CortexM3\ARM_GCC_541\Debug\ZumoBot.a(Timer.o)
 .debug_aranges
                0x000017f0       0x38 .\CortexM3\ARM_GCC_541\Debug\ZumoBot.a(Echo.o)
 .debug_aranges
                0x00001828       0x80 .\CortexM3\ARM_GCC_541\Debug\ZumoBot.a(ultra_isr.o)
 .debug_aranges
                0x000018a8       0x80 .\CortexM3\ARM_GCC_541\Debug\ZumoBot.a(Buzzer_PWM.o)
 .debug_aranges
                0x00001928       0x80 .\CortexM3\ARM_GCC_541\Debug\ZumoBot.a(IR_isr.o)
 .debug_aranges
                0x000019a8       0x98 .\CortexM3\ARM_GCC_541\Debug\ZumoBot.a(Timer_IR.o)
 .debug_aranges
                0x00001a40       0x90 .\CortexM3\ARM_GCC_541\Debug\ZumoBot.a(Timer_R2.o)
 .debug_aranges
                0x00001ad0       0x90 .\CortexM3\ARM_GCC_541\Debug\ZumoBot.a(Timer_L2.o)
 .debug_aranges
                0x00001b60       0x38 .\CortexM3\ARM_GCC_541\Debug\ZumoBot.a(L2.o)
 .debug_aranges
                0x00001b98       0x38 .\CortexM3\ARM_GCC_541\Debug\ZumoBot.a(R2.o)
 .debug_aranges
                0x00001bd0       0x28 .\CortexM3\ARM_GCC_541\Debug\ZumoBot.a(Timer_Reset.o)
 .debug_aranges
                0x00001bf8       0xf0 .\CortexM3\ARM_GCC_541\Debug\ZumoBot.a(UART_2.o)
 .debug_aranges
                0x00001ce8       0x80 .\CortexM3\ARM_GCC_541\Debug\ZumoBot.a(isr_U2_TX.o)
 .debug_aranges
                0x00001d68       0x80 .\CortexM3\ARM_GCC_541\Debug\ZumoBot.a(isr_U2_RX.o)
 .debug_aranges
                0x00001de8       0x98 .\CortexM3\ARM_GCC_541\Debug\ZumoBot.a(StatisticsCounter.o)
 .debug_aranges
                0x00001e80       0x38 .\CortexM3\ARM_GCC_541\Debug\ZumoBot.a(RST_E.o)
 .debug_aranges
                0x00001eb8       0x80 .\CortexM3\ARM_GCC_541\Debug\ZumoBot.a(isr_U1_TX.o)
 .debug_aranges
                0x00001f38       0x80 .\CortexM3\ARM_GCC_541\Debug\ZumoBot.a(isr_U1_RX.o)
 .debug_aranges
                0x00001fb8       0x70 .\CortexM3\ARM_GCC_541\Debug\ZumoBot.a(UART_1_IntClock.o)
 .debug_aranges
                0x00002028       0x80 .\CortexM3\ARM_GCC_541\Debug\ZumoBot.a(ADC_Battery_theACLK.o)
 .debug_aranges
                0x000020a8       0x70 .\CortexM3\ARM_GCC_541\Debug\ZumoBot.a(UART_2_IntClock.o)
 .debug_aranges
                0x00002118      0x2a0 .\CortexM3\ARM_GCC_541\Debug\ZumoBot.a(CyLib.o)
 .debug_aranges
                0x000023b8       0x98 .\CortexM3\ARM_GCC_541\Debug\ZumoBot.a(cyPm.o)
 .debug_aranges
                0x00002450       0x20 .\CortexM3\ARM_GCC_541\Debug\ZumoBot.a(cyutils.o)
 .debug_aranges
                0x00002470       0x20 .\CortexM3\ARM_GCC_541\Debug\ZumoBot.a(CyBootAsmGnu.o)
 .debug_aranges
                0x00002490       0x88 .\CortexM3\ARM_GCC_541\Debug\ZumoBot.a(CyFlash.o)
 .debug_aranges
                0x00002518       0x80 .\CortexM3\ARM_GCC_541\Debug\ZumoBot.a(CySpc.o)

.debug_pubnames
 *(.debug_pubnames)

.debug_info     0x00000000    0x1df9e
 *(.debug_info .gnu.linkonce.wi.*)
 .debug_info    0x00000000      0x195 .\CortexM3\ARM_GCC_541\Debug\Beep.o
 .debug_info    0x00000195      0x3d5 .\CortexM3\ARM_GCC_541\Debug\Gyro.o
 .debug_info    0x0000056a      0x37d .\CortexM3\ARM_GCC_541\Debug\IR.o
 .debug_info    0x000008e7      0x146 .\CortexM3\ARM_GCC_541\Debug\Magnet.o
 .debug_info    0x00000a2d      0x2ee .\CortexM3\ARM_GCC_541\Debug\Motor.o
 .debug_info    0x00000d1b      0x2b5 .\CortexM3\ARM_GCC_541\Debug\Nunchuk.o
 .debug_info    0x00000fd0      0x35e .\CortexM3\ARM_GCC_541\Debug\Ultra.o
 .debug_info    0x0000132e      0xb3d .\CortexM3\ARM_GCC_541\Debug\Retarget.o
 .debug_info    0x00001e6b      0x298 .\CortexM3\ARM_GCC_541\Debug\I2C_Common.o
 .debug_info    0x00002103      0x229 .\CortexM3\ARM_GCC_541\Debug\LSM303D.o
 .debug_info    0x0000232c      0x6fb .\CortexM3\ARM_GCC_541\Debug\debug_uart.o
 .debug_info    0x00002a27     0x1bd1 .\CortexM3\ARM_GCC_541\Debug\esp8266_socket.o
 .debug_info    0x000045f8      0x35d .\CortexM3\ARM_GCC_541\Debug\rtos_main.o
 .debug_info    0x00004955      0x64a .\CortexM3\ARM_GCC_541\Debug\serial.o
 .debug_info    0x00004f9f      0xbd4 .\CortexM3\ARM_GCC_541\Debug\mqtt_sender.o
 .debug_info    0x00005b73      0x4f4 .\CortexM3\ARM_GCC_541\Debug\serial1.o
 .debug_info    0x00006067      0x85b .\CortexM3\ARM_GCC_541\Debug\Reflectance.o
 .debug_info    0x000068c2     0x1cfb .\CortexM3\ARM_GCC_541\Debug\MQTTClient.o
 .debug_info    0x000085bd      0x87b .\CortexM3\ARM_GCC_541\Debug\MQTTFreeRTOS.o
 .debug_info    0x00008e38      0x8ad .\CortexM3\ARM_GCC_541\Debug\MQTTConnectClient.o
 .debug_info    0x000096e5      0x766 .\CortexM3\ARM_GCC_541\Debug\MQTTConnectServer.o
 .debug_info    0x00009e4b      0x434 .\CortexM3\ARM_GCC_541\Debug\MQTTDeserializePublish.o
 .debug_info    0x0000a27f      0x79d .\CortexM3\ARM_GCC_541\Debug\MQTTFormat.o
 .debug_info    0x0000aa1c      0x9ad .\CortexM3\ARM_GCC_541\Debug\MQTTPacket.o
 .debug_info    0x0000b3c9      0x636 .\CortexM3\ARM_GCC_541\Debug\MQTTSerializePublish.o
 .debug_info    0x0000b9ff      0x528 .\CortexM3\ARM_GCC_541\Debug\MQTTSubscribeClient.o
 .debug_info    0x0000bf27      0x47d .\CortexM3\ARM_GCC_541\Debug\MQTTSubscribeServer.o
 .debug_info    0x0000c3a4      0x479 .\CortexM3\ARM_GCC_541\Debug\MQTTUnsubscribeClient.o
 .debug_info    0x0000c81d      0x41c .\CortexM3\ARM_GCC_541\Debug\MQTTUnsubscribeServer.o
 .debug_info    0x0000cc39       0xae .\CortexM3\ARM_GCC_541\Debug\croutine.o
 .debug_info    0x0000cce7      0x99a .\CortexM3\ARM_GCC_541\Debug\event_groups.o
 .debug_info    0x0000d681      0x2df .\CortexM3\ARM_GCC_541\Debug\list.o
 .debug_info    0x0000d960     0x1951 .\CortexM3\ARM_GCC_541\Debug\queue.o
 .debug_info    0x0000f2b1     0x1236 .\CortexM3\ARM_GCC_541\Debug\stream_buffer.o
 .debug_info    0x000104e7     0x2f3d .\CortexM3\ARM_GCC_541\Debug\tasks.o
 .debug_info    0x00013424       0xae .\CortexM3\ARM_GCC_541\Debug\timers.o
 .debug_info    0x000134d2      0x363 .\CortexM3\ARM_GCC_541\Debug\port.o
 .debug_info    0x00013835      0x38c .\CortexM3\ARM_GCC_541\Debug\heap_2.o
 .debug_info    0x00013bc1      0x7b8 .\CortexM3\ARM_GCC_541\Debug\main.o
 .debug_info    0x00014379      0x69a .\CortexM3\ARM_GCC_541\Debug\cyfitter_cfg.o
 .debug_info    0x00014a13      0x139 .\CortexM3\ARM_GCC_541\Debug\cymetadata.o
 .debug_info    0x00014b4c      0x3bb .\CortexM3\ARM_GCC_541\Debug\Cm3Start.o
 .debug_info    0x00014f07      0x381 .\CortexM3\ARM_GCC_541\Debug\ZumoBot.a(PWM.o)
 .debug_info    0x00015288      0x2ad .\CortexM3\ARM_GCC_541\Debug\ZumoBot.a(I2C.o)
 .debug_info    0x00015535      0x184 .\CortexM3\ARM_GCC_541\Debug\ZumoBot.a(I2C_INT.o)
 .debug_info    0x000156b9      0x207 .\CortexM3\ARM_GCC_541\Debug\ZumoBot.a(I2C_PM.o)
 .debug_info    0x000158c0      0x407 .\CortexM3\ARM_GCC_541\Debug\ZumoBot.a(I2C_MASTER.o)
 .debug_info    0x00015cc7      0x60c .\CortexM3\ARM_GCC_541\Debug\ZumoBot.a(UART_1.o)
 .debug_info    0x000162d3      0x11f .\CortexM3\ARM_GCC_541\Debug\ZumoBot.a(MotorDirLeft.o)
 .debug_info    0x000163f2      0x11f .\CortexM3\ARM_GCC_541\Debug\ZumoBot.a(MotorDirRight.o)
 .debug_info    0x00016511      0x11f .\CortexM3\ARM_GCC_541\Debug\ZumoBot.a(L3.o)
 .debug_info    0x00016630      0x293 .\CortexM3\ARM_GCC_541\Debug\ZumoBot.a(Timer_L3.o)
 .debug_info    0x000168c3      0x293 .\CortexM3\ARM_GCC_541\Debug\ZumoBot.a(Timer_R3.o)
 .debug_info    0x00016b56      0x11f .\CortexM3\ARM_GCC_541\Debug\ZumoBot.a(Refl_led.o)
 .debug_info    0x00016c75      0x293 .\CortexM3\ARM_GCC_541\Debug\ZumoBot.a(Timer_R1.o)
 .debug_info    0x00016f08      0x11f .\CortexM3\ARM_GCC_541\Debug\ZumoBot.a(R1.o)
 .debug_info    0x00017027      0x11f .\CortexM3\ARM_GCC_541\Debug\ZumoBot.a(R3.o)
 .debug_info    0x00017146      0x293 .\CortexM3\ARM_GCC_541\Debug\ZumoBot.a(Timer_L1.o)
 .debug_info    0x000173d9      0x11f .\CortexM3\ARM_GCC_541\Debug\ZumoBot.a(L1.o)
 .debug_info    0x000174f8      0x5c0 .\CortexM3\ARM_GCC_541\Debug\ZumoBot.a(ADC_Battery.o)
 .debug_info    0x00017ab8       0x92 .\CortexM3\ARM_GCC_541\Debug\ZumoBot.a(ADC_Battery_INT.o)
 .debug_info    0x00017b4a      0x11f .\CortexM3\ARM_GCC_541\Debug\ZumoBot.a(BatteryLed.o)
 .debug_info    0x00017c69      0x11f .\CortexM3\ARM_GCC_541\Debug\ZumoBot.a(IR_receiver.o)
 .debug_info    0x00017d88      0x11f .\CortexM3\ARM_GCC_541\Debug\ZumoBot.a(Trig.o)
 .debug_info    0x00017ea7      0x328 .\CortexM3\ARM_GCC_541\Debug\ZumoBot.a(Timer.o)
 .debug_info    0x000181cf      0x11f .\CortexM3\ARM_GCC_541\Debug\ZumoBot.a(Echo.o)
 .debug_info    0x000182ee      0x2d2 .\CortexM3\ARM_GCC_541\Debug\ZumoBot.a(ultra_isr.o)
 .debug_info    0x000185c0      0x279 .\CortexM3\ARM_GCC_541\Debug\ZumoBot.a(Buzzer_PWM.o)
 .debug_info    0x00018839      0x2d2 .\CortexM3\ARM_GCC_541\Debug\ZumoBot.a(IR_isr.o)
 .debug_info    0x00018b0b      0x372 .\CortexM3\ARM_GCC_541\Debug\ZumoBot.a(Timer_IR.o)
 .debug_info    0x00018e7d      0x2ee .\CortexM3\ARM_GCC_541\Debug\ZumoBot.a(Timer_R2.o)
 .debug_info    0x0001916b      0x2ee .\CortexM3\ARM_GCC_541\Debug\ZumoBot.a(Timer_L2.o)
 .debug_info    0x00019459      0x11f .\CortexM3\ARM_GCC_541\Debug\ZumoBot.a(L2.o)
 .debug_info    0x00019578      0x11f .\CortexM3\ARM_GCC_541\Debug\ZumoBot.a(R2.o)
 .debug_info    0x00019697       0xd6 .\CortexM3\ARM_GCC_541\Debug\ZumoBot.a(Timer_Reset.o)
 .debug_info    0x0001976d      0x60c .\CortexM3\ARM_GCC_541\Debug\ZumoBot.a(UART_2.o)
 .debug_info    0x00019d79      0x2d2 .\CortexM3\ARM_GCC_541\Debug\ZumoBot.a(isr_U2_TX.o)
 .debug_info    0x0001a04b      0x2d2 .\CortexM3\ARM_GCC_541\Debug\ZumoBot.a(isr_U2_RX.o)
 .debug_info    0x0001a31d      0x343 .\CortexM3\ARM_GCC_541\Debug\ZumoBot.a(StatisticsCounter.o)
 .debug_info    0x0001a660      0x11f .\CortexM3\ARM_GCC_541\Debug\ZumoBot.a(RST_E.o)
 .debug_info    0x0001a77f      0x2d2 .\CortexM3\ARM_GCC_541\Debug\ZumoBot.a(isr_U1_TX.o)
 .debug_info    0x0001aa51      0x2d2 .\CortexM3\ARM_GCC_541\Debug\ZumoBot.a(isr_U1_RX.o)
 .debug_info    0x0001ad23      0x283 .\CortexM3\ARM_GCC_541\Debug\ZumoBot.a(UART_1_IntClock.o)
 .debug_info    0x0001afa6      0x2c4 .\CortexM3\ARM_GCC_541\Debug\ZumoBot.a(ADC_Battery_theACLK.o)
 .debug_info    0x0001b26a      0x283 .\CortexM3\ARM_GCC_541\Debug\ZumoBot.a(UART_2_IntClock.o)
 .debug_info    0x0001b4ed     0x1374 .\CortexM3\ARM_GCC_541\Debug\ZumoBot.a(CyLib.o)
 .debug_info    0x0001c861      0xa2a .\CortexM3\ARM_GCC_541\Debug\ZumoBot.a(cyPm.o)
 .debug_info    0x0001d28b       0xee .\CortexM3\ARM_GCC_541\Debug\ZumoBot.a(cyutils.o)
 .debug_info    0x0001d379       0x88 .\CortexM3\ARM_GCC_541\Debug\ZumoBot.a(CyBootAsmGnu.o)
 .debug_info    0x0001d401      0x64d .\CortexM3\ARM_GCC_541\Debug\ZumoBot.a(CyFlash.o)
 .debug_info    0x0001da4e      0x550 .\CortexM3\ARM_GCC_541\Debug\ZumoBot.a(CySpc.o)

.debug_abbrev   0x00000000     0x795e
 *(.debug_abbrev)
 .debug_abbrev  0x00000000       0xda .\CortexM3\ARM_GCC_541\Debug\Beep.o
 .debug_abbrev  0x000000da      0x169 .\CortexM3\ARM_GCC_541\Debug\Gyro.o
 .debug_abbrev  0x00000243      0x13a .\CortexM3\ARM_GCC_541\Debug\IR.o
 .debug_abbrev  0x0000037d       0xcb .\CortexM3\ARM_GCC_541\Debug\Magnet.o
 .debug_abbrev  0x00000448       0xee .\CortexM3\ARM_GCC_541\Debug\Motor.o
 .debug_abbrev  0x00000536       0xf5 .\CortexM3\ARM_GCC_541\Debug\Nunchuk.o
 .debug_abbrev  0x0000062b      0x173 .\CortexM3\ARM_GCC_541\Debug\Ultra.o
 .debug_abbrev  0x0000079e      0x24e .\CortexM3\ARM_GCC_541\Debug\Retarget.o
 .debug_abbrev  0x000009ec       0xf3 .\CortexM3\ARM_GCC_541\Debug\I2C_Common.o
 .debug_abbrev  0x00000adf      0x129 .\CortexM3\ARM_GCC_541\Debug\LSM303D.o
 .debug_abbrev  0x00000c08      0x27b .\CortexM3\ARM_GCC_541\Debug\debug_uart.o
 .debug_abbrev  0x00000e83      0x3cb .\CortexM3\ARM_GCC_541\Debug\esp8266_socket.o
 .debug_abbrev  0x0000124e      0x1b6 .\CortexM3\ARM_GCC_541\Debug\rtos_main.o
 .debug_abbrev  0x00001404      0x127 .\CortexM3\ARM_GCC_541\Debug\serial.o
 .debug_abbrev  0x0000152b      0x234 .\CortexM3\ARM_GCC_541\Debug\mqtt_sender.o
 .debug_abbrev  0x0000175f      0x127 .\CortexM3\ARM_GCC_541\Debug\serial1.o
 .debug_abbrev  0x00001886      0x16c .\CortexM3\ARM_GCC_541\Debug\Reflectance.o
 .debug_abbrev  0x000019f2      0x39b .\CortexM3\ARM_GCC_541\Debug\MQTTClient.o
 .debug_abbrev  0x00001d8d      0x1a7 .\CortexM3\ARM_GCC_541\Debug\MQTTFreeRTOS.o
 .debug_abbrev  0x00001f34      0x1c1 .\CortexM3\ARM_GCC_541\Debug\MQTTConnectClient.o
 .debug_abbrev  0x000020f5      0x1b6 .\CortexM3\ARM_GCC_541\Debug\MQTTConnectServer.o
 .debug_abbrev  0x000022ab      0x190 .\CortexM3\ARM_GCC_541\Debug\MQTTDeserializePublish.o
 .debug_abbrev  0x0000243b      0x131 .\CortexM3\ARM_GCC_541\Debug\MQTTFormat.o
 .debug_abbrev  0x0000256c      0x2f3 .\CortexM3\ARM_GCC_541\Debug\MQTTPacket.o
 .debug_abbrev  0x0000285f      0x1a2 .\CortexM3\ARM_GCC_541\Debug\MQTTSerializePublish.o
 .debug_abbrev  0x00002a01      0x1c0 .\CortexM3\ARM_GCC_541\Debug\MQTTSubscribeClient.o
 .debug_abbrev  0x00002bc1      0x1b5 .\CortexM3\ARM_GCC_541\Debug\MQTTSubscribeServer.o
 .debug_abbrev  0x00002d76      0x1a4 .\CortexM3\ARM_GCC_541\Debug\MQTTUnsubscribeClient.o
 .debug_abbrev  0x00002f1a      0x1b5 .\CortexM3\ARM_GCC_541\Debug\MQTTUnsubscribeServer.o
 .debug_abbrev  0x000030cf       0x4b .\CortexM3\ARM_GCC_541\Debug\croutine.o
 .debug_abbrev  0x0000311a      0x226 .\CortexM3\ARM_GCC_541\Debug\event_groups.o
 .debug_abbrev  0x00003340       0xf6 .\CortexM3\ARM_GCC_541\Debug\list.o
 .debug_abbrev  0x00003436      0x2ce .\CortexM3\ARM_GCC_541\Debug\queue.o
 .debug_abbrev  0x00003704      0x25d .\CortexM3\ARM_GCC_541\Debug\stream_buffer.o
 .debug_abbrev  0x00003961      0x3d8 .\CortexM3\ARM_GCC_541\Debug\tasks.o
 .debug_abbrev  0x00003d39       0x4b .\CortexM3\ARM_GCC_541\Debug\timers.o
 .debug_abbrev  0x00003d84      0x1db .\CortexM3\ARM_GCC_541\Debug\port.o
 .debug_abbrev  0x00003f5f      0x1b9 .\CortexM3\ARM_GCC_541\Debug\heap_2.o
 .debug_abbrev  0x00004118      0x1cc .\CortexM3\ARM_GCC_541\Debug\main.o
 .debug_abbrev  0x000042e4      0x20d .\CortexM3\ARM_GCC_541\Debug\cyfitter_cfg.o
 .debug_abbrev  0x000044f1       0x77 .\CortexM3\ARM_GCC_541\Debug\cymetadata.o
 .debug_abbrev  0x00004568      0x1e8 .\CortexM3\ARM_GCC_541\Debug\Cm3Start.o
 .debug_abbrev  0x00004750      0x133 .\CortexM3\ARM_GCC_541\Debug\ZumoBot.a(PWM.o)
 .debug_abbrev  0x00004883      0x10a .\CortexM3\ARM_GCC_541\Debug\ZumoBot.a(I2C.o)
 .debug_abbrev  0x0000498d       0xb6 .\CortexM3\ARM_GCC_541\Debug\ZumoBot.a(I2C_INT.o)
 .debug_abbrev  0x00004a43       0xfe .\CortexM3\ARM_GCC_541\Debug\ZumoBot.a(I2C_PM.o)
 .debug_abbrev  0x00004b41      0x13c .\CortexM3\ARM_GCC_541\Debug\ZumoBot.a(I2C_MASTER.o)
 .debug_abbrev  0x00004c7d      0x175 .\CortexM3\ARM_GCC_541\Debug\ZumoBot.a(UART_1.o)
 .debug_abbrev  0x00004df2       0x90 .\CortexM3\ARM_GCC_541\Debug\ZumoBot.a(MotorDirLeft.o)
 .debug_abbrev  0x00004e82       0x90 .\CortexM3\ARM_GCC_541\Debug\ZumoBot.a(MotorDirRight.o)
 .debug_abbrev  0x00004f12       0x90 .\CortexM3\ARM_GCC_541\Debug\ZumoBot.a(L3.o)
 .debug_abbrev  0x00004fa2      0x11a .\CortexM3\ARM_GCC_541\Debug\ZumoBot.a(Timer_L3.o)
 .debug_abbrev  0x000050bc      0x11a .\CortexM3\ARM_GCC_541\Debug\ZumoBot.a(Timer_R3.o)
 .debug_abbrev  0x000051d6       0x90 .\CortexM3\ARM_GCC_541\Debug\ZumoBot.a(Refl_led.o)
 .debug_abbrev  0x00005266      0x11a .\CortexM3\ARM_GCC_541\Debug\ZumoBot.a(Timer_R1.o)
 .debug_abbrev  0x00005380       0x90 .\CortexM3\ARM_GCC_541\Debug\ZumoBot.a(R1.o)
 .debug_abbrev  0x00005410       0x90 .\CortexM3\ARM_GCC_541\Debug\ZumoBot.a(R3.o)
 .debug_abbrev  0x000054a0      0x11a .\CortexM3\ARM_GCC_541\Debug\ZumoBot.a(Timer_L1.o)
 .debug_abbrev  0x000055ba       0x90 .\CortexM3\ARM_GCC_541\Debug\ZumoBot.a(L1.o)
 .debug_abbrev  0x0000564a      0x1ac .\CortexM3\ARM_GCC_541\Debug\ZumoBot.a(ADC_Battery.o)
 .debug_abbrev  0x000057f6       0x42 .\CortexM3\ARM_GCC_541\Debug\ZumoBot.a(ADC_Battery_INT.o)
 .debug_abbrev  0x00005838       0x90 .\CortexM3\ARM_GCC_541\Debug\ZumoBot.a(BatteryLed.o)
 .debug_abbrev  0x000058c8       0x90 .\CortexM3\ARM_GCC_541\Debug\ZumoBot.a(IR_receiver.o)
 .debug_abbrev  0x00005958       0x90 .\CortexM3\ARM_GCC_541\Debug\ZumoBot.a(Trig.o)
 .debug_abbrev  0x000059e8      0x13a .\CortexM3\ARM_GCC_541\Debug\ZumoBot.a(Timer.o)
 .debug_abbrev  0x00005b22       0x90 .\CortexM3\ARM_GCC_541\Debug\ZumoBot.a(Echo.o)
 .debug_abbrev  0x00005bb2      0x173 .\CortexM3\ARM_GCC_541\Debug\ZumoBot.a(ultra_isr.o)
 .debug_abbrev  0x00005d25      0x12d .\CortexM3\ARM_GCC_541\Debug\ZumoBot.a(Buzzer_PWM.o)
 .debug_abbrev  0x00005e52      0x173 .\CortexM3\ARM_GCC_541\Debug\ZumoBot.a(IR_isr.o)
 .debug_abbrev  0x00005fc5      0x14b .\CortexM3\ARM_GCC_541\Debug\ZumoBot.a(Timer_IR.o)
 .debug_abbrev  0x00006110      0x12b .\CortexM3\ARM_GCC_541\Debug\ZumoBot.a(Timer_R2.o)
 .debug_abbrev  0x0000623b      0x12b .\CortexM3\ARM_GCC_541\Debug\ZumoBot.a(Timer_L2.o)
 .debug_abbrev  0x00006366       0x90 .\CortexM3\ARM_GCC_541\Debug\ZumoBot.a(L2.o)
 .debug_abbrev  0x000063f6       0x90 .\CortexM3\ARM_GCC_541\Debug\ZumoBot.a(R2.o)
 .debug_abbrev  0x00006486       0x81 .\CortexM3\ARM_GCC_541\Debug\ZumoBot.a(Timer_Reset.o)
 .debug_abbrev  0x00006507      0x175 .\CortexM3\ARM_GCC_541\Debug\ZumoBot.a(UART_2.o)
 .debug_abbrev  0x0000667c      0x173 .\CortexM3\ARM_GCC_541\Debug\ZumoBot.a(isr_U2_TX.o)
 .debug_abbrev  0x000067ef      0x173 .\CortexM3\ARM_GCC_541\Debug\ZumoBot.a(isr_U2_RX.o)
 .debug_abbrev  0x00006962      0x117 .\CortexM3\ARM_GCC_541\Debug\ZumoBot.a(StatisticsCounter.o)
 .debug_abbrev  0x00006a79       0x90 .\CortexM3\ARM_GCC_541\Debug\ZumoBot.a(RST_E.o)
 .debug_abbrev  0x00006b09      0x173 .\CortexM3\ARM_GCC_541\Debug\ZumoBot.a(isr_U1_TX.o)
 .debug_abbrev  0x00006c7c      0x173 .\CortexM3\ARM_GCC_541\Debug\ZumoBot.a(isr_U1_RX.o)
 .debug_abbrev  0x00006def      0x139 .\CortexM3\ARM_GCC_541\Debug\ZumoBot.a(UART_1_IntClock.o)
 .debug_abbrev  0x00006f28      0x121 .\CortexM3\ARM_GCC_541\Debug\ZumoBot.a(ADC_Battery_theACLK.o)
 .debug_abbrev  0x00007049      0x139 .\CortexM3\ARM_GCC_541\Debug\ZumoBot.a(UART_2_IntClock.o)
 .debug_abbrev  0x00007182      0x254 .\CortexM3\ARM_GCC_541\Debug\ZumoBot.a(CyLib.o)
 .debug_abbrev  0x000073d6      0x1ab .\CortexM3\ARM_GCC_541\Debug\ZumoBot.a(cyPm.o)
 .debug_abbrev  0x00007581       0x8e .\CortexM3\ARM_GCC_541\Debug\ZumoBot.a(cyutils.o)
 .debug_abbrev  0x0000760f       0x14 .\CortexM3\ARM_GCC_541\Debug\ZumoBot.a(CyBootAsmGnu.o)
 .debug_abbrev  0x00007623      0x1a7 .\CortexM3\ARM_GCC_541\Debug\ZumoBot.a(CyFlash.o)
 .debug_abbrev  0x000077ca      0x194 .\CortexM3\ARM_GCC_541\Debug\ZumoBot.a(CySpc.o)

.debug_line     0x00000000     0xb86a
 *(.debug_line)
 .debug_line    0x00000000      0x1ac .\CortexM3\ARM_GCC_541\Debug\Beep.o
 .debug_line    0x000001ac      0x244 .\CortexM3\ARM_GCC_541\Debug\Gyro.o
 .debug_line    0x000003f0      0x260 .\CortexM3\ARM_GCC_541\Debug\IR.o
 .debug_line    0x00000650      0x1ff .\CortexM3\ARM_GCC_541\Debug\Magnet.o
 .debug_line    0x0000084f      0x211 .\CortexM3\ARM_GCC_541\Debug\Motor.o
 .debug_line    0x00000a60      0x1db .\CortexM3\ARM_GCC_541\Debug\Nunchuk.o
 .debug_line    0x00000c3b      0x252 .\CortexM3\ARM_GCC_541\Debug\Ultra.o
 .debug_line    0x00000e8d      0x367 .\CortexM3\ARM_GCC_541\Debug\Retarget.o
 .debug_line    0x000011f4      0x1aa .\CortexM3\ARM_GCC_541\Debug\I2C_Common.o
 .debug_line    0x0000139e      0x1b5 .\CortexM3\ARM_GCC_541\Debug\LSM303D.o
 .debug_line    0x00001553      0x3f2 .\CortexM3\ARM_GCC_541\Debug\debug_uart.o
 .debug_line    0x00001945      0x6fe .\CortexM3\ARM_GCC_541\Debug\esp8266_socket.o
 .debug_line    0x00002043      0x281 .\CortexM3\ARM_GCC_541\Debug\rtos_main.o
 .debug_line    0x000022c4      0x2e7 .\CortexM3\ARM_GCC_541\Debug\serial.o
 .debug_line    0x000025ab      0x43a .\CortexM3\ARM_GCC_541\Debug\mqtt_sender.o
 .debug_line    0x000029e5      0x29e .\CortexM3\ARM_GCC_541\Debug\serial1.o
 .debug_line    0x00002c83      0x32b .\CortexM3\ARM_GCC_541\Debug\Reflectance.o
 .debug_line    0x00002fae      0x785 .\CortexM3\ARM_GCC_541\Debug\MQTTClient.o
 .debug_line    0x00003733      0x343 .\CortexM3\ARM_GCC_541\Debug\MQTTFreeRTOS.o
 .debug_line    0x00003a76      0x149 .\CortexM3\ARM_GCC_541\Debug\MQTTConnectClient.o
 .debug_line    0x00003bbf      0x191 .\CortexM3\ARM_GCC_541\Debug\MQTTConnectServer.o
 .debug_line    0x00003d50       0xb8 .\CortexM3\ARM_GCC_541\Debug\MQTTDeserializePublish.o
 .debug_line    0x00003e08      0x18f .\CortexM3\ARM_GCC_541\Debug\MQTTFormat.o
 .debug_line    0x00003f97      0x2b6 .\CortexM3\ARM_GCC_541\Debug\MQTTPacket.o
 .debug_line    0x0000424d       0xf9 .\CortexM3\ARM_GCC_541\Debug\MQTTSerializePublish.o
 .debug_line    0x00004346       0xef .\CortexM3\ARM_GCC_541\Debug\MQTTSubscribeClient.o
 .debug_line    0x00004435       0xc4 .\CortexM3\ARM_GCC_541\Debug\MQTTSubscribeServer.o
 .debug_line    0x000044f9       0xd8 .\CortexM3\ARM_GCC_541\Debug\MQTTUnsubscribeClient.o
 .debug_line    0x000045d1       0xae .\CortexM3\ARM_GCC_541\Debug\MQTTUnsubscribeServer.o
 .debug_line    0x0000467f      0x13f .\CortexM3\ARM_GCC_541\Debug\croutine.o
 .debug_line    0x000047be      0x373 .\CortexM3\ARM_GCC_541\Debug\event_groups.o
 .debug_line    0x00004b31      0x234 .\CortexM3\ARM_GCC_541\Debug\list.o
 .debug_line    0x00004d65      0x73c .\CortexM3\ARM_GCC_541\Debug\queue.o
 .debug_line    0x000054a1      0x550 .\CortexM3\ARM_GCC_541\Debug\stream_buffer.o
 .debug_line    0x000059f1      0xcda .\CortexM3\ARM_GCC_541\Debug\tasks.o
 .debug_line    0x000066cb      0x13f .\CortexM3\ARM_GCC_541\Debug\timers.o
 .debug_line    0x0000680a      0x2bc .\CortexM3\ARM_GCC_541\Debug\port.o
 .debug_line    0x00006ac6      0x2f6 .\CortexM3\ARM_GCC_541\Debug\heap_2.o
 .debug_line    0x00006dbc      0x398 .\CortexM3\ARM_GCC_541\Debug\main.o