Archive member included to satisfy reference by file (symbol)

.\CortexM3\ARM_GCC_541\Debug\ZumoBot.a(PWM.o)
                              .\CortexM3\ARM_GCC_541\Debug\Motor.o (PWM_Stop)
.\CortexM3\ARM_GCC_541\Debug\ZumoBot.a(I2C.o)
                              .\CortexM3\ARM_GCC_541\Debug\Nunchuk.o (I2C_Start)
.\CortexM3\ARM_GCC_541\Debug\ZumoBot.a(I2C_INT.o)
                              .\CortexM3\ARM_GCC_541\Debug\ZumoBot.a(I2C.o) (I2C_ISR)
.\CortexM3\ARM_GCC_541\Debug\ZumoBot.a(I2C_PM.o)
                              .\CortexM3\ARM_GCC_541\Debug\ZumoBot.a(I2C.o) (I2C_backup)
.\CortexM3\ARM_GCC_541\Debug\ZumoBot.a(I2C_MASTER.o)
                              .\CortexM3\ARM_GCC_541\Debug\Nunchuk.o (I2C_MasterWriteBuf)
.\CortexM3\ARM_GCC_541\Debug\ZumoBot.a(UART_1.o)
                              .\CortexM3\ARM_GCC_541\Debug\rtos_main.o (UART_1_Start)
.\CortexM3\ARM_GCC_541\Debug\ZumoBot.a(MotorDirLeft.o)
                              .\CortexM3\ARM_GCC_541\Debug\Motor.o (MotorDirLeft_Write)
.\CortexM3\ARM_GCC_541\Debug\ZumoBot.a(MotorDirRight.o)
                              .\CortexM3\ARM_GCC_541\Debug\Motor.o (MotorDirRight_Write)
.\CortexM3\ARM_GCC_541\Debug\ZumoBot.a(L3.o)
                              .\CortexM3\ARM_GCC_541\Debug\Reflectance.o (L3_Write)
.\CortexM3\ARM_GCC_541\Debug\ZumoBot.a(Timer_L3.o)
                              .\CortexM3\ARM_GCC_541\Debug\Reflectance.o (Timer_L3_ReadStatusRegister)
.\CortexM3\ARM_GCC_541\Debug\ZumoBot.a(Timer_R3.o)
                              .\CortexM3\ARM_GCC_541\Debug\Reflectance.o (Timer_R3_ReadStatusRegister)
.\CortexM3\ARM_GCC_541\Debug\ZumoBot.a(Refl_led.o)
                              .\CortexM3\ARM_GCC_541\Debug\Reflectance.o (Refl_led_Write)
.\CortexM3\ARM_GCC_541\Debug\ZumoBot.a(Timer_R1.o)
                              .\CortexM3\ARM_GCC_541\Debug\Reflectance.o (Timer_R1_ReadStatusRegister)
.\CortexM3\ARM_GCC_541\Debug\ZumoBot.a(R1.o)
                              .\CortexM3\ARM_GCC_541\Debug\Reflectance.o (R1_Write)
.\CortexM3\ARM_GCC_541\Debug\ZumoBot.a(R3.o)
                              .\CortexM3\ARM_GCC_541\Debug\Reflectance.o (R3_Write)
.\CortexM3\ARM_GCC_541\Debug\ZumoBot.a(Timer_L1.o)
                              .\CortexM3\ARM_GCC_541\Debug\Reflectance.o (Timer_L1_ReadStatusRegister)
.\CortexM3\ARM_GCC_541\Debug\ZumoBot.a(L1.o)
                              .\CortexM3\ARM_GCC_541\Debug\Reflectance.o (L1_Write)
.\CortexM3\ARM_GCC_541\Debug\ZumoBot.a(ADC_Battery.o)
                              .\CortexM3\ARM_GCC_541\Debug\main.o (ADC_Battery_Start)
.\CortexM3\ARM_GCC_541\Debug\ZumoBot.a(ADC_Battery_INT.o)
                              .\CortexM3\ARM_GCC_541\Debug\ZumoBot.a(ADC_Battery.o) (ADC_Battery_ISR)
.\CortexM3\ARM_GCC_541\Debug\ZumoBot.a(BatteryLed.o)
                              .\CortexM3\ARM_GCC_541\Debug\main.o (BatteryLed_Write)
.\CortexM3\ARM_GCC_541\Debug\ZumoBot.a(IR_receiver.o)
                              .\CortexM3\ARM_GCC_541\Debug\IR.o (IR_receiver_Read)
.\CortexM3\ARM_GCC_541\Debug\ZumoBot.a(Trig.o)
                              .\CortexM3\ARM_GCC_541\Debug\Ultra.o (Trig_Write)
.\CortexM3\ARM_GCC_541\Debug\ZumoBot.a(Timer.o)
                              .\CortexM3\ARM_GCC_541\Debug\Ultra.o (Timer_ReadStatusRegister)
.\CortexM3\ARM_GCC_541\Debug\ZumoBot.a(Echo.o)
                              .\CortexM3\ARM_GCC_541\Debug\Ultra.o (Echo_Read)
.\CortexM3\ARM_GCC_541\Debug\ZumoBot.a(ultra_isr.o)
                              .\CortexM3\ARM_GCC_541\Debug\Ultra.o (ultra_isr_StartEx)
.\CortexM3\ARM_GCC_541\Debug\ZumoBot.a(Buzzer_PWM.o)
                              .\CortexM3\ARM_GCC_541\Debug\Beep.o (Buzzer_PWM_Stop)
.\CortexM3\ARM_GCC_541\Debug\ZumoBot.a(IR_isr.o)
                              .\CortexM3\ARM_GCC_541\Debug\IR.o (IR_isr_StartEx)
.\CortexM3\ARM_GCC_541\Debug\ZumoBot.a(Timer_IR.o)
                              .\CortexM3\ARM_GCC_541\Debug\IR.o (Timer_IR_ReadStatusRegister)
.\CortexM3\ARM_GCC_541\Debug\ZumoBot.a(SW1.o)
                              .\CortexM3\ARM_GCC_541\Debug\main.o (SW1_Read)
.\CortexM3\ARM_GCC_541\Debug\ZumoBot.a(Timer_R2.o)
                              .\CortexM3\ARM_GCC_541\Debug\Reflectance.o (Timer_R2_ReadStatusRegister)
.\CortexM3\ARM_GCC_541\Debug\ZumoBot.a(Timer_L2.o)
                              .\CortexM3\ARM_GCC_541\Debug\Reflectance.o (Timer_L2_ReadStatusRegister)
.\CortexM3\ARM_GCC_541\Debug\ZumoBot.a(L2.o)
                              .\CortexM3\ARM_GCC_541\Debug\Reflectance.o (L2_Write)
.\CortexM3\ARM_GCC_541\Debug\ZumoBot.a(R2.o)
                              .\CortexM3\ARM_GCC_541\Debug\Reflectance.o (R2_Write)
.\CortexM3\ARM_GCC_541\Debug\ZumoBot.a(Timer_Reset.o)
                              .\CortexM3\ARM_GCC_541\Debug\Reflectance.o (Timer_Reset_Write)
.\CortexM3\ARM_GCC_541\Debug\ZumoBot.a(UART_2.o)
                              .\CortexM3\ARM_GCC_541\Debug\rtos_main.o (UART_2_Start)
[...]
Memory Configuration

Name             Origin             Length             Attributes
rom              0x00000000         0x00040000         xr
ram              0x1fff8000         0x00010000         xrw
*default*        0x00000000         0xffffffff

Linker script and memory map

LOAD c:/program files (x86)/cypress/psoc creator/4.2/psoc creator/import/gnu/arm/5.4.1/bin/../lib/gcc/arm-none-eabi/5.4.1/armv7-m/crti.o
LOAD c:/program files (x86)/cypress/psoc creator/4.2/psoc creator/import/gnu/arm/5.4.1/bin/../lib/gcc/arm-none-eabi/5.4.1/armv7-m/crtbegin.o
LOAD c:/program files (x86)/cypress/psoc creator/4.2/psoc creator/import/gnu/arm/5.4.1/bin/../lib/gcc/arm-none-eabi/5.4.1/../../../../arm-none-eabi/lib/armv7-m/crt0.o
START GROUP
LOAD .\CortexM3\ARM_GCC_541\Debug\Beep.o
LOAD .\CortexM3\ARM_GCC_541\Debug\Gyro.o
LOAD .\CortexM3\ARM_GCC_541\Debug\IR.o
LOAD .\CortexM3\ARM_GCC_541\Debug\Magnet.o
LOAD .\CortexM3\ARM_GCC_541\Debug\Motor.o
LOAD .\CortexM3\ARM_GCC_541\Debug\Nunchuk.o
LOAD .\CortexM3\ARM_GCC_541\Debug\Ultra.o
LOAD .\CortexM3\ARM_GCC_541\Debug\Retarget.o
LOAD .\CortexM3\ARM_GCC_541\Debug\I2C_Common.o
LOAD .\CortexM3\ARM_GCC_541\Debug\LSM303D.o
LOAD .\CortexM3\ARM_GCC_541\Debug\debug_uart.o
LOAD .\CortexM3\ARM_GCC_541\Debug\esp8266_socket.o
LOAD .\CortexM3\ARM_GCC_541\Debug\rtos_main.o
LOAD .\CortexM3\ARM_GCC_541\Debug\serial.o
LOAD .\CortexM3\ARM_GCC_541\Debug\mqtt_sender.o
LOAD .\CortexM3\ARM_GCC_541\Debug\serial1.o
LOAD .\CortexM3\ARM_GCC_541\Debug\Reflectance.o
LOAD .\CortexM3\ARM_GCC_541\Debug\MQTTClient.o
LOAD .\CortexM3\ARM_GCC_541\Debug\MQTTFreeRTOS.o
LOAD .\CortexM3\ARM_GCC_541\Debug\MQTTConnectClient.o
LOAD .\CortexM3\ARM_GCC_541\Debug\MQTTConnectServer.o
LOAD .\CortexM3\ARM_GCC_541\Debug\MQTTDeserializePublish.o
LOAD .\CortexM3\ARM_GCC_541\Debug\MQTTFormat.o
LOAD .\CortexM3\ARM_GCC_541\Debug\MQTTPacket.o
LOAD .\CortexM3\ARM_GCC_541\Debug\MQTTSerializePublish.o
LOAD .\CortexM3\ARM_GCC_541\Debug\MQTTSubscribeClient.o
LOAD .\CortexM3\ARM_GCC_541\Debug\MQTTSubscribeServer.o
LOAD .\CortexM3\ARM_GCC_541\Debug\MQTTUnsubscribeClient.o
LOAD .\CortexM3\ARM_GCC_541\Debug\MQTTUnsubscribeServer.o
LOAD .\CortexM3\ARM_GCC_541\Debug\croutine.o
LOAD .\CortexM3\ARM_GCC_541\Debug\event_groups.o
LOAD .\CortexM3\ARM_GCC_541\Debug\list.o
LOAD .\CortexM3\ARM_GCC_541\Debug\queue.o
LOAD .\CortexM3\ARM_GCC_541\Debug\stream_buffer.o
LOAD .\CortexM3\ARM_GCC_541\Debug\tasks.o
LOAD .\CortexM3\ARM_GCC_541\Debug\timers.o
LOAD .\CortexM3\ARM_GCC_541\Debug\port.o
LOAD .\CortexM3\ARM_GCC_541\Debug\heap_2.o
LOAD .\CortexM3\ARM_GCC_541\Debug\main.o
LOAD .\CortexM3\ARM_GCC_541\Debug\cyfitter_cfg.o
LOAD .\CortexM3\ARM_GCC_541\Debug\cymetadata.o
LOAD .\CortexM3\ARM_GCC_541\Debug\Cm3Start.o
LOAD .\CortexM3\ARM_GCC_541\Debug\ZumoBot.a
LOAD C:\Program Files (x86)\Cypress\PSoC Creator\4.2\PSoC Creator\psoc\content\cycomponentlibrary\CyComponentLibrary.cylib\CortexM3\ARM_GCC_541\Debug\CyComponentLibrary.a
LOAD c:/program files (x86)/cypress/psoc creator/4.2/psoc creator/import/gnu/arm/5.4.1/bin/../lib/gcc/arm-none-eabi/5.4.1/../../../../arm-none-eabi/lib/armv7-m\libm.a
END GROUP
START GROUP
LOAD c:/program files (x86)/cypress/psoc creator/4.2/psoc creator/import/gnu/arm/5.4.1/bin/../lib/gcc/arm-none-eabi/5.4.1/armv7-m\libgcc.a
LOAD c:/program files (x86)/cypress/psoc creator/4.2/psoc creator/import/gnu/arm/5.4.1/bin/../lib/gcc/arm-none-eabi/5.4.1/../../../../arm-none-eabi/lib/armv7-m\libg.a
LOAD c:/program files (x86)/cypress/psoc creator/4.2/psoc creator/import/gnu/arm/5.4.1/bin/../lib/gcc/arm-none-eabi/5.4.1/../../../../arm-none-eabi/lib/armv7-m\libc.a
END GROUP
LOAD c:/program files (x86)/cypress/psoc creator/4.2/psoc creator/import/gnu/arm/5.4.1/bin/../lib/gcc/arm-none-eabi/5.4.1/armv7-m/crtend.o
LOAD c:/program files (x86)/cypress/psoc creator/4.2/psoc creator/import/gnu/arm/5.4.1/bin/../lib/gcc/arm-none-eabi/5.4.1/armv7-m/crtn.o
START GROUP
LOAD c:/program files (x86)/cypress/psoc creator/4.2/psoc creator/import/gnu/arm/5.4.1/bin/../lib/gcc/arm-none-eabi/5.4.1/armv7-m\libgcc.a
LOAD c:/program files (x86)/cypress/psoc creator/4.2/psoc creator/import/gnu/arm/5.4.1/bin/../lib/gcc/arm-none-eabi/5.4.1/../../../../arm-none-eabi/lib/armv7-m\libc.a
LOAD c:/program files (x86)/cypress/psoc creator/4.2/psoc creator/import/gnu/arm/5.4.1/bin/../lib/gcc/arm-none-eabi/5.4.1/../../../../arm-none-eabi/lib/armv7-m\libnosys.a
END GROUP
                0x00000000                CY_APPL_ORIGIN = 0x0
                0x00000100                CY_FLASH_ROW_SIZE = 0x100
                0x00000020                CY_ECC_ROW_SIZE = 0x20
                0x00000000                CY_EE_IN_BTLDR = 0x0
                0x00000000                CY_APPL_LOADABLE = 0x0
                0x00000800                CY_EE_SIZE = 0x800
                0x00000001                CY_APPL_NUM = 0x1
                0x00000001                CY_APPL_MAX = 0x1
                0x00000040                CY_METADATA_SIZE = 0x40
                0x00000000                CY_APPL_LOADABLE = 0x0
                0x00000000                CY_CHECKSUM_EXCLUDE_SIZE = ALIGN (0x0, CY_FLASH_ROW_SIZE)
                [!provide]                PROVIDE (__cy_heap_start, _end)
                0x00000001                PROVIDE (__cy_region_num, ((__cy_regions_end - __cy_regions) / 0x10))
                0x20008000                PROVIDE (__cy_stack, (ORIGIN (ram) + LENGTH (ram)))
                [!provide]                PROVIDE (__cy_heap_end, (__cy_stack - 0x800))

.cybootloader   0x00000000        0x0
 *(.cybootloader)
                0x00000000                appl1_start = CY_APPL_ORIGIN?CY_APPL_ORIGIN:ALIGN (CY_FLASH_ROW_SIZE)
                0x0001ff00                appl2_start = (appl1_start + ALIGN ((((LENGTH (rom) - appl1_start) - (0x2 * CY_FLASH_ROW_SIZE)) / 0x2), CY_FLASH_ROW_SIZE))
                0x00000000                appl_start = (CY_APPL_NUM == 0x1)?appl1_start:appl2_start
                0x00000000                ecc_offset = ((appl_start / CY_FLASH_ROW_SIZE) * CY_ECC_ROW_SIZE)
                0x00000000                ee_offset = (CY_APPL_LOADABLE && ! (CY_EE_IN_BTLDR))?((CY_EE_SIZE / CY_APPL_MAX) * (CY_APPL_NUM - 0x1)):0x0
                0x00000800                ee_size = (CY_APPL_LOADABLE && ! (CY_EE_IN_BTLDR))?(CY_EE_SIZE / CY_APPL_MAX):CY_EE_SIZE
                [!provide]                PROVIDE (CY_ECC_OFFSET, ecc_offset)

.text           0x00000000     0x4bf8
 CREATE_OBJECT_SYMBOLS
                0x00000000                PROVIDE (__cy_interrupt_vector, RomVectors)
 *(.romvectors)
 .romvectors    0x00000000       0x10 .\CortexM3\ARM_GCC_541\Debug\Cm3Start.o
                0x00000000                RomVectors
                0x00000001                ASSERT ((. != __cy_interrupt_vector), No interrupt vector)
                0x00000001                ASSERT (CY_APPL_ORIGIN?(SIZEOF (.cybootloader) <= CY_APPL_ORIGIN):0x1, Wrong image location)
                0x00000010                PROVIDE (__cy_reset, Reset)
 *(.text.Reset)
 .text.Reset    0x00000010       0x18 .\CortexM3\ARM_GCC_541\Debug\Cm3Start.o
                0x00000010                Reset
                0x00000001                ASSERT ((. != __cy_reset), No reset code)
 *(.dma_init)
                0x00000001                ASSERT ((((appl_start + .) <= 0x10000) || 0x1), DMA Init must be within the first 64k of flash)
 *(.text .text.* .gnu.linkonce.t.*)
 .text          0x00000028       0x5c c:/program files (x86)/cypress/psoc creator/4.2/psoc creator/import/gnu/arm/5.4.1/bin/../lib/gcc/arm-none-eabi/5.4.1/armv7-m/crtbegin.o
 .text.Beep     0x00000084       0x24 .\CortexM3\ARM_GCC_541\Debug\Beep.o
                0x00000084                Beep
 .text.motor_start
                0x000000a8        0x8 .\CortexM3\ARM_GCC_541\Debug\Motor.o
                0x000000a8                motor_start
 .text.motor_stop
                0x000000b0        0x8 .\CortexM3\ARM_GCC_541\Debug\Motor.o
                0x000000b0                motor_stop
 .text.motor_forward
                0x000000b8       0x28 .\CortexM3\ARM_GCC_541\Debug\Motor.o
                0x000000b8                motor_forward
 .text.motor_turn
                0x000000e0       0x18 .\CortexM3\ARM_GCC_541\Debug\Motor.o
                0x000000e0                motor_turn
 .text.RetargetInit
                0x000000f8       0x14 .\CortexM3\ARM_GCC_541\Debug\Retarget.o
                0x000000f8                RetargetInit
 .text._write   0x0000010c       0x34 .\CortexM3\ARM_GCC_541\Debug\Retarget.o
                0x0000010c                _write
 .text._read    0x00000140      0x10c .\CortexM3\ARM_GCC_541\Debug\Retarget.o
                0x00000140                _read
 .text.DebugUartTaskInit
                0x0000024c       0x24 .\CortexM3\ARM_GCC_541\Debug\debug_uart.o
                0x0000024c                DebugUartTaskInit
 .text.start_zmain
                0x00000270       0x18 .\CortexM3\ARM_GCC_541\Debug\rtos_main.o
 .text.prvHardwareSetup
                0x00000288       0x2c .\CortexM3\ARM_GCC_541\Debug\rtos_main.o
 .text.main     0x000002b4       0x40 .\CortexM3\ARM_GCC_541\Debug\rtos_main.o
                0x000002b4                main
 .text.vApplicationStackOverflowHook
                0x000002f4       0x14 .\CortexM3\ARM_GCC_541\Debug\rtos_main.o
                0x000002f4                vApplicationStackOverflowHook
 .text.vApplicationMallocFailedHook
                0x00000308       0x14 .\CortexM3\ARM_GCC_541\Debug\rtos_main.o
                0x00000308                vApplicationMallocFailedHook
 .text.MQTTSendTaskInit
                0x0000031c       0x24 .\CortexM3\ARM_GCC_541\Debug\mqtt_sender.o
                0x0000031c                MQTTSendTaskInit
 .text.vUart1RxISR
                0x00000340       0x5c .\CortexM3\ARM_GCC_541\Debug\serial1.o
                0x00000340                vUart1RxISR
 .text.vUart1TxISR
                0x0000039c       0x70 .\CortexM3\ARM_GCC_541\Debug\serial1.o
                0x0000039c                vUart1TxISR
 .text.vSerial1PortInitMinimal
                0x0000040c       0x58 .\CortexM3\ARM_GCC_541\Debug\serial1.o
                0x0000040c                vSerial1PortInitMinimal
 .text.xSerial1GetChar
                0x00000464       0x20 .\CortexM3\ARM_GCC_541\Debug\serial1.o
                0x00000464                xSerial1GetChar
 .text.xSerial1PutChar
                0x00000484       0x3c .\CortexM3\ARM_GCC_541\Debug\serial1.o
                0x00000484                xSerial1PutChar
 .text.ReflectanceTask
                0x000004c0      0x1c4 .\CortexM3\ARM_GCC_541\Debug\Reflectance.o
                0x000004c0                ReflectanceTask
 .text.reflectance_start
                0x00000684       0x54 .\CortexM3\ARM_GCC_541\Debug\Reflectance.o
                0x00000684                reflectance_start
 .text.reflectance_digital
                0x000006d8       0x9c .\CortexM3\ARM_GCC_541\Debug\Reflectance.o
                0x000006d8                reflectance_digital
 .text.reflectance_set_threshold
                0x00000774       0x20 .\CortexM3\ARM_GCC_541\Debug\Reflectance.o
                0x00000774                reflectance_set_threshold
 .text.vListInitialise
                0x00000794       0x18 .\CortexM3\ARM_GCC_541\Debug\list.o
                0x00000794                vListInitialise
 .text.vListInitialiseItem
                0x000007ac        0x8 .\CortexM3\ARM_GCC_541\Debug\list.o
                0x000007ac                vListInitialiseItem
 .text.vListInsertEnd
                0x000007b4       0x18 .\CortexM3\ARM_GCC_541\Debug\list.o
                0x000007b4                vListInsertEnd
 .text.vListInsert
                0x000007cc       0x34 .\CortexM3\ARM_GCC_541\Debug\list.o
                0x000007cc                vListInsert
 .text.uxListRemove
                0x00000800       0x28 .\CortexM3\ARM_GCC_541\Debug\list.o
                0x00000800                uxListRemove
 .text.prvGetDisinheritPriorityAfterTimeout
                0x00000828       0x14 .\CortexM3\ARM_GCC_541\Debug\queue.o
 .text.prvIsQueueFull
                0x0000083c       0x20 .\CortexM3\ARM_GCC_541\Debug\queue.o
 .text.prvIsQueueEmpty
                0x0000085c       0x1c .\CortexM3\ARM_GCC_541\Debug\queue.o
 .text.prvCopyDataToQueue
                0x00000878       0x78 .\CortexM3\ARM_GCC_541\Debug\queue.o
 .text.prvCopyDataFromQueue
                0x000008f0       0x24 .\CortexM3\ARM_GCC_541\Debug\queue.o
 .text.prvUnlockQueue
                0x00000914       0x68 .\CortexM3\ARM_GCC_541\Debug\queue.o
 .text.xQueueGenericReset
                0x0000097c       0x6c .\CortexM3\ARM_GCC_541\Debug\queue.o
                0x0000097c                xQueueGenericReset
 .text.prvInitialiseNewQueue
                0x000009e8       0x24 .\CortexM3\ARM_GCC_541\Debug\queue.o
 .text.xQueueGenericCreate
                0x00000a0c       0x34 .\CortexM3\ARM_GCC_541\Debug\queue.o
                0x00000a0c                xQueueGenericCreate
 .text.xQueueGenericSend
                0x00000a40      0x108 .\CortexM3\ARM_GCC_541\Debug\queue.o
                0x00000a40                xQueueGenericSend
 .text.prvInitialiseMutex
                0x00000b48       0x18 .\CortexM3\ARM_GCC_541\Debug\queue.o
 .text.xQueueCreateMutex
                0x00000b60       0x18 .\CortexM3\ARM_GCC_541\Debug\queue.o
                0x00000b60                xQueueCreateMutex
 .text.xQueueGenericSendFromISR
                0x00000b78       0x70 .\CortexM3\ARM_GCC_541\Debug\queue.o
                0x00000b78                xQueueGenericSendFromISR
 .text.xQueueReceive
                0x00000be8       0xf8 .\CortexM3\ARM_GCC_541\Debug\queue.o
                0x00000be8                xQueueReceive
 .text.xQueueSemaphoreTake
                0x00000ce0      0x128 .\CortexM3\ARM_GCC_541\Debug\queue.o
                0x00000ce0                xQueueSemaphoreTake
 .text.xQueueReceiveFromISR
                0x00000e08       0x74 .\CortexM3\ARM_GCC_541\Debug\queue.o
                0x00000e08                xQueueReceiveFromISR
 .text.prvResetNextTaskUnblockTime
                0x00000e7c       0x2c .\CortexM3\ARM_GCC_541\Debug\tasks.o
 .text.prvInitialiseNewTask
                0x00000ea8      0x100 .\CortexM3\ARM_GCC_541\Debug\tasks.o
 .text.prvInitialiseTaskLists
                0x00000fa8       0x58 .\CortexM3\ARM_GCC_541\Debug\tasks.o
 .text.prvAddNewTaskToReadyList
                0x00001000       0xac .\CortexM3\ARM_GCC_541\Debug\tasks.o
 .text.prvDeleteTCB
                0x000010ac       0x18 .\CortexM3\ARM_GCC_541\Debug\tasks.o
 .text.prvCheckTasksWaitingTermination
                0x000010c4       0x44 .\CortexM3\ARM_GCC_541\Debug\tasks.o
 .text.prvIdleTask
                0x00001108        0x8 .\CortexM3\ARM_GCC_541\Debug\tasks.o
 .text.prvAddCurrentTaskToDelayedList
                0x00001110       0x84 .\CortexM3\ARM_GCC_541\Debug\tasks.o
 .text.xTaskCreate
                0x00001194       0x64 .\CortexM3\ARM_GCC_541\Debug\tasks.o
                0x00001194                xTaskCreate
 .text.vTaskStartScheduler
                0x000011f8       0x6c .\CortexM3\ARM_GCC_541\Debug\tasks.o
                0x000011f8                vTaskStartScheduler
 .text.vTaskSuspendAll
                0x00001264       0x14 .\CortexM3\ARM_GCC_541\Debug\tasks.o
                0x00001264                vTaskSuspendAll
 .text.xTaskGetTickCount
                0x00001278        0xc .\CortexM3\ARM_GCC_541\Debug\tasks.o
                0x00001278                xTaskGetTickCount
 .text.xTaskIncrementTick
                0x00001284      0x108 .\CortexM3\ARM_GCC_541\Debug\tasks.o
                0x00001284                xTaskIncrementTick
 .text.xTaskResumeAll
                0x0000138c       0xd8 .\CortexM3\ARM_GCC_541\Debug\tasks.o
                0x0000138c                xTaskResumeAll
 .text.vTaskDelayUntil
                0x00001464       0x6c .\CortexM3\ARM_GCC_541\Debug\tasks.o
                0x00001464                vTaskDelayUntil
 .text.vTaskDelay
                0x000014d0       0x34 .\CortexM3\ARM_GCC_541\Debug\tasks.o
                0x000014d0                vTaskDelay
 .text.vTaskSwitchContext
                0x00001504       0xd4 .\CortexM3\ARM_GCC_541\Debug\tasks.o
                0x00001504                vTaskSwitchContext
 .text.vTaskSuspend
                0x000015d8       0xc0 .\CortexM3\ARM_GCC_541\Debug\tasks.o
                0x000015d8                vTaskSuspend
 .text.vTaskPlaceOnEventList
                0x00001698       0x20 .\CortexM3\ARM_GCC_541\Debug\tasks.o
                0x00001698                vTaskPlaceOnEventList
 .text.xTaskRemoveFromEventList
                0x000016b8       0x74 .\CortexM3\ARM_GCC_541\Debug\tasks.o
                0x000016b8                xTaskRemoveFromEventList
 .text.vTaskInternalSetTimeOutState
                0x0000172c       0x14 .\CortexM3\ARM_GCC_541\Debug\tasks.o
                0x0000172c                vTaskInternalSetTimeOutState
 .text.xTaskCheckForTimeOut
                0x00001740       0x58 .\CortexM3\ARM_GCC_541\Debug\tasks.o
                0x00001740                xTaskCheckForTimeOut
 .text.vTaskMissedYield
                0x00001798       0x10 .\CortexM3\ARM_GCC_541\Debug\tasks.o
                0x00001798                vTaskMissedYield
 .text.xTaskPriorityInherit
                0x000017a8       0xd0 .\CortexM3\ARM_GCC_541\Debug\tasks.o
                0x000017a8                xTaskPriorityInherit
 .text.xTaskPriorityDisinherit
                0x00001878       0x88 .\CortexM3\ARM_GCC_541\Debug\tasks.o
                0x00001878                xTaskPriorityDisinherit
 .text.vTaskPriorityDisinheritAfterTimeout
                0x00001900       0xa0 .\CortexM3\ARM_GCC_541\Debug\tasks.o
                0x00001900                vTaskPriorityDisinheritAfterTimeout
 .text.pvTaskIncrementMutexHeldCount
                0x000019a0       0x20 .\CortexM3\ARM_GCC_541\Debug\tasks.o
                0x000019a0                pvTaskIncrementMutexHeldCount
 .text.prvTaskExitError
                0x000019c0       0x20 .\CortexM3\ARM_GCC_541\Debug\port.o
 .text.prvPortStartFirstTask
                0x000019e0       0x20 .\CortexM3\ARM_GCC_541\Debug\port.o
 .text.pxPortInitialiseStack
                0x00001a00       0x24 .\CortexM3\ARM_GCC_541\Debug\port.o
                0x00001a00                pxPortInitialiseStack
 *fill*         0x00001a24        0xc 
 .text.vPortSVCHandler
                0x00001a30       0x24 .\CortexM3\ARM_GCC_541\Debug\port.o
                0x00001a30                vPortSVCHandler
 .text.vPortEnterCritical
                0x00001a54       0x20 .\CortexM3\ARM_GCC_541\Debug\port.o
                0x00001a54                vPortEnterCritical
 .text.vPortExitCritical
                0x00001a74       0x14 .\CortexM3\ARM_GCC_541\Debug\port.o
                0x00001a74                vPortExitCritical
 *fill*         0x00001a88        0x8 
 .text.xPortPendSVHandler
                0x00001a90       0x44 .\CortexM3\ARM_GCC_541\Debug\port.o
                0x00001a90                xPortPendSVHandler
 .text.xPortSysTickHandler
                0x00001ad4       0x2c .\CortexM3\ARM_GCC_541\Debug\port.o
                0x00001ad4                xPortSysTickHandler
 .text.vPortSetupTimerInterrupt
                0x00001b00       0x24 .\CortexM3\ARM_GCC_541\Debug\port.o
                0x00001b00                vPortSetupTimerInterrupt
 .text.xPortStartScheduler
                0x00001b24       0x38 .\CortexM3\ARM_GCC_541\Debug\port.o
                0x00001b24                xPortStartScheduler
 .text.prvHeapInit
                0x00001b5c       0x30 .\CortexM3\ARM_GCC_541\Debug\heap_2.o
 .text.pvPortMalloc
                0x00001b8c       0xb4 .\CortexM3\ARM_GCC_541\Debug\heap_2.o
                0x00001b8c                pvPortMalloc
 .text.vPortFree
                0x00001c40       0x44 .\CortexM3\ARM_GCC_541\Debug\heap_2.o
                0x00001c40                vPortFree
 .text.motor_hardTurn
                0x00001c84       0x40 .\CortexM3\ARM_GCC_541\Debug\main.o
                0x00001c84                motor_hardTurn
 .text.ReflectorValue
                0x00001cc4      0x180 .\CortexM3\ARM_GCC_541\Debug\main.o
                0x00001cc4                ReflectorValue
 .text.zmain    0x00001e44      0x1c0 .\CortexM3\ARM_GCC_541\Debug\main.o
                0x00001e44                zmain
 .text.CyClockStartupError
                0x00002004        0x4 .\CortexM3\ARM_GCC_541\Debug\cyfitter_cfg.o
 .text.cfg_write_bytes32
                0x00002008       0x34 .\CortexM3\ARM_GCC_541\Debug\cyfitter_cfg.o
 .text.CYMEMZERO
                0x0000203c        0xc .\CortexM3\ARM_GCC_541\Debug\cyfitter_cfg.o
 .text.AnalogSetDefault
                0x00002048       0x80 .\CortexM3\ARM_GCC_541\Debug\cyfitter_cfg.o
 .text.CYCONFIGCPY
                0x000020c8        0x8 .\CortexM3\ARM_GCC_541\Debug\cyfitter_cfg.o
 .text.ClockSetup
                0x000020d0      0x16c .\CortexM3\ARM_GCC_541\Debug\cyfitter_cfg.o
 .text.cyfitter_cfg
                0x0000223c      0x148 .\CortexM3\ARM_GCC_541\Debug\cyfitter_cfg.o
                0x0000223c                cyfitter_cfg
 .text.IntDefaultHandler
                0x00002384       0x10 .\CortexM3\ARM_GCC_541\Debug\Cm3Start.o
                0x00002384                IntDefaultHandler
 .text._sbrk    0x00002394       0x30 .\CortexM3\ARM_GCC_541\Debug\Cm3Start.o
                0x00002394                _sbrk
 .text.Start_c  0x000023c4       0x4c .\CortexM3\ARM_GCC_541\Debug\Cm3Start.o
                0x000023c4                Start_c
 .text.initialize_psoc
                0x00002410       0x68 .\CortexM3\ARM_GCC_541\Debug\Cm3Start.o
                0x00002410                initialize_psoc
 .text.PWM_Enable
                0x00002478       0x10 .\CortexM3\ARM_GCC_541\Debug\ZumoBot.a(PWM.o)
                0x00002478                PWM_Enable
 .text.PWM_Stop
                0x00002488       0x10 .\CortexM3\ARM_GCC_541\Debug\ZumoBot.a(PWM.o)
                0x00002488                PWM_Stop
 .text.PWM_WriteCounter
                0x00002498        0xc .\CortexM3\ARM_GCC_541\Debug\ZumoBot.a(PWM.o)
                0x00002498                PWM_WriteCounter
 .text.PWM_WritePeriod
                0x000024a4        0xc .\CortexM3\ARM_GCC_541\Debug\ZumoBot.a(PWM.o)
                0x000024a4                PWM_WritePeriod
 .text.PWM_WriteCompare1
                0x000024b0        0xc .\CortexM3\ARM_GCC_541\Debug\ZumoBot.a(PWM.o)
                0x000024b0                PWM_WriteCompare1
 .text.PWM_WriteCompare2
                0x000024bc        0xc .\CortexM3\ARM_GCC_541\Debug\ZumoBot.a(PWM.o)
                0x000024bc                PWM_WriteCompare2
 .text.PWM_SetInterruptMode
                0x000024c8        0xc .\CortexM3\ARM_GCC_541\Debug\ZumoBot.a(PWM.o)
                0x000024c8                PWM_SetInterruptMode
 .text.PWM_ReadStatusRegister
                0x000024d4        0xc .\CortexM3\ARM_GCC_541\Debug\ZumoBot.a(PWM.o)
                0x000024d4                PWM_ReadStatusRegister
 .text.PWM_ReadCapture
                0x000024e0        0xc .\CortexM3\ARM_GCC_541\Debug\ZumoBot.a(PWM.o)
                0x000024e0                PWM_ReadCapture
 .text.PWM_ClearFIFO
                0x000024ec       0x14 .\CortexM3\ARM_GCC_541\Debug\ZumoBot.a(PWM.o)
                0x000024ec                PWM_ClearFIFO
 .text.PWM_Init
                0x00002500       0x5c .\CortexM3\ARM_GCC_541\Debug\ZumoBot.a(PWM.o)
                0x00002500                PWM_Init
 .text.PWM_Start
                0x0000255c       0x1c .\CortexM3\ARM_GCC_541\Debug\ZumoBot.a(PWM.o)
                0x0000255c                PWM_Start
 .text.UART_1_Init
                0x00002578       0x24 .\CortexM3\ARM_GCC_541\Debug\ZumoBot.a(UART_1.o)
                0x00002578                UART_1_Init
 .text.UART_1_Enable
                0x0000259c       0x38 .\CortexM3\ARM_GCC_541\Debug\ZumoBot.a(UART_1.o)
                0x0000259c                UART_1_Enable
 .text.UART_1_Start
                0x000025d4       0x1c .\CortexM3\ARM_GCC_541\Debug\ZumoBot.a(UART_1.o)
                0x000025d4                UART_1_Start
 .text.UART_1_ReadRxData
                0x000025f0        0xc .\CortexM3\ARM_GCC_541\Debug\ZumoBot.a(UART_1.o)
                0x000025f0                UART_1_ReadRxData
 .text.UART_1_ReadRxStatus
                0x000025fc       0x10 .\CortexM3\ARM_GCC_541\Debug\ZumoBot.a(UART_1.o)
                0x000025fc                UART_1_ReadRxStatus
 .text.UART_1_SetTxInterruptMode
                0x0000260c        0xc .\CortexM3\ARM_GCC_541\Debug\ZumoBot.a(UART_1.o)
                0x0000260c                UART_1_SetTxInterruptMode
 .text.UART_1_ReadTxStatus
                0x00002618        0xc .\CortexM3\ARM_GCC_541\Debug\ZumoBot.a(UART_1.o)
                0x00002618                UART_1_ReadTxStatus
 .text.UART_1_PutChar
                0x00002624       0x18 .\CortexM3\ARM_GCC_541\Debug\ZumoBot.a(UART_1.o)
                0x00002624                UART_1_PutChar
 .text.MotorDirLeft_Write
                0x0000263c       0x18 .\CortexM3\ARM_GCC_541\Debug\ZumoBot.a(MotorDirLeft.o)
                0x0000263c                MotorDirLeft_Write
 .text.MotorDirRight_Write
                0x00002654       0x18 .\CortexM3\ARM_GCC_541\Debug\ZumoBot.a(MotorDirRight.o)
                0x00002654                MotorDirRight_Write
 .text.L3_Write
                0x0000266c       0x18 .\CortexM3\ARM_GCC_541\Debug\ZumoBot.a(L3.o)
                0x0000266c                L3_Write
 .text.L3_SetDriveMode
                0x00002684       0x18 .\CortexM3\ARM_GCC_541\Debug\ZumoBot.a(L3.o)
                0x00002684                L3_SetDriveMode
 .text.Timer_L3_Enable
                0x0000269c       0x28 .\CortexM3\ARM_GCC_541\Debug\ZumoBot.a(Timer_L3.o)
                0x0000269c                Timer_L3_Enable
 .text.Timer_L3_SetInterruptMode
                0x000026c4        0xc .\CortexM3\ARM_GCC_541\Debug\ZumoBot.a(Timer_L3.o)
                0x000026c4                Timer_L3_SetInterruptMode
 .text.Timer_L3_ReadStatusRegister
                0x000026d0        0xc .\CortexM3\ARM_GCC_541\Debug\ZumoBot.a(Timer_L3.o)
                0x000026d0                Timer_L3_ReadStatusRegister
 .text.Timer_L3_ReadPeriod
                0x000026dc        0xc .\CortexM3\ARM_GCC_541\Debug\ZumoBot.a(Timer_L3.o)
                0x000026dc                Timer_L3_ReadPeriod
 .text.Timer_L3_WritePeriod
                0x000026e8        0xc .\CortexM3\ARM_GCC_541\Debug\ZumoBot.a(Timer_L3.o)
                0x000026e8                Timer_L3_WritePeriod
 .text.Timer_L3_ReadCapture
                0x000026f4        0xc .\CortexM3\ARM_GCC_541\Debug\ZumoBot.a(Timer_L3.o)
                0x000026f4                Timer_L3_ReadCapture
 .text.Timer_L3_WriteCounter
                0x00002700        0xc .\CortexM3\ARM_GCC_541\Debug\ZumoBot.a(Timer_L3.o)
                0x00002700                Timer_L3_WriteCounter
 .text.Timer_L3_Init
                0x0000270c       0x68 .\CortexM3\ARM_GCC_541\Debug\ZumoBot.a(Timer_L3.o)
                0x0000270c                Timer_L3_Init
 .text.Timer_L3_Start
                0x00002774       0x1c .\CortexM3\ARM_GCC_541\Debug\ZumoBot.a(Timer_L3.o)
                0x00002774                Timer_L3_Start
 .text.Timer_L3_ReadCounter
                0x00002790       0x14 .\CortexM3\ARM_GCC_541\Debug\ZumoBot.a(Timer_L3.o)
                0x00002790                Timer_L3_ReadCounter
 .text.Timer_R3_Enable
                0x000027a4       0x28 .\CortexM3\ARM_GCC_541\Debug\ZumoBot.a(Timer_R3.o)
                0x000027a4                Timer_R3_Enable
 .text.Timer_R3_SetInterruptMode
                0x000027cc        0xc .\CortexM3\ARM_GCC_541\Debug\ZumoBot.a(Timer_R3.o)
                0x000027cc                Timer_R3_SetInterruptMode
 .text.Timer_R3_ReadStatusRegister
                0x000027d8        0xc .\CortexM3\ARM_GCC_541\Debug\ZumoBot.a(Timer_R3.o)
                0x000027d8                Timer_R3_ReadStatusRegister
 .text.Timer_R3_ReadPeriod
                0x000027e4        0xc .\CortexM3\ARM_GCC_541\Debug\ZumoBot.a(Timer_R3.o)
                0x000027e4                Timer_R3_ReadPeriod
 .text.Timer_R3_WritePeriod
                0x000027f0        0xc .\CortexM3\ARM_GCC_541\Debug\ZumoBot.a(Timer_R3.o)
                0x000027f0                Timer_R3_WritePeriod
 .text.Timer_R3_ReadCapture
                0x000027fc        0xc .\CortexM3\ARM_GCC_541\Debug\ZumoBot.a(Timer_R3.o)
                0x000027fc                Timer_R3_ReadCapture
 .text.Timer_R3_WriteCounter
                0x00002808        0xc .\CortexM3\ARM_GCC_541\Debug\ZumoBot.a(Timer_R3.o)
                0x00002808                Timer_R3_WriteCounter
 .text.Timer_R3_Init
                0x00002814       0x68 .\CortexM3\ARM_GCC_541\Debug\ZumoBot.a(Timer_R3.o)
                0x00002814                Timer_R3_Init
 .text.Timer_R3_Start
                0x0000287c       0x1c .\CortexM3\ARM_GCC_541\Debug\ZumoBot.a(Timer_R3.o)
                0x0000287c                Timer_R3_Start
 .text.Timer_R3_ReadCounter
                0x00002898       0x14 .\CortexM3\ARM_GCC_541\Debug\ZumoBot.a(Timer_R3.o)
                0x00002898                Timer_R3_ReadCounter
 .text.Refl_led_Write
                0x000028ac       0x18 .\CortexM3\ARM_GCC_541\Debug\ZumoBot.a(Refl_led.o)
                0x000028ac                Refl_led_Write
 .text.Timer_R1_Enable
                0x000028c4       0x28 .\CortexM3\ARM_GCC_541\Debug\ZumoBot.a(Timer_R1.o)
                0x000028c4                Timer_R1_Enable
 .text.Timer_R1_SetInterruptMode
                0x000028ec        0xc .\CortexM3\ARM_GCC_541\Debug\ZumoBot.a(Timer_R1.o)
                0x000028ec                Timer_R1_SetInterruptMode
 .text.Timer_R1_ReadStatusRegister
                0x000028f8        0xc .\CortexM3\ARM_GCC_541\Debug\ZumoBot.a(Timer_R1.o)
                0x000028f8                Timer_R1_ReadStatusRegister
 .text.Timer_R1_ReadPeriod
                0x00002904        0xc .\CortexM3\ARM_GCC_541\Debug\ZumoBot.a(Timer_R1.o)
                0x00002904                Timer_R1_ReadPeriod
 .text.Timer_R1_WritePeriod
                0x00002910        0xc .\CortexM3\ARM_GCC_541\Debug\ZumoBot.a(Timer_R1.o)
                0x00002910                Timer_R1_WritePeriod
 .text.Timer_R1_ReadCapture
                0x0000291c        0xc .\CortexM3\ARM_GCC_541\Debug\ZumoBot.a(Timer_R1.o)
                0x0000291c                Timer_R1_ReadCapture
 .text.Timer_R1_WriteCounter
                0x00002928        0xc .\CortexM3\ARM_GCC_541\Debug\ZumoBot.a(Timer_R1.o)
                0x00002928                Timer_R1_WriteCounter
 .text.Timer_R1_Init
                0x00002934       0x68 .\CortexM3\ARM_GCC_541\Debug\ZumoBot.a(Timer_R1.o)
                0x00002934                Timer_R1_Init
 .text.Timer_R1_Start
                0x0000299c       0x1c .\CortexM3\ARM_GCC_541\Debug\ZumoBot.a(Timer_R1.o)
                0x0000299c                Timer_R1_Start
 .text.Timer_R1_ReadCounter
                0x000029b8       0x14 .\CortexM3\ARM_GCC_541\Debug\ZumoBot.a(Timer_R1.o)
                0x000029b8                Timer_R1_ReadCounter
 .text.R1_Write
                0x000029cc       0x18 .\CortexM3\ARM_GCC_541\Debug\ZumoBot.a(R1.o)
                0x000029cc                R1_Write
 .text.R1_SetDriveMode
                0x000029e4       0x18 .\CortexM3\ARM_GCC_541\Debug\ZumoBot.a(R1.o)
                0x000029e4                R1_SetDriveMode
 .text.R3_Write
                0x000029fc       0x18 .\CortexM3\ARM_GCC_541\Debug\ZumoBot.a(R3.o)
                0x000029fc                R3_Write
 .text.R3_SetDriveMode
                0x00002a14       0x18 .\CortexM3\ARM_GCC_541\Debug\ZumoBot.a(R3.o)
                0x00002a14                R3_SetDriveMode
 .text.Timer_L1_Enable
                0x00002a2c       0x28 .\CortexM3\ARM_GCC_541\Debug\ZumoBot.a(Timer_L1.o)
                0x00002a2c                Timer_L1_Enable
 .text.Timer_L1_SetInterruptMode
                0x00002a54        0xc .\CortexM3\ARM_GCC_541\Debug\ZumoBot.a(Timer_L1.o)
                0x00002a54                Timer_L1_SetInterruptMode
 .text.Timer_L1_ReadStatusRegister
                0x00002a60        0xc .\CortexM3\ARM_GCC_541\Debug\ZumoBot.a(Timer_L1.o)
                0x00002a60                Timer_L1_ReadStatusRegister
 .text.Timer_L1_ReadPeriod
                0x00002a6c        0xc .\CortexM3\ARM_GCC_541\Debug\ZumoBot.a(Timer_L1.o)
                0x00002a6c                Timer_L1_ReadPeriod
 .text.Timer_L1_WritePeriod
                0x00002a78        0xc .\CortexM3\ARM_GCC_541\Debug\ZumoBot.a(Timer_L1.o)
                0x00002a78                Timer_L1_WritePeriod
 .text.Timer_L1_ReadCapture
                0x00002a84        0xc .\CortexM3\ARM_GCC_541\Debug\ZumoBot.a(Timer_L1.o)
                0x00002a84                Timer_L1_ReadCapture
 .text.Timer_L1_WriteCounter
                0x00002a90        0xc .\CortexM3\ARM_GCC_541\Debug\ZumoBot.a(Timer_L1.o)
                0x00002a90                Timer_L1_WriteCounter
 .text.Timer_L1_Init
                0x00002a9c       0x68 .\CortexM3\ARM_GCC_541\Debug\ZumoBot.a(Timer_L1.o)
                0x00002a9c                Timer_L1_Init
 .text.Timer_L1_Start
                0x00002b04       0x1c .\CortexM3\ARM_GCC_541\Debug\ZumoBot.a(Timer_L1.o)
                0x00002b04                Timer_L1_Start
 .text.Timer_L1_ReadCounter
                0x00002b20       0x14 .\CortexM3\ARM_GCC_541\Debug\ZumoBot.a(Timer_L1.o)
                0x00002b20                Timer_L1_ReadCounter
 .text.L1_Write
                0x00002b34       0x18 .\CortexM3\ARM_GCC_541\Debug\ZumoBot.a(L1.o)
                0x00002b34                L1_Write
 .text.L1_SetDriveMode
                0x00002b4c       0x18 .\CortexM3\ARM_GCC_541\Debug\ZumoBot.a(L1.o)
                0x00002b4c                L1_SetDriveMode
 .text.Buzzer_PWM_Enable
                0x00002b64       0x10 .\CortexM3\ARM_GCC_541\Debug\ZumoBot.a(Buzzer_PWM.o)
                0x00002b64                Buzzer_PWM_Enable
 .text.Buzzer_PWM_Stop
                0x00002b74       0x10 .\CortexM3\ARM_GCC_541\Debug\ZumoBot.a(Buzzer_PWM.o)
                0x00002b74                Buzzer_PWM_Stop
 .text.Buzzer_PWM_WriteCounter
                0x00002b84        0xc .\CortexM3\ARM_GCC_541\Debug\ZumoBot.a(Buzzer_PWM.o)
                0x00002b84                Buzzer_PWM_WriteCounter
 .text.Buzzer_PWM_WritePeriod
                0x00002b90        0xc .\CortexM3\ARM_GCC_541\Debug\ZumoBot.a(Buzzer_PWM.o)
                0x00002b90                Buzzer_PWM_WritePeriod
 .text.Buzzer_PWM_WriteCompare
                0x00002b9c        0xc .\CortexM3\ARM_GCC_541\Debug\ZumoBot.a(Buzzer_PWM.o)
                0x00002b9c                Buzzer_PWM_WriteCompare
 .text.Buzzer_PWM_Init
                0x00002ba8       0x34 .\CortexM3\ARM_GCC_541\Debug\ZumoBot.a(Buzzer_PWM.o)
                0x00002ba8                Buzzer_PWM_Init
 .text.Buzzer_PWM_Start
                0x00002bdc       0x1c .\CortexM3\ARM_GCC_541\Debug\ZumoBot.a(Buzzer_PWM.o)
                0x00002bdc                Buzzer_PWM_Start
 .text.SW1_Read
                0x00002bf8       0x10 .\CortexM3\ARM_GCC_541\Debug\ZumoBot.a(SW1.o)
                0x00002bf8                SW1_Read
 .text.Timer_R2_Enable
                0x00002c08       0x10 .\CortexM3\ARM_GCC_541\Debug\ZumoBot.a(Timer_R2.o)
                0x00002c08                Timer_R2_Enable
 .text.Timer_R2_SetInterruptMode
                0x00002c18        0xc .\CortexM3\ARM_GCC_541\Debug\ZumoBot.a(Timer_R2.o)
                0x00002c18                Timer_R2_SetInterruptMode
 .text.Timer_R2_ReadStatusRegister
                0x00002c24        0xc .\CortexM3\ARM_GCC_541\Debug\ZumoBot.a(Timer_R2.o)
                0x00002c24                Timer_R2_ReadStatusRegister
 .text.Timer_R2_ReadPeriod
                0x00002c30        0xc .\CortexM3\ARM_GCC_541\Debug\ZumoBot.a(Timer_R2.o)
                0x00002c30                Timer_R2_ReadPeriod
 .text.Timer_R2_WritePeriod
                0x00002c3c        0xc .\CortexM3\ARM_GCC_541\Debug\ZumoBot.a(Timer_R2.o)
                0x00002c3c                Timer_R2_WritePeriod
 .text.Timer_R2_ReadCapture
                0x00002c48        0xc .\CortexM3\ARM_GCC_541\Debug\ZumoBot.a(Timer_R2.o)
                0x00002c48                Timer_R2_ReadCapture
 .text.Timer_R2_WriteCounter
                0x00002c54        0xc .\CortexM3\ARM_GCC_541\Debug\ZumoBot.a(Timer_R2.o)
                0x00002c54                Timer_R2_WriteCounter
 .text.Timer_R2_ReadCounter
                0x00002c60       0x14 .\CortexM3\ARM_GCC_541\Debug\ZumoBot.a(Timer_R2.o)
                0x00002c60                Timer_R2_ReadCounter
 .text.Timer_R2_ClearFIFO
                0x00002c74       0x14 .\CortexM3\ARM_GCC_541\Debug\ZumoBot.a(Timer_R2.o)
                0x00002c74                Timer_R2_ClearFIFO
 .text.Timer_R2_Init
                0x00002c88       0x34 .\CortexM3\ARM_GCC_541\Debug\ZumoBot.a(Timer_R2.o)
                0x00002c88                Timer_R2_Init
 .text.Timer_R2_Start
                0x00002cbc       0x1c .\CortexM3\ARM_GCC_541\Debug\ZumoBot.a(Timer_R2.o)
                0x00002cbc                Timer_R2_Start
 .text.Timer_L2_Enable
                0x00002cd8       0x10 .\CortexM3\ARM_GCC_541\Debug\ZumoBot.a(Timer_L2.o)
                0x00002cd8                Timer_L2_Enable
 .text.Timer_L2_SetInterruptMode
                0x00002ce8        0xc .\CortexM3\ARM_GCC_541\Debug\ZumoBot.a(Timer_L2.o)
                0x00002ce8                Timer_L2_SetInterruptMode
 .text.Timer_L2_ReadStatusRegister
                0x00002cf4        0xc .\CortexM3\ARM_GCC_541\Debug\ZumoBot.a(Timer_L2.o)
                0x00002cf4                Timer_L2_ReadStatusRegister
 .text.Timer_L2_ReadPeriod
                0x00002d00        0xc .\CortexM3\ARM_GCC_541\Debug\ZumoBot.a(Timer_L2.o)
                0x00002d00                Timer_L2_ReadPeriod
 .text.Timer_L2_WritePeriod
                0x00002d0c        0xc .\CortexM3\ARM_GCC_541\Debug\ZumoBot.a(Timer_L2.o)
                0x00002d0c                Timer_L2_WritePeriod
 .text.Timer_L2_ReadCapture
                0x00002d18        0xc .\CortexM3\ARM_GCC_541\Debug\ZumoBot.a(Timer_L2.o)
                0x00002d18                Timer_L2_ReadCapture
 .text.Timer_L2_WriteCounter
                0x00002d24        0xc .\CortexM3\ARM_GCC_541\Debug\ZumoBot.a(Timer_L2.o)
                0x00002d24                Timer_L2_WriteCounter
 .text.Timer_L2_ReadCounter
                0x00002d30       0x14 .\CortexM3\ARM_GCC_541\Debug\ZumoBot.a(Timer_L2.o)
                0x00002d30                Timer_L2_ReadCounter
 .text.Timer_L2_ClearFIFO
                0x00002d44       0x14 .\CortexM3\ARM_GCC_541\Debug\ZumoBot.a(Timer_L2.o)
                0x00002d44                Timer_L2_ClearFIFO
 .text.Timer_L2_Init
                0x00002d58       0x34 .\CortexM3\ARM_GCC_541\Debug\ZumoBot.a(Timer_L2.o)
                0x00002d58                Timer_L2_Init
 .text.Timer_L2_Start
                0x00002d8c       0x1c .\CortexM3\ARM_GCC_541\Debug\ZumoBot.a(Timer_L2.o)
                0x00002d8c                Timer_L2_Start
 .text.L2_Write
                0x00002da8       0x18 .\CortexM3\ARM_GCC_541\Debug\ZumoBot.a(L2.o)
                0x00002da8                L2_Write
 .text.L2_SetDriveMode
                0x00002dc0       0x18 .\CortexM3\ARM_GCC_541\Debug\ZumoBot.a(L2.o)
                0x00002dc0                L2_SetDriveMode
 .text.R2_Write
                0x00002dd8       0x18 .\CortexM3\ARM_GCC_541\Debug\ZumoBot.a(R2.o)
                0x00002dd8                R2_Write
 .text.R2_SetDriveMode
                0x00002df0       0x18 .\CortexM3\ARM_GCC_541\Debug\ZumoBot.a(R2.o)
                0x00002df0                R2_SetDriveMode
 .text.Timer_Reset_Write
                0x00002e08        0xc .\CortexM3\ARM_GCC_541\Debug\ZumoBot.a(Timer_Reset.o)
                0x00002e08                Timer_Reset_Write
 .text.UART_2_Init
                0x00002e14       0x28 .\CortexM3\ARM_GCC_541\Debug\ZumoBot.a(UART_2.o)
                0x00002e14                UART_2_Init
 .text.UART_2_Enable
                0x00002e3c       0x38 .\CortexM3\ARM_GCC_541\Debug\ZumoBot.a(UART_2.o)
                0x00002e3c                UART_2_Enable
 .text.UART_2_Start
                0x00002e74       0x1c .\CortexM3\ARM_GCC_541\Debug\ZumoBot.a(UART_2.o)
                0x00002e74                UART_2_Start
 .text.StatisticsCounter_Enable
                0x00002e90       0x10 .\CortexM3\ARM_GCC_541\Debug\ZumoBot.a(StatisticsCounter.o)
                0x00002e90                StatisticsCounter_Enable
 .text.StatisticsCounter_SetInterruptMode
                0x00002ea0        0xc .\CortexM3\ARM_GCC_541\Debug\ZumoBot.a(StatisticsCounter.o)
                0x00002ea0                StatisticsCounter_SetInterruptMode
 .text.StatisticsCounter_ReadStatusRegister
                0x00002eac        0xc .\CortexM3\ARM_GCC_541\Debug\ZumoBot.a(StatisticsCounter.o)
                0x00002eac                StatisticsCounter_ReadStatusRegister
 .text.StatisticsCounter_WriteCounter
                0x00002eb8        0xc .\CortexM3\ARM_GCC_541\Debug\ZumoBot.a(StatisticsCounter.o)
                0x00002eb8                StatisticsCounter_WriteCounter
 .text.StatisticsCounter_ReadCounter
                0x00002ec4       0x14 .\CortexM3\ARM_GCC_541\Debug\ZumoBot.a(StatisticsCounter.o)
                0x00002ec4                StatisticsCounter_ReadCounter
 .text.StatisticsCounter_ReadCapture
                0x00002ed8        0xc .\CortexM3\ARM_GCC_541\Debug\ZumoBot.a(StatisticsCounter.o)
                0x00002ed8                StatisticsCounter_ReadCapture
 .text.StatisticsCounter_WritePeriod
                0x00002ee4        0xc .\CortexM3\ARM_GCC_541\Debug\ZumoBot.a(StatisticsCounter.o)
                0x00002ee4                StatisticsCounter_WritePeriod
 .text.StatisticsCounter_WriteCompare
                0x00002ef0        0xc .\CortexM3\ARM_GCC_541\Debug\ZumoBot.a(StatisticsCounter.o)
                0x00002ef0                StatisticsCounter_WriteCompare
 .text.StatisticsCounter_ClearFIFO
                0x00002efc       0x14 .\CortexM3\ARM_GCC_541\Debug\ZumoBot.a(StatisticsCounter.o)
                0x00002efc                StatisticsCounter_ClearFIFO
 .text.StatisticsCounter_Init
                0x00002f10       0x54 .\CortexM3\ARM_GCC_541\Debug\ZumoBot.a(StatisticsCounter.o)
                0x00002f10                StatisticsCounter_Init
 .text.StatisticsCounter_Start
                0x00002f64       0x1c .\CortexM3\ARM_GCC_541\Debug\ZumoBot.a(StatisticsCounter.o)
                0x00002f64                StatisticsCounter_Start
 .text.isr_U1_TX_SetVector
                0x00002f80        0xc .\CortexM3\ARM_GCC_541\Debug\ZumoBot.a(isr_U1_TX.o)
                0x00002f80                isr_U1_TX_SetVector
 .text.isr_U1_TX_SetPriority
                0x00002f8c       0x10 .\CortexM3\ARM_GCC_541\Debug\ZumoBot.a(isr_U1_TX.o)
                0x00002f8c                isr_U1_TX_SetPriority
 .text.isr_U1_TX_Enable
                0x00002f9c        0xc .\CortexM3\ARM_GCC_541\Debug\ZumoBot.a(isr_U1_TX.o)
                0x00002f9c                isr_U1_TX_Enable
 .text.isr_U1_TX_Disable
                0x00002fa8        0xc .\CortexM3\ARM_GCC_541\Debug\ZumoBot.a(isr_U1_TX.o)
                0x00002fa8                isr_U1_TX_Disable
 .text.isr_U1_TX_StartEx
                0x00002fb4       0x1c .\CortexM3\ARM_GCC_541\Debug\ZumoBot.a(isr_U1_TX.o)
                0x00002fb4                isr_U1_TX_StartEx
 .text.isr_U1_TX_ClearPending
                0x00002fd0        0xc .\CortexM3\ARM_GCC_541\Debug\ZumoBot.a(isr_U1_TX.o)
                0x00002fd0                isr_U1_TX_ClearPending
 .text.isr_U1_RX_SetVector
                0x00002fdc        0xc .\CortexM3\ARM_GCC_541\Debug\ZumoBot.a(isr_U1_RX.o)
                0x00002fdc                isr_U1_RX_SetVector
 .text.isr_U1_RX_SetPriority
                0x00002fe8       0x10 .\CortexM3\ARM_GCC_541\Debug\ZumoBot.a(isr_U1_RX.o)
                0x00002fe8                isr_U1_RX_SetPriority
 .text.isr_U1_RX_Enable
                0x00002ff8        0xc .\CortexM3\ARM_GCC_541\Debug\ZumoBot.a(isr_U1_RX.o)
                0x00002ff8                isr_U1_RX_Enable
 .text.isr_U1_RX_Disable
                0x00003004        0xc .\CortexM3\ARM_GCC_541\Debug\ZumoBot.a(isr_U1_RX.o)
                0x00003004                isr_U1_RX_Disable
 .text.isr_U1_RX_StartEx
                0x00003010       0x1c .\CortexM3\ARM_GCC_541\Debug\ZumoBot.a(isr_U1_RX.o)
                0x00003010                isr_U1_RX_StartEx
 .text.isr_U1_RX_ClearPending
                0x0000302c        0xc .\CortexM3\ARM_GCC_541\Debug\ZumoBot.a(isr_U1_RX.o)
                0x0000302c                isr_U1_RX_ClearPending
 .text.UART_1_IntClock_Start
                0x00003038       0x1c .\CortexM3\ARM_GCC_541\Debug\ZumoBot.a(UART_1_IntClock.o)
                0x00003038                UART_1_IntClock_Start
 .text.UART_2_IntClock_Start
                0x00003054       0x1c .\CortexM3\ARM_GCC_541\Debug\ZumoBot.a(UART_2_IntClock.o)
                0x00003054                UART_2_IntClock_Start
 .text.CyDelayUs
                0x00003070       0x14 .\CortexM3\ARM_GCC_541\Debug\ZumoBot.a(CyLib.o)
                0x00003070                CyDelayUs
 *fill*         0x00003084        0x4 
 .text          0x00003088       0x20 .\CortexM3\ARM_GCC_541\Debug\ZumoBot.a(CyBootAsmGnu.o)
                0x00003088                CyDelayCycles
                0x00003098                CyEnterCriticalSection
                0x000030a0                CyExitCriticalSection
 .text.__errno  0x000030a8        0xc c:/program files (x86)/cypress/psoc creator/4.2/psoc creator/import/gnu/arm/5.4.1/bin/../lib/gcc/arm-none-eabi/5.4.1/../../../../arm-none-eabi/lib/armv7-m\libg.a(lib_a-errno.o)
                0x000030a8                __errno
 .text.__sflush_r
                0x000030b4      0x148 c:/program files (x86)/cypress/psoc creator/4.2/psoc creator/import/gnu/arm/5.4.1/bin/../lib/gcc/arm-none-eabi/5.4.1/../../../../arm-none-eabi/lib/armv7-m\libg.a(lib_a-fflush.o)
                0x000030b4                __sflush_r
 .text._fflush_r
                0x000031fc       0x2c c:/program files (x86)/cypress/psoc creator/4.2/psoc creator/import/gnu/arm/5.4.1/bin/../lib/gcc/arm-none-eabi/5.4.1/../../../../arm-none-eabi/lib/armv7-m\libg.a(lib_a-fflush.o)
                0x000031fc                _fflush_r
 .text.fflush   0x00003228       0x24 c:/program files (x86)/cypress/psoc creator/4.2/psoc creator/import/gnu/arm/5.4.1/bin/../lib/gcc/arm-none-eabi/5.4.1/../../../../arm-none-eabi/lib/armv7-m\libg.a(lib_a-fflush.o)
                0x00003228                fflush
 .text._cleanup_r
                0x0000324c        0xc c:/program files (x86)/cypress/psoc creator/4.2/psoc creator/import/gnu/arm/5.4.1/bin/../lib/gcc/arm-none-eabi/5.4.1/../../../../arm-none-eabi/lib/armv7-m\libg.a(lib_a-findfp.o)
                0x0000324c                _cleanup_r
 .text.__sinit.part.1
                0x00003258       0xf0 c:/program files (x86)/cypress/psoc creator/4.2/psoc creator/import/gnu/arm/5.4.1/bin/../lib/gcc/arm-none-eabi/5.4.1/../../../../arm-none-eabi/lib/armv7-m\libg.a(lib_a-findfp.o)
 .text.__sinit  0x00003348        0xc c:/program files (x86)/cypress/psoc creator/4.2/psoc creator/import/gnu/arm/5.4.1/bin/../lib/gcc/arm-none-eabi/5.4.1/../../../../arm-none-eabi/lib/armv7-m\libg.a(lib_a-findfp.o)
                0x00003348                __sinit
 .text.__sfp_lock_acquire
                0x00003354        0x4 c:/program files (x86)/cypress/psoc creator/4.2/psoc creator/import/gnu/arm/5.4.1/bin/../lib/gcc/arm-none-eabi/5.4.1/../../../../arm-none-eabi/lib/armv7-m\libg.a(lib_a-findfp.o)
                0x00003354                __sfp_lock_acquire
 .text.__sfp_lock_release
                0x00003358        0x4 c:/program files (x86)/cypress/psoc creator/4.2/psoc creator/import/gnu/arm/5.4.1/bin/../lib/gcc/arm-none-eabi/5.4.1/../../../../arm-none-eabi/lib/armv7-m\libg.a(lib_a-findfp.o)
                0x00003358                __sfp_lock_release
 .text._malloc_trim_r
                0x0000335c       0x9c c:/program files (x86)/cypress/psoc creator/4.2/psoc creator/import/gnu/arm/5.4.1/bin/../lib/gcc/arm-none-eabi/5.4.1/../../../../arm-none-eabi/lib/armv7-m\libg.a(lib_a-freer.o)
                0x0000335c                _malloc_trim_r
 .text._free_r  0x000033f8      0x1d0 c:/program files (x86)/cypress/psoc creator/4.2/psoc creator/import/gnu/arm/5.4.1/bin/../lib/gcc/arm-none-eabi/5.4.1/../../../../arm-none-eabi/lib/armv7-m\libg.a(lib_a-freer.o)
                0x000033f8                _free_r
 .text._fwalk_reent
                0x000035c8       0x50 c:/program files (x86)/cypress/psoc creator/4.2/psoc creator/import/gnu/arm/5.4.1/bin/../lib/gcc/arm-none-eabi/5.4.1/../../../../arm-none-eabi/lib/armv7-m\libg.a(lib_a-fwalk.o)
                0x000035c8                _fwalk_reent
 .text.__libc_init_array
                0x00003618       0x50 c:/program files (x86)/cypress/psoc creator/4.2/psoc creator/import/gnu/arm/5.4.1/bin/../lib/gcc/arm-none-eabi/5.4.1/../../../../arm-none-eabi/lib/armv7-m\libg.a(lib_a-init.o)
                0x00003618                __libc_init_array
 .text._malloc_r
                0x00003668      0x558 c:/program files (x86)/cypress/psoc creator/4.2/psoc creator/import/gnu/arm/5.4.1/bin/../lib/gcc/arm-none-eabi/5.4.1/../../../../arm-none-eabi/lib/armv7-m\libg.a(lib_a-mallocr.o)
                0x00003668                _malloc_r
 .text          0x00003bc0       0xec c:/program files (x86)/cypress/psoc creator/4.2/psoc creator/import/gnu/arm/5.4.1/bin/../lib/gcc/arm-none-eabi/5.4.1/../../../../arm-none-eabi/lib/armv7-m\libg.a(lib_a-memcpy.o)
                0x00003bc0                memcpy
 .text.memmove  0x00003cac       0xc8 c:/program files (x86)/cypress/psoc creator/4.2/psoc creator/import/gnu/arm/5.4.1/bin/../lib/gcc/arm-none-eabi/5.4.1/../../../../arm-none-eabi/lib/armv7-m\libg.a(lib_a-memmove.o)
                0x00003cac                memmove
 .text.memset   0x00003d74       0x9c c:/program files (x86)/cypress/psoc creator/4.2/psoc creator/import/gnu/arm/5.4.1/bin/../lib/gcc/arm-none-eabi/5.4.1/../../../../arm-none-eabi/lib/armv7-m\libg.a(lib_a-memset.o)
                0x00003d74                memset
 .text.__malloc_lock
                0x00003e10        0x4 c:/program files (x86)/cypress/psoc creator/4.2/psoc creator/import/gnu/arm/5.4.1/bin/../lib/gcc/arm-none-eabi/5.4.1/../../../../arm-none-eabi/lib/armv7-m\libg.a(lib_a-mlock.o)
                0x00003e10                __malloc_lock
 .text.__malloc_unlock
                0x00003e14        0x4 c:/program files (x86)/cypress/psoc creator/4.2/psoc creator/import/gnu/arm/5.4.1/bin/../lib/gcc/arm-none-eabi/5.4.1/../../../../arm-none-eabi/lib/armv7-m\libg.a(lib_a-mlock.o)
                0x00003e14                __malloc_unlock
 .text._puts_r  0x00003e18       0x68 c:/program files (x86)/cypress/psoc creator/4.2/psoc creator/import/gnu/arm/5.4.1/bin/../lib/gcc/arm-none-eabi/5.4.1/../../../../arm-none-eabi/lib/armv7-m\libg.a(lib_a-puts.o)
                0x00003e18                _puts_r
 .text.puts     0x00003e80       0x10 c:/program files (x86)/cypress/psoc creator/4.2/psoc creator/import/gnu/arm/5.4.1/bin/../lib/gcc/arm-none-eabi/5.4.1/../../../../arm-none-eabi/lib/armv7-m\libg.a(lib_a-puts.o)
                0x00003e80                puts
 .text.cleanup_glue
                0x00003e90       0x1c c:/program files (x86)/cypress/psoc creator/4.2/psoc creator/import/gnu/arm/5.4.1/bin/../lib/gcc/arm-none-eabi/5.4.1/../../../../arm-none-eabi/lib/armv7-m\libg.a(lib_a-reent.o)
                0x00003e90                cleanup_glue
 .text._reclaim_reent
                0x00003eac       0x88 c:/program files (x86)/cypress/psoc creator/4.2/psoc creator/import/gnu/arm/5.4.1/bin/../lib/gcc/arm-none-eabi/5.4.1/../../../../arm-none-eabi/lib/armv7-m\libg.a(lib_a-reent.o)
                0x00003eac                _reclaim_reent
 .text._sbrk_r  0x00003f34       0x24 c:/program files (x86)/cypress/psoc creator/4.2/psoc creator/import/gnu/arm/5.4.1/bin/../lib/gcc/arm-none-eabi/5.4.1/../../../../arm-none-eabi/lib/armv7-m\libg.a(lib_a-sbrkr.o)
                0x00003f34                _sbrk_r
 .text.__sread  0x00003f58       0x24 c:/program files (x86)/cypress/psoc creator/4.2/psoc creator/import/gnu/arm/5.4.1/bin/../lib/gcc/arm-none-eabi/5.4.1/../../../../arm-none-eabi/lib/armv7-m\libg.a(lib_a-stdio.o)
                0x00003f58                __sread
 .text.__swrite
                0x00003f7c       0x3c c:/program files (x86)/cypress/psoc creator/4.2/psoc creator/import/gnu/arm/5.4.1/bin/../lib/gcc/arm-none-eabi/5.4.1/../../../../arm-none-eabi/lib/armv7-m\libg.a(lib_a-stdio.o)
                0x00003f7c                __swrite
 .text.__sseek  0x00003fb8       0x20 c:/program files (x86)/cypress/psoc creator/4.2/psoc creator/import/gnu/arm/5.4.1/bin/../lib/gcc/arm-none-eabi/5.4.1/../../../../arm-none-eabi/lib/armv7-m\libg.a(lib_a-stdio.o)
                0x00003fb8                __sseek
 .text.__sclose
                0x00003fd8        0x8 c:/program files (x86)/cypress/psoc creator/4.2/psoc creator/import/gnu/arm/5.4.1/bin/../lib/gcc/arm-none-eabi/5.4.1/../../../../arm-none-eabi/lib/armv7-m\libg.a(lib_a-stdio.o)
                0x00003fd8                __sclose
 .text.strlen   0x00003fe0       0x5c c:/program files (x86)/cypress/psoc creator/4.2/psoc creator/import/gnu/arm/5.4.1/bin/../lib/gcc/arm-none-eabi/5.4.1/../../../../arm-none-eabi/lib/armv7-m\libg.a(lib_a-strlen-stub.o)
                0x00003fe0                strlen
 .text._write_r
                0x0000403c       0x2c c:/program files (x86)/cypress/psoc creator/4.2/psoc creator/import/gnu/arm/5.4.1/bin/../lib/gcc/arm-none-eabi/5.4.1/../../../../arm-none-eabi/lib/armv7-m\libg.a(lib_a-writer.o)
                0x0000403c                _write_r
 .text.__swsetup_r
                0x00004068       0xc8 c:/program files (x86)/cypress/psoc creator/4.2/psoc creator/import/gnu/arm/5.4.1/bin/../lib/gcc/arm-none-eabi/5.4.1/../../../../arm-none-eabi/lib/armv7-m\libg.a(lib_a-wsetup.o)
                0x00004068                __swsetup_r
 .text.startup.register_fini
                0x00004130       0x14 c:/program files (x86)/cypress/psoc creator/4.2/psoc creator/import/gnu/arm/5.4.1/bin/../lib/gcc/arm-none-eabi/5.4.1/../../../../arm-none-eabi/lib/armv7-m\libg.a(lib_a-__call_atexit.o)
 .text.atexit   0x00004144        0xc c:/program files (x86)/cypress/psoc creator/4.2/psoc creator/import/gnu/arm/5.4.1/bin/../lib/gcc/arm-none-eabi/5.4.1/../../../../arm-none-eabi/lib/armv7-m\libg.a(lib_a-atexit.o)
                0x00004144                atexit
 .text._close_r
                0x00004150       0x24 c:/program files (x86)/cypress/psoc creator/4.2/psoc creator/import/gnu/arm/5.4.1/bin/../lib/gcc/arm-none-eabi/5.4.1/../../../../arm-none-eabi/lib/armv7-m\libg.a(lib_a-closer.o)
                0x00004150                _close_r
 .text._fclose_r
                0x00004174       0x84 c:/program files (x86)/cypress/psoc creator/4.2/psoc creator/import/gnu/arm/5.4.1/bin/../lib/gcc/arm-none-eabi/5.4.1/../../../../arm-none-eabi/lib/armv7-m\libg.a(lib_a-fclose.o)
                0x00004174                _fclose_r
 .text.__libc_fini_array
                0x000041f8       0x28 c:/program files (x86)/cypress/psoc creator/4.2/psoc creator/import/gnu/arm/5.4.1/bin/../lib/gcc/arm-none-eabi/5.4.1/../../../../arm-none-eabi/lib/armv7-m\libg.a(lib_a-fini.o)
                0x000041f8                __libc_fini_array
 .text.__sfvwrite_r
                0x00004220      0x308 c:/program files (x86)/cypress/psoc creator/4.2/psoc creator/import/gnu/arm/5.4.1/bin/../lib/gcc/arm-none-eabi/5.4.1/../../../../arm-none-eabi/lib/armv7-m\libg.a(lib_a-fvwrite.o)
                0x00004220                __sfvwrite_r
 .text._lseek_r
                0x00004528       0x2c c:/program files (x86)/cypress/psoc creator/4.2/psoc creator/import/gnu/arm/5.4.1/bin/../lib/gcc/arm-none-eabi/5.4.1/../../../../arm-none-eabi/lib/armv7-m\libg.a(lib_a-lseekr.o)
                0x00004528                _lseek_r
 .text.__swhatbuf_r
                0x00004554       0x60 c:/program files (x86)/cypress/psoc creator/4.2/psoc creator/import/gnu/arm/5.4.1/bin/../lib/gcc/arm-none-eabi/5.4.1/../../../../arm-none-eabi/lib/armv7-m\libg.a(lib_a-makebuf.o)
                0x00004554                __swhatbuf_r
 .text.__smakebuf_r
                0x000045b4       0x88 c:/program files (x86)/cypress/psoc creator/4.2/psoc creator/import/gnu/arm/5.4.1/bin/../lib/gcc/arm-none-eabi/5.4.1/../../../../arm-none-eabi/lib/armv7-m\libg.a(lib_a-makebuf.o)
                0x000045b4                __smakebuf_r
 .text.memchr   0x0000463c       0x8c c:/program files (x86)/cypress/psoc creator/4.2/psoc creator/import/gnu/arm/5.4.1/bin/../lib/gcc/arm-none-eabi/5.4.1/../../../../arm-none-eabi/lib/armv7-m\libg.a(lib_a-memchr-stub.o)
                0x0000463c                memchr
 .text._read_r  0x000046c8       0x2c c:/program files (x86)/cypress/psoc creator/4.2/psoc creator/import/gnu/arm/5.4.1/bin/../lib/gcc/arm-none-eabi/5.4.1/../../../../arm-none-eabi/lib/armv7-m\libg.a(lib_a-readr.o)
                0x000046c8                _read_r
 .text._realloc_r
                0x000046f4      0x3d4 c:/program files (x86)/cypress/psoc creator/4.2/psoc creator/import/gnu/arm/5.4.1/bin/../lib/gcc/arm-none-eabi/5.4.1/../../../../arm-none-eabi/lib/armv7-m\libg.a(lib_a-reallocr.o)
                0x000046f4                _realloc_r
 .text.__register_exitproc
                0x00004ac8       0xa4 c:/program files (x86)/cypress/psoc creator/4.2/psoc creator/import/gnu/arm/5.4.1/bin/../lib/gcc/arm-none-eabi/5.4.1/../../../../arm-none-eabi/lib/armv7-m\libg.a(lib_a-__atexit.o)
                0x00004ac8                __register_exitproc
 .text._fstat_r
                0x00004b6c       0x28 c:/program files (x86)/cypress/psoc creator/4.2/psoc creator/import/gnu/arm/5.4.1/bin/../lib/gcc/arm-none-eabi/5.4.1/../../../../arm-none-eabi/lib/armv7-m\libg.a(lib_a-fstatr.o)
                0x00004b6c                _fstat_r
 .text._isatty_r
                0x00004b94       0x24 c:/program files (x86)/cypress/psoc creator/4.2/psoc creator/import/gnu/arm/5.4.1/bin/../lib/gcc/arm-none-eabi/5.4.1/../../../../arm-none-eabi/lib/armv7-m\libg.a(lib_a-isattyr.o)
                0x00004b94                _isatty_r
 .text._close   0x00004bb8       0x10 c:/program files (x86)/cypress/psoc creator/4.2/psoc creator/import/gnu/arm/5.4.1/bin/../lib/gcc/arm-none-eabi/5.4.1/../../../../arm-none-eabi/lib/armv7-m\libnosys.a(close.o)
                0x00004bb8                _close
 .text._fstat   0x00004bc8       0x10 c:/program files (x86)/cypress/psoc creator/4.2/psoc creator/import/gnu/arm/5.4.1/bin/../lib/gcc/arm-none-eabi/5.4.1/../../../../arm-none-eabi/lib/armv7-m\libnosys.a(fstat.o)
                0x00004bc8                _fstat
 .text._isatty  0x00004bd8       0x10 c:/program files (x86)/cypress/psoc creator/4.2/psoc creator/import/gnu/arm/5.4.1/bin/../lib/gcc/arm-none-eabi/5.4.1/../../../../arm-none-eabi/lib/armv7-m\libnosys.a(isatty.o)
                0x00004bd8                _isatty
 .text._lseek   0x00004be8       0x10 c:/program files (x86)/cypress/psoc creator/4.2/psoc creator/import/gnu/arm/5.4.1/bin/../lib/gcc/arm-none-eabi/5.4.1/../../../../arm-none-eabi/lib/armv7-m\libnosys.a(lseek.o)
                0x00004be8                _lseek
 *(.plt)
 *(.gnu.warning)
 *(.glue_7t)
 .glue_7t       0x00004bf8        0x0 linker stubs
 *(.glue_7)
 .glue_7        0x00004bf8        0x0 linker stubs
 *(.vfp11_veneer)
 .vfp11_veneer  0x00004bf8        0x0 linker stubs
 *(.bootloader)
 *(.ARM.extab* .gnu.linkonce.armextab.*)
 *(.gcc_except_table)

.v4_bx          0x00004bf8        0x0
 .v4_bx         0x00004bf8        0x0 linker stubs

.iplt           0x00004bf8        0x0
 .iplt          0x00004bf8        0x0 c:/program files (x86)/cypress/psoc creator/4.2/psoc creator/import/gnu/arm/5.4.1/bin/../lib/gcc/arm-none-eabi/5.4.1/armv7-m/crtbegin.o

.eh_frame_hdr
 *(.eh_frame_hdr)

.eh_frame       0x00004bf8        0x4
 *(.eh_frame)
 .eh_frame      0x00004bf8        0x0 c:/program files (x86)/cypress/psoc creator/4.2/psoc creator/import/gnu/arm/5.4.1/bin/../lib/gcc/arm-none-eabi/5.4.1/armv7-m/crtbegin.o
 .eh_frame      0x00004bf8        0x4 c:/program files (x86)/cypress/psoc creator/4.2/psoc creator/import/gnu/arm/5.4.1/bin/../lib/gcc/arm-none-eabi/5.4.1/armv7-m/crtend.o
                [!provide]                PROVIDE (__exidx_start, .)

.ARM.exidx
 *(.ARM.exidx* .gnu.linkonce.armexidx.*)
                0x00004bfc                __exidx_end = .

.rodata         0x00004bfc      0x104
 *(.rodata .rodata.* .gnu.linkonce.r.*)
 .rodata.str1.4
                0x00004bfc       0x21 .\CortexM3\ARM_GCC_541\Debug\rtos_main.o
 *fill*         0x00004c1d        0x3 
 .rodata.str1.4
                0x00004c20        0xc .\CortexM3\ARM_GCC_541\Debug\Reflectance.o
 .rodata.str1.4
                0x00004c2c       0x34 .\CortexM3\ARM_GCC_541\Debug\tasks.o
 .rodata        0x00004c60       0x60 .\CortexM3\ARM_GCC_541\Debug\cyfitter_cfg.o
 .rodata.str1.4
                0x00004cc0        0x2 c:/program files (x86)/cypress/psoc creator/4.2/psoc creator/import/gnu/arm/5.4.1/bin/../lib/gcc/arm-none-eabi/5.4.1/../../../../arm-none-eabi/lib/armv7-m\libg.a(lib_a-impure.o)
 .rodata._global_impure_ptr
                0x00004cc0        0x4 c:/program files (x86)/cypress/psoc creator/4.2/psoc creator/import/gnu/arm/5.4.1/bin/../lib/gcc/arm-none-eabi/5.4.1/../../../../arm-none-eabi/lib/armv7-m\libg.a(lib_a-impure.o)
                0x00004cc0                _global_impure_ptr
 .rodata.str1.4
                0x00004cc4        0x4 c:/program files (x86)/cypress/psoc creator/4.2/psoc creator/import/gnu/arm/5.4.1/bin/../lib/gcc/arm-none-eabi/5.4.1/../../../../arm-none-eabi/lib/armv7-m\libg.a(lib_a-puts.o)
                                  0x2 (size before relaxing)
                0x00004cc8                . = ALIGN (0x4)
 *(.init)
 .init          0x00004cc8        0x4 c:/program files (x86)/cypress/psoc creator/4.2/psoc creator/import/gnu/arm/5.4.1/bin/../lib/gcc/arm-none-eabi/5.4.1/armv7-m/crti.o
                0x00004cc8                _init
 .init          0x00004ccc        0x8 c:/program files (x86)/cypress/psoc creator/4.2/psoc creator/import/gnu/arm/5.4.1/bin/../lib/gcc/arm-none-eabi/5.4.1/armv7-m/crtn.o
                0x00004cd4                . = ALIGN (0x4)
                0x00004cd4                __preinit_array_start = .
 *(.preinit_array)
                0x00004cd4                __preinit_array_end = .
                0x00004cd4                . = ALIGN (0x4)
                0x00004cd4                __init_array_start = .
 *(SORT(.init_array.*))
 .init_array.00000
                0x00004cd4        0x4 c:/program files (x86)/cypress/psoc creator/4.2/psoc creator/import/gnu/arm/5.4.1/bin/../lib/gcc/arm-none-eabi/5.4.1/../../../../arm-none-eabi/lib/armv7-m\libg.a(lib_a-__call_atexit.o)
 *(.init_array)
 .init_array    0x00004cd8        0x4 c:/program files (x86)/cypress/psoc creator/4.2/psoc creator/import/gnu/arm/5.4.1/bin/../lib/gcc/arm-none-eabi/5.4.1/armv7-m/crtbegin.o
 .init_array    0x00004cdc        0x4 .\CortexM3\ARM_GCC_541\Debug\Cm3Start.o
                0x00004ce0                __init_array_end = .
                0x00004ce0                . = ALIGN (0x4)
 *(.fini)
 .fini          0x00004ce0        0x4 c:/program files (x86)/cypress/psoc creator/4.2/psoc creator/import/gnu/arm/5.4.1/bin/../lib/gcc/arm-none-eabi/5.4.1/armv7-m/crti.o
                0x00004ce0                _fini
 .fini          0x00004ce4        0x8 c:/program files (x86)/cypress/psoc creator/4.2/psoc creator/import/gnu/arm/5.4.1/bin/../lib/gcc/arm-none-eabi/5.4.1/armv7-m/crtn.o
                0x00004cec                . = ALIGN (0x4)
                0x00004cec                __fini_array_start = .
 *(.fini_array)
 .fini_array    0x00004cec        0x4 c:/program files (x86)/cypress/psoc creator/4.2/psoc creator/import/gnu/arm/5.4.1/bin/../lib/gcc/arm-none-eabi/5.4.1/armv7-m/crtbegin.o
 *(SORT(.fini_array.*))
                0x00004cf0                __fini_array_end = .
                0x00004cf0                . = ALIGN (0x4)
 *crtbegin.o(.ctors)
 *(EXCLUDE_FILE(*crtend.o) .ctors)
 *(SORT(.ctors.*))
 *crtend.o(.ctors)
                0x00004cf0                . = ALIGN (0x4)
 *crtbegin.o(.dtors)
 *(EXCLUDE_FILE(*crtend.o) .dtors)
 *(SORT(.dtors.*))
 *crtend.o(.dtors)
                0x00004cf0                . = ALIGN (0x4)
                0x00004cf0                __cy_regions = .
                0x00004cf0        0x4 LONG 0x4d00 __cy_region_init_ram
                0x00004cf4        0x4 LONG 0x1fff80c8 __cy_region_start_data
                0x00004cf8        0x4 LONG 0x870 __cy_region_init_size_ram
                0x00004cfc        0x4 LONG 0xa088 __cy_region_zero_size_ram
                0x00004d00                __cy_regions_end = .
                0x00004d00                . = ALIGN (0x8)
                0x00004d00                _etext = .

.cy_checksum_exclude
                0x00004d00        0x0
 *(.cy_checksum_exclude)

.ramvectors     0x1fff8000       0xc0
                0x1fff8000                __cy_region_start_ram = .
 *(.ramvectors)
 .ramvectors    0x1fff8000       0xc0 .\CortexM3\ARM_GCC_541\Debug\Cm3Start.o
                0x1fff8000                CyRamVectors

.noinit         0x1fff80c0        0x1
 *(.noinit)
 .noinit        0x1fff80c0        0x1 .\CortexM3\ARM_GCC_541\Debug\ZumoBot.a(CyLib.o)
                0x1fff80c0                CyResetStatus

.data           0x1fff80c8      0x870 load address 0x00004d00
                0x1fff80c8                __cy_region_start_data = .
 *(.jcr)
 .jcr           0x1fff80c8        0x0 c:/program files (x86)/cypress/psoc creator/4.2/psoc creator/import/gnu/arm/5.4.1/bin/../lib/gcc/arm-none-eabi/5.4.1/armv7-m/crtbegin.o
 .jcr           0x1fff80c8        0x4 c:/program files (x86)/cypress/psoc creator/4.2/psoc creator/import/gnu/arm/5.4.1/bin/../lib/gcc/arm-none-eabi/5.4.1/armv7-m/crtend.o
 *(.got.plt)
 *(.got)
 *(.shdata)
 *(.data .data.* .gnu.linkonce.d.*)
 .data          0x1fff80cc        0xc .\CortexM3\ARM_GCC_541\Debug\Reflectance.o
 .data          0x1fff80d8        0x4 .\CortexM3\ARM_GCC_541\Debug\port.o
 .data          0x1fff80dc        0x4 .\CortexM3\ARM_GCC_541\Debug\heap_2.o
 .data          0x1fff80e0        0x4 .\CortexM3\ARM_GCC_541\Debug\Cm3Start.o
 .data          0x1fff80e4       0x10 .\CortexM3\ARM_GCC_541\Debug\ZumoBot.a(CyLib.o)
                0x1fff80e4                cydelay_32k_ms
                0x1fff80e8                cydelay_freq_khz
                0x1fff80ec                cydelay_freq_mhz
                0x1fff80f0                cydelay_freq_hz
 *fill*         0x1fff80f4        0x4 
 .data.impure_data
                0x1fff80f8      0x428 c:/program files (x86)/cypress/psoc creator/4.2/psoc creator/import/gnu/arm/5.4.1/bin/../lib/gcc/arm-none-eabi/5.4.1/../../../../arm-none-eabi/lib/armv7-m\libg.a(lib_a-impure.o)
 .data._impure_ptr
                0x1fff8520        0x4 c:/program files (x86)/cypress/psoc creator/4.2/psoc creator/import/gnu/arm/5.4.1/bin/../lib/gcc/arm-none-eabi/5.4.1/../../../../arm-none-eabi/lib/armv7-m\libg.a(lib_a-impure.o)
                0x1fff8520                _impure_ptr
 .data.__malloc_av_
                0x1fff8524      0x408 c:/program files (x86)/cypress/psoc creator/4.2/psoc creator/import/gnu/arm/5.4.1/bin/../lib/gcc/arm-none-eabi/5.4.1/../../../../arm-none-eabi/lib/armv7-m\libg.a(lib_a-mallocr.o)
                0x1fff8524                __malloc_av_
 .data.__malloc_trim_threshold
                0x1fff892c        0x4 c:/program files (x86)/cypress/psoc creator/4.2/psoc creator/import/gnu/arm/5.4.1/bin/../lib/gcc/arm-none-eabi/5.4.1/../../../../arm-none-eabi/lib/armv7-m\libg.a(lib_a-mallocr.o)
                0x1fff892c                __malloc_trim_threshold
 .data.__malloc_sbrk_base
                0x1fff8930        0x4 c:/program files (x86)/cypress/psoc creator/4.2/psoc creator/import/gnu/arm/5.4.1/bin/../lib/gcc/arm-none-eabi/5.4.1/../../../../arm-none-eabi/lib/armv7-m\libg.a(lib_a-mallocr.o)
                0x1fff8930                __malloc_sbrk_base
                0x1fff8938                . = ALIGN (0x8)
 *fill*         0x1fff8934        0x4 
 *(.ram)
                0x1fff8938                _edata = .

.igot.plt       0x1fff8938        0x0 load address 0x00005570
 .igot.plt      0x1fff8938        0x0 c:/program files (x86)/cypress/psoc creator/4.2/psoc creator/import/gnu/arm/5.4.1/bin/../lib/gcc/arm-none-eabi/5.4.1/armv7-m/crtbegin.o

.bss            0x1fff8938     0xa088 load address 0x00005570
                0x1fff8938                PROVIDE (__bss_start__, .)
 *(.shbss)
 *(.bss .bss.* .gnu.linkonce.b.*)
 .bss           0x1fff8938       0x1c c:/program files (x86)/cypress/psoc creator/4.2/psoc creator/import/gnu/arm/5.4.1/bin/../lib/gcc/arm-none-eabi/5.4.1/armv7-m/crtbegin.o
 .bss           0x1fff8954       0x94 .\CortexM3\ARM_GCC_541\Debug\Retarget.o
 .bss           0x1fff89e8      0x448 .\CortexM3\ARM_GCC_541\Debug\debug_uart.o
 .bss           0x1fff8e30      0xa08 .\CortexM3\ARM_GCC_541\Debug\mqtt_sender.o
 .bss           0x1fff9838        0x8 .\CortexM3\ARM_GCC_541\Debug\serial1.o
 .bss           0x1fff9840       0x1c .\CortexM3\ARM_GCC_541\Debug\Reflectance.o
 .bss           0x1fff985c      0x108 .\CortexM3\ARM_GCC_541\Debug\tasks.o
                0x1fff9934                pxCurrentTCB
 .bss           0x1fff9964     0x9014 .\CortexM3\ARM_GCC_541\Debug\heap_2.o
 .bss           0x20002978        0x1 .\CortexM3\ARM_GCC_541\Debug\ZumoBot.a(PWM.o)
                0x20002978                PWM_initVar
 .bss           0x20002979        0x2 .\CortexM3\ARM_GCC_541\Debug\ZumoBot.a(UART_1.o)
                0x20002979                UART_1_initVar
 .bss           0x2000297b        0x1 .\CortexM3\ARM_GCC_541\Debug\ZumoBot.a(Timer_L3.o)
                0x2000297b                Timer_L3_initVar
 .bss           0x2000297c        0x1 .\CortexM3\ARM_GCC_541\Debug\ZumoBot.a(Timer_R3.o)
                0x2000297c                Timer_R3_initVar
 .bss           0x2000297d        0x1 .\CortexM3\ARM_GCC_541\Debug\ZumoBot.a(Timer_R1.o)
                0x2000297d                Timer_R1_initVar
 .bss           0x2000297e        0x1 .\CortexM3\ARM_GCC_541\Debug\ZumoBot.a(Timer_L1.o)
                0x2000297e                Timer_L1_initVar
 .bss           0x2000297f        0x1 .\CortexM3\ARM_GCC_541\Debug\ZumoBot.a(Buzzer_PWM.o)
                0x2000297f                Buzzer_PWM_initVar
 .bss           0x20002980        0x1 .\CortexM3\ARM_GCC_541\Debug\ZumoBot.a(Timer_R2.o)
                0x20002980                Timer_R2_initVar
 .bss           0x20002981        0x1 .\CortexM3\ARM_GCC_541\Debug\ZumoBot.a(Timer_L2.o)
                0x20002981                Timer_L2_initVar
 .bss           0x20002982        0x2 .\CortexM3\ARM_GCC_541\Debug\ZumoBot.a(UART_2.o)
                0x20002982                UART_2_initVar
 .bss           0x20002984        0x1 .\CortexM3\ARM_GCC_541\Debug\ZumoBot.a(StatisticsCounter.o)
                0x20002984                StatisticsCounter_initVar
 *fill*         0x20002985        0x3 
 .bss.__malloc_max_total_mem
                0x20002988        0x4 c:/program files (x86)/cypress/psoc creator/4.2/psoc creator/import/gnu/arm/5.4.1/bin/../lib/gcc/arm-none-eabi/5.4.1/../../../../arm-none-eabi/lib/armv7-m\libg.a(lib_a-mallocr.o)
                0x20002988                __malloc_max_total_mem
 .bss.__malloc_max_sbrked_mem
                0x2000298c        0x4 c:/program files (x86)/cypress/psoc creator/4.2/psoc creator/import/gnu/arm/5.4.1/bin/../lib/gcc/arm-none-eabi/5.4.1/../../../../arm-none-eabi/lib/armv7-m\libg.a(lib_a-mallocr.o)
                0x2000298c                __malloc_max_sbrked_mem
 .bss.__malloc_top_pad
                0x20002990        0x4 c:/program files (x86)/cypress/psoc creator/4.2/psoc creator/import/gnu/arm/5.4.1/bin/../lib/gcc/arm-none-eabi/5.4.1/../../../../arm-none-eabi/lib/armv7-m\libg.a(lib_a-mallocr.o)
                0x20002990                __malloc_top_pad
 .bss.__malloc_current_mallinfo
                0x20002994       0x28 c:/program files (x86)/cypress/psoc creator/4.2/psoc creator/import/gnu/arm/5.4.1/bin/../lib/gcc/arm-none-eabi/5.4.1/../../../../arm-none-eabi/lib/armv7-m\libg.a(lib_a-mallocr.o)
                0x20002994                __malloc_current_mallinfo
 *(COMMON)
 COMMON         0x200029bc        0x4 c:/program files (x86)/cypress/psoc creator/4.2/psoc creator/import/gnu/arm/5.4.1/bin/../lib/gcc/arm-none-eabi/5.4.1/../../../../arm-none-eabi/lib/armv7-m\libg.a(lib_a-reent.o)
                0x200029bc                errno
                0x200029c0                . = ALIGN (0x8)
 *(.ram.b)
                0x200029c0                _end = .
                0x200029c0                __end = .
                0x200029c0                PROVIDE (end, .)
                0x200029c0                PROVIDE (__bss_end__, .)
                0x00004d00                __cy_region_init_ram = LOADADDR (.data)
                0x00000870                __cy_region_init_size_ram = (_edata - ADDR (.data))
                0x0000a088                __cy_region_zero_size_ram = (_end - _edata)

.heap           0x200029c0     0x2000 load address 0x00005570
                0x200029c0                . = _end
                0x200049c0                . = (. + 0x2000)
 *fill*         0x200029c0     0x2000 
                0x200049c0                __cy_heap_limit = .

.stack          0x20007800      0x800
                0x20007800                __cy_stack_limit = .
                0x20008000                . = (. + 0x800)
 *fill*         0x20007800      0x800 
                0x00000001                ASSERT ((__cy_stack_limit >= __cy_heap_limit), region RAM overflowed with stack)
                0x00000000                cy_checksum_exclude_size = (CY_APPL_LOADABLE == 0x1)?SIZEOF (.cy_checksum_exclude):0x0
                0x00000001                ASSERT ((cy_checksum_exclude_size <= CY_CHECKSUM_EXCLUDE_SIZE), CY_BOOT: Section .cy_checksum_exclude size exceedes specified limit.)

.cyloadermeta
 *(.cyloadermeta)

.cyloadablemeta
 *(.cyloadablemeta)

.cyconfigecc    0x80000000     0x1220
 *(.cyconfigecc)
 .cyconfigecc   0x80000000     0x1220 .\CortexM3\ARM_GCC_541\Debug\cymetadata.o
                0x80000000                cy_meta_configecc

.cycustnvl      0x90000000        0x4
 *(.cycustnvl)
 .cycustnvl     0x90000000        0x4 .\CortexM3\ARM_GCC_541\Debug\cymetadata.o
                0x90000000                cy_meta_custnvl

.cywolatch      0x90100000        0x4
 *(.cywolatch)
 .cywolatch     0x90100000        0x4 .\CortexM3\ARM_GCC_541\Debug\cymetadata.o
                0x90100000                cy_meta_wonvl

.cyeeprom       0x90200000        0x0
 *(.cyeeprom)
                0x00000001                ASSERT ((. <= ((0x90200000 + ee_offset) + ee_size)), .cyeeprom data will not fit in EEPROM)

.cyflashprotect
                0x90400000      0x100
 *(.cyflashprotect)
 .cyflashprotect
                0x90400000      0x100 .\CortexM3\ARM_GCC_541\Debug\cymetadata.o
                0x90400000                cy_meta_flashprotect

.cymeta         0x90500000        0xc
 *(.cymeta)
 .cymeta        0x90500000        0xc .\CortexM3\ARM_GCC_541\Debug\cymetadata.o
                0x90500000                cy_metadata

.rel.dyn        0x00005570        0x0 load address 0x9050000c
 .rel.iplt      0x00005570        0x0 c:/program files (x86)/cypress/psoc creator/4.2/psoc creator/import/gnu/arm/5.4.1/bin/../lib/gcc/arm-none-eabi/5.4.1/armv7-m/crtbegin.o

.stab           0x00000000       0x6c
 *(.stab)
 .stab          0x00000000       0x24 c:/program files (x86)/cypress/psoc creator/4.2/psoc creator/import/gnu/arm/5.4.1/bin/../lib/gcc/arm-none-eabi/5.4.1/../../../../arm-none-eabi/lib/armv7-m\libnosys.a(close.o)
 .stab          0x00000024       0x18 c:/program files (x86)/cypress/psoc creator/4.2/psoc creator/import/gnu/arm/5.4.1/bin/../lib/gcc/arm-none-eabi/5.4.1/../../../../arm-none-eabi/lib/armv7-m\libnosys.a(fstat.o)
                                 0x24 (size before relaxing)
 .stab          0x0000003c       0x18 c:/program files (x86)/cypress/psoc creator/4.2/psoc creator/import/gnu/arm/5.4.1/bin/../lib/gcc/arm-none-eabi/5.4.1/../../../../arm-none-eabi/lib/armv7-m\libnosys.a(isatty.o)
                                 0x24 (size before relaxing)
 .stab          0x00000054       0x18 c:/program files (x86)/cypress/psoc creator/4.2/psoc creator/import/gnu/arm/5.4.1/bin/../lib/gcc/arm-none-eabi/5.4.1/../../../../arm-none-eabi/lib/armv7-m\libnosys.a(lseek.o)
                                 0x24 (size before relaxing)

.stabstr        0x00000000       0xe3
 *(.stabstr)
 .stabstr       0x00000000       0xe3 c:/program files (x86)/cypress/psoc creator/4.2/psoc creator/import/gnu/arm/5.4.1/bin/../lib/gcc/arm-none-eabi/5.4.1/../../../../arm-none-eabi/lib/armv7-m\libnosys.a(close.o)

.debug
 *(.debug)

.line
 *(.line)

.debug_srcinfo
 *(.debug_srcinfo)

.debug_sfnames
 *(.debug_sfnames)

.debug_aranges  0x00000000     0x25f0
 *(.debug_aranges)
 .debug_aranges
                0x00000000       0x20 .\CortexM3\ARM_GCC_541\Debug\Beep.o
 .debug_aranges
                0x00000020       0x40 .\CortexM3\ARM_GCC_541\Debug\Gyro.o
 .debug_aranges
                0x00000060       0x40 .\CortexM3\ARM_GCC_541\Debug\IR.o
 .debug_aranges
                0x000000a0       0x20 .\CortexM3\ARM_GCC_541\Debug\Magnet.o
 .debug_aranges
                0x000000c0       0x40 .\CortexM3\ARM_GCC_541\Debug\Motor.o
 .debug_aranges
                0x00000100       0x30 .\CortexM3\ARM_GCC_541\Debug\Nunchuk.o
 .debug_aranges
                0x00000130       0x38 .\CortexM3\ARM_GCC_541\Debug\Ultra.o
 .debug_aranges
                0x00000168       0x30 .\CortexM3\ARM_GCC_541\Debug\Retarget.o
 .debug_aranges
                0x00000198       0x30 .\CortexM3\ARM_GCC_541\Debug\I2C_Common.o
 .debug_aranges
                0x000001c8       0x28 .\CortexM3\ARM_GCC_541\Debug\LSM303D.o
 .debug_aranges
                0x000001f0       0x88 .\CortexM3\ARM_GCC_541\Debug\debug_uart.o
 .debug_aranges
                0x00000278      0x130 .\CortexM3\ARM_GCC_541\Debug\esp8266_socket.o
 .debug_aranges
                0x000003a8       0x40 .\CortexM3\ARM_GCC_541\Debug\rtos_main.o
 .debug_aranges
                0x000003e8       0x58 .\CortexM3\ARM_GCC_541\Debug\serial.o
 .debug_aranges
                0x00000440       0x40 .\CortexM3\ARM_GCC_541\Debug\mqtt_sender.o
 .debug_aranges
                0x00000480       0x48 .\CortexM3\ARM_GCC_541\Debug\serial1.o
 .debug_aranges
                0x000004c8       0x40 .\CortexM3\ARM_GCC_541\Debug\Reflectance.o
 .debug_aranges
                0x00000508       0xe0 .\CortexM3\ARM_GCC_541\Debug\MQTTClient.o
 .debug_aranges
                0x000005e8       0x88 .\CortexM3\ARM_GCC_541\Debug\MQTTFreeRTOS.o
 .debug_aranges
                0x00000670       0x48 .\CortexM3\ARM_GCC_541\Debug\MQTTConnectClient.o
 .debug_aranges
                0x000006b8       0x30 .\CortexM3\ARM_GCC_541\Debug\MQTTConnectServer.o
 .debug_aranges
                0x000006e8       0x28 .\CortexM3\ARM_GCC_541\Debug\MQTTDeserializePublish.o
 .debug_aranges
                0x00000710       0x58 .\CortexM3\ARM_GCC_541\Debug\MQTTFormat.o
 .debug_aranges
                0x00000768       0xa8 .\CortexM3\ARM_GCC_541\Debug\MQTTPacket.o
 .debug_aranges
                0x00000810       0x48 .\CortexM3\ARM_GCC_541\Debug\MQTTSerializePublish.o
 .debug_aranges
                0x00000858       0x30 .\CortexM3\ARM_GCC_541\Debug\MQTTSubscribeClient.o
 .debug_aranges
                0x00000888       0x28 .\CortexM3\ARM_GCC_541\Debug\MQTTSubscribeServer.o
 .debug_aranges
                0x000008b0       0x30 .\CortexM3\ARM_GCC_541\Debug\MQTTUnsubscribeClient.o
 .debug_aranges
                0x000008e0       0x28 .\CortexM3\ARM_GCC_541\Debug\MQTTUnsubscribeServer.o
 .debug_aranges
                0x00000908       0x18 .\CortexM3\ARM_GCC_541\Debug\croutine.o
 .debug_aranges
                0x00000920       0x78 .\CortexM3\ARM_GCC_541\Debug\event_groups.o
 .debug_aranges
                0x00000998       0x40 .\CortexM3\ARM_GCC_541\Debug\list.o
 .debug_aranges
                0x000009d8      0x128 .\CortexM3\ARM_GCC_541\Debug\queue.o
 .debug_aranges
                0x00000b00       0xd0 .\CortexM3\ARM_GCC_541\Debug\stream_buffer.o
 .debug_aranges
                0x00000bd0      0x1f8 .\CortexM3\ARM_GCC_541\Debug\tasks.o
 .debug_aranges
                0x00000dc8       0x18 .\CortexM3\ARM_GCC_541\Debug\timers.o
 .debug_aranges
                0x00000de0       0x70 .\CortexM3\ARM_GCC_541\Debug\port.o
 .debug_aranges
                0x00000e50       0x40 .\CortexM3\ARM_GCC_541\Debug\heap_2.o
 .debug_aranges
                0x00000e90       0x70 .\CortexM3\ARM_GCC_541\Debug\main.o
 .debug_aranges
                0x00000f00       0x58 .\CortexM3\ARM_GCC_541\Debug\cyfitter_cfg.o
 .debug_aranges
                0x00000f58       0x18 .\CortexM3\ARM_GCC_541\Debug\cymetadata.o
 .debug_aranges
                0x00000f70       0x48 .\CortexM3\ARM_GCC_541\Debug\Cm3Start.o
 .debug_aranges
                0x00000fb8       0xa8 .\CortexM3\ARM_GCC_541\Debug\ZumoBot.a(PWM.o)
 .debug_aranges
                0x00001060       0x38 .\CortexM3\ARM_GCC_541\Debug\ZumoBot.a(I2C.o)
 .debug_aranges
                0x00001098       0x20 .\CortexM3\ARM_GCC_541\Debug\ZumoBot.a(I2C_INT.o)
 .debug_aranges
                0x000010b8       0x38 .\CortexM3\ARM_GCC_541\Debug\ZumoBot.a(I2C_PM.o)
 .debug_aranges
                0x000010f0       0x80 .\CortexM3\ARM_GCC_541\Debug\ZumoBot.a(I2C_MASTER.o)
 .debug_aranges
                0x00001170       0xf0 .\CortexM3\ARM_GCC_541\Debug\ZumoBot.a(UART_1.o)
 .debug_aranges
                0x00001260       0x38 .\CortexM3\ARM_GCC_541\Debug\ZumoBot.a(MotorDirLeft.o)
 .debug_aranges
                0x00001298       0x38 .\CortexM3\ARM_GCC_541\Debug\ZumoBot.a(MotorDirRight.o)
 .debug_aranges
                0x000012d0       0x38 .\CortexM3\ARM_GCC_541\Debug\ZumoBot.a(L3.o)
 .debug_aranges
                0x00001308       0x88 .\CortexM3\ARM_GCC_541\Debug\ZumoBot.a(Timer_L3.o)
 .debug_aranges
                0x00001390       0x88 .\CortexM3\ARM_GCC_541\Debug\ZumoBot.a(Timer_R3.o)
 .debug_aranges
                0x00001418       0x38 .\CortexM3\ARM_GCC_541\Debug\ZumoBot.a(Refl_led.o)
 .debug_aranges
                0x00001450       0x88 .\CortexM3\ARM_GCC_541\Debug\ZumoBot.a(Timer_R1.o)
 .debug_aranges
                0x000014d8       0x38 .\CortexM3\ARM_GCC_541\Debug\ZumoBot.a(R1.o)
 .debug_aranges
                0x00001510       0x38 .\CortexM3\ARM_GCC_541\Debug\ZumoBot.a(R3.o)
 .debug_aranges
                0x00001548       0x88 .\CortexM3\ARM_GCC_541\Debug\ZumoBot.a(Timer_L1.o)
 .debug_aranges
                0x000015d0       0x38 .\CortexM3\ARM_GCC_541\Debug\ZumoBot.a(L1.o)
 .debug_aranges
                0x00001608       0xa8 .\CortexM3\ARM_GCC_541\Debug\ZumoBot.a(ADC_Battery.o)
 .debug_aranges
                0x000016b0       0x20 .\CortexM3\ARM_GCC_541\Debug\ZumoBot.a(ADC_Battery_INT.o)
 .debug_aranges
                0x000016d0       0x38 .\CortexM3\ARM_GCC_541\Debug\ZumoBot.a(BatteryLed.o)
 .debug_aranges
                0x00001708       0x38 .\CortexM3\ARM_GCC_541\Debug\ZumoBot.a(IR_receiver.o)
 .debug_aranges
                0x00001740       0x38 .\CortexM3\ARM_GCC_541\Debug\ZumoBot.a(Trig.o)
 .debug_aranges
                0x00001778       0x98 .\CortexM3\ARM_GCC_541\Debug\ZumoBot.a(Timer.o)
 .debug_aranges
                0x00001810       0x38 .\CortexM3\ARM_GCC_541\Debug\ZumoBot.a(Echo.o)
 .debug_aranges
                0x00001848       0x80 .\CortexM3\ARM_GCC_541\Debug\ZumoBot.a(ultra_isr.o)
 .debug_aranges
                0x000018c8       0x80 .\CortexM3\ARM_GCC_541\Debug\ZumoBot.a(Buzzer_PWM.o)
 .debug_aranges
                0x00001948       0x80 .\CortexM3\ARM_GCC_541\Debug\ZumoBot.a(IR_isr.o)
 .debug_aranges
                0x000019c8       0x98 .\CortexM3\ARM_GCC_541\Debug\ZumoBot.a(Timer_IR.o)
 .debug_aranges
                0x00001a60       0x38 .\CortexM3\ARM_GCC_541\Debug\ZumoBot.a(SW1.o)
 .debug_aranges
                0x00001a98       0x90 .\CortexM3\ARM_GCC_541\Debug\ZumoBot.a(Timer_R2.o)
 .debug_aranges
                0x00001b28       0x90 .\CortexM3\ARM_GCC_541\Debug\ZumoBot.a(Timer_L2.o)
 .debug_aranges
                0x00001bb8       0x38 .\CortexM3\ARM_GCC_541\Debug\ZumoBot.a(L2.o)
 .debug_aranges
                0x00001bf0       0x38 .\CortexM3\ARM_GCC_541\Debug\ZumoBot.a(R2.o)
 .debug_aranges
                0x00001c28       0x28 .\CortexM3\ARM_GCC_541\Debug\ZumoBot.a(Timer_Reset.o)
 .debug_aranges
                0x00001c50       0xf0 .\CortexM3\ARM_GCC_541\Debug\ZumoBot.a(UART_2.o)
 .debug_aranges
                0x00001d40       0x80 .\CortexM3\ARM_GCC_541\Debug\ZumoBot.a(isr_U2_TX.o)
 .debug_aranges
                0x00001dc0       0x80 .\CortexM3\ARM_GCC_541\Debug\ZumoBot.a(isr_U2_RX.o)
 .debug_aranges
                0x00001e40       0x98 .\CortexM3\ARM_GCC_541\Debug\ZumoBot.a(StatisticsCounter.o)
 .debug_aranges
                0x00001ed8       0x38 .\CortexM3\ARM_GCC_541\Debug\ZumoBot.a(RST_E.o)
 .debug_aranges
                0x00001f10       0x80 .\CortexM3\ARM_GCC_541\Debug\ZumoBot.a(isr_U1_TX.o)
 .debug_aranges
                0x00001f90       0x80 .\CortexM3\ARM_GCC_541\Debug\ZumoBot.a(isr_U1_RX.o)
 .debug_aranges
                0x00002010       0x70 .\CortexM3\ARM_GCC_541\Debug\ZumoBot.a(UART_1_IntClock.o)
 .debug_aranges
                0x00002080       0x80 .\CortexM3\ARM_GCC_541\Debug\ZumoBot.a(ADC_Battery_theACLK.o)
 .debug_aranges
                0x00002100       0x70 .\CortexM3\ARM_GCC_541\Debug\ZumoBot.a(UART_2_IntClock.o)
 .debug_aranges
                0x00002170      0x2a0 .\CortexM3\ARM_GCC_541\Debug\ZumoBot.a(CyLib.o)
 .debug_aranges
                0x00002410       0x98 .\CortexM3\ARM_GCC_541\Debug\ZumoBot.a(cyPm.o)
 .debug_aranges
                0x000024a8       0x20 .\CortexM3\ARM_GCC_541\Debug\ZumoBot.a(cyutils.o)
 .debug_aranges
                0x000024c8       0x20 .\CortexM3\ARM_GCC_541\Debug\ZumoBot.a(CyBootAsmGnu.o)
 .debug_aranges
                0x000024e8       0x88 .\CortexM3\ARM_GCC_541\Debug\ZumoBot.a(CyFlash.o)
 .debug_aranges
                0x00002570       0x80 .\CortexM3\ARM_GCC_541\Debug\ZumoBot.a(CySpc.o)

.debug_pubnames
 *(.debug_pubnames)

.debug_info     0x00000000    0x1e833
 *(.debug_info .gnu.linkonce.wi.*)
 .debug_info    0x00000000      0x195 .\CortexM3\ARM_GCC_541\Debug\Beep.o
 .debug_info    0x00000195      0x3d5 .\CortexM3\ARM_GCC_541\Debug\Gyro.o
 .debug_info    0x0000056a      0x37d .\CortexM3\ARM_GCC_541\Debug\IR.o
 .debug_info    0x000008e7      0x146 .\CortexM3\ARM_GCC_541\Debug\Magnet.o
 .debug_info    0x00000a2d      0x2ee .\CortexM3\ARM_GCC_541\Debug\Motor.o
 .debug_info    0x00000d1b      0x2b5 .\CortexM3\ARM_GCC_541\Debug\Nunchuk.o
 .debug_info    0x00000fd0      0x35e .\CortexM3\ARM_GCC_541\Debug\Ultra.o
 .debug_info    0x0000132e      0xb3d .\CortexM3\ARM_GCC_541\Debug\Retarget.o
 .debug_info    0x00001e6b      0x298 .\CortexM3\ARM_GCC_541\Debug\I2C_Common.o
 .debug_info    0x00002103      0x229 .\CortexM3\ARM_GCC_541\Debug\LSM303D.o
 .debug_info    0x0000232c      0x6fb .\CortexM3\ARM_GCC_541\Debug\debug_uart.o
 .debug_info    0x00002a27     0x1bd1 .\CortexM3\ARM_GCC_541\Debug\esp8266_socket.o
 .debug_info    0x000045f8      0x35d .\CortexM3\ARM_GCC_541\Debug\rtos_main.o
 .debug_info    0x00004955      0x64a .\CortexM3\ARM_GCC_541\Debug\serial.o
 .debug_info    0x00004f9f      0xbd4 .\CortexM3\ARM_GCC_541\Debug\mqtt_sender.o
 .debug_info    0x00005b73      0x4f4 .\CortexM3\ARM_GCC_541\Debug\serial1.o
 .debug_info    0x00006067      0x85b .\CortexM3\ARM_GCC_541\Debug\Reflectance.o
 .debug_info    0x000068c2     0x1cfb .\CortexM3\ARM_GCC_541\Debug\MQTTClient.o
 .debug_info    0x000085bd      0x87b .\CortexM3\ARM_GCC_541\Debug\MQTTFreeRTOS.o
 .debug_info    0x00008e38      0x8ad .\CortexM3\ARM_GCC_541\Debug\MQTTConnectClient.o
 .debug_info    0x000096e5      0x766 .\CortexM3\ARM_GCC_541\Debug\MQTTConnectServer.o
 .debug_info    0x00009e4b      0x434 .\CortexM3\ARM_GCC_541\Debug\MQTTDeserializePublish.o
 .debug_info    0x0000a27f      0x79d .\CortexM3\ARM_GCC_541\Debug\MQTTFormat.o
 .debug_info    0x0000aa1c      0x9ad .\CortexM3\ARM_GCC_541\Debug\MQTTPacket.o
 .debug_info    0x0000b3c9      0x636 .\CortexM3\ARM_GCC_541\Debug\MQTTSerializePublish.o
 .debug_info    0x0000b9ff      0x528 .\CortexM3\ARM_GCC_541\Debug\MQTTSubscribeClient.o
 .debug_info    0x0000bf27      0x47d .\CortexM3\ARM_GCC_541\Debug\MQTTSubscribeServer.o
 .debug_info    0x0000c3a4      0x479 .\CortexM3\ARM_GCC_541\Debug\MQTTUnsubscribeClient.o
 .debug_info    0x0000c81d      0x41c .\CortexM3\ARM_GCC_541\Debug\MQTTUnsubscribeServer.o
 .debug_info    0x0000cc39       0xae .\CortexM3\ARM_GCC_541\Debug\croutine.o
 .debug_info    0x0000cce7      0x99a .\CortexM3\ARM_GCC_541\Debug\event_groups.o
 .debug_info    0x0000d681      0x2df .\CortexM3\ARM_GCC_541\Debug\list.o
 .debug_info    0x0000d960     0x1951 .\CortexM3\ARM_GCC_541\Debug\queue.o
 .debug_info    0x0000f2b1     0x1236 .\CortexM3\ARM_GCC_541\Debug\stream_buffer.o
 .debug_info    0x000104e7     0x2f3d .\CortexM3\ARM_GCC_541\Debug\tasks.o
 .debug_info    0x00013424       0xae .\CortexM3\ARM_GCC_541\Debug\timers.o
 .debug_info    0x000134d2      0x363 .\CortexM3\ARM_GCC_541\Debug\port.o
 .debug_info    0x00013835      0x38c .\CortexM3\ARM_GCC_541\Debug\heap_2.o
 .debug_info    0x00013bc1      0xf46 .\CortexM3\ARM_GCC_541\Debug\main.o
 .debug_info    0x00014b07      0x69a .\CortexM3\ARM_GCC_541\Debug\cyfitter_cfg.o
 .debug_info    0x000151a1      0x139 .\CortexM3\ARM_GCC_541\Debug\cymetadata.o
 .debug_info    0x000152da      0x3bb .\CortexM3\ARM_GCC_541\Debug\Cm3Start.o
 .debug_info    0x00015695      0x381 .\CortexM3\ARM_GCC_541\Debug\ZumoBot.a(PWM.o)
 .debug_info    0x00015a16      0x2ad .\CortexM3\ARM_GCC_541\Debug\ZumoBot.a(I2C.o)
 .debug_info    0x00015cc3      0x184 .\CortexM3\ARM_GCC_541\Debug\ZumoBot.a(I2C_INT.o)
 .debug_info    0x00015e47      0x207 .\CortexM3\ARM_GCC_541\Debug\ZumoBot.a(I2C_PM.o)
 .debug_info    0x0001604e      0x407 .\CortexM3\ARM_GCC_541\Debug\ZumoBot.a(I2C_MASTER.o)
 .debug_info    0x00016455      0x60c .\CortexM3\ARM_GCC_541\Debug\ZumoBot.a(UART_1.o)
 .debug_info    0x00016a61      0x11f .\CortexM3\ARM_GCC_541\Debug\ZumoBot.a(MotorDirLeft.o)
 .debug_info    0x00016b80      0x11f .\CortexM3\ARM_GCC_541\Debug\ZumoBot.a(MotorDirRight.o)
 .debug_info    0x00016c9f      0x11f .\CortexM3\ARM_GCC_541\Debug\ZumoBot.a(L3.o)
 .debug_info    0x00016dbe      0x293 .\CortexM3\ARM_GCC_541\Debug\ZumoBot.a(Timer_L3.o)
 .debug_info    0x00017051      0x293 .\CortexM3\ARM_GCC_541\Debug\ZumoBot.a(Timer_R3.o)
 .debug_info    0x000172e4      0x11f .\CortexM3\ARM_GCC_541\Debug\ZumoBot.a(Refl_led.o)
 .debug_info    0x00017403      0x293 .\CortexM3\ARM_GCC_541\Debug\ZumoBot.a(Timer_R1.o)
 .debug_info    0x00017696      0x11f .\CortexM3\ARM_GCC_541\Debug\ZumoBot.a(R1.o)
 .debug_info    0x000177b5      0x11f .\CortexM3\ARM_GCC_541\Debug\ZumoBot.a(R3.o)
 .debug_info    0x000178d4      0x293 .\CortexM3\ARM_GCC_541\Debug\ZumoBot.a(Timer_L1.o)
 .debug_info    0x00017b67      0x11f .\CortexM3\ARM_GCC_541\Debug\ZumoBot.a(L1.o)
 .debug_info    0x00017c86      0x5c0 .\CortexM3\ARM_GCC_541\Debug\ZumoBot.a(ADC_Battery.o)
 .debug_info    0x00018246       0x92 .\CortexM3\ARM_GCC_541\Debug\ZumoBot.a(ADC_Battery_INT.o)
 .debug_info    0x000182d8      0x11f .\CortexM3\ARM_GCC_541\Debug\ZumoBot.a(BatteryLed.o)
 .debug_info    0x000183f7      0x11f .\CortexM3\ARM_GCC_541\Debug\ZumoBot.a(IR_receiver.o)
 .debug_info    0x00018516      0x11f .\CortexM3\ARM_GCC_541\Debug\ZumoBot.a(Trig.o)
 .debug_info    0x00018635      0x328 .\CortexM3\ARM_GCC_541\Debug\ZumoBot.a(Timer.o)
 .debug_info    0x0001895d      0x11f .\CortexM3\ARM_GCC_541\Debug\ZumoBot.a(Echo.o)
 .debug_info    0x00018a7c      0x2d2 .\CortexM3\ARM_GCC_541\Debug\ZumoBot.a(ultra_isr.o)
 .debug_info    0x00018d4e      0x279 .\CortexM3\ARM_GCC_541\Debug\ZumoBot.a(Buzzer_PWM.o)
 .debug_info    0x00018fc7      0x2d2 .\CortexM3\ARM_GCC_541\Debug\ZumoBot.a(IR_isr.o)
 .debug_info    0x00019299      0x372 .\CortexM3\ARM_GCC_541\Debug\ZumoBot.a(Timer_IR.o)
 .debug_info    0x0001960b      0x11f .\CortexM3\ARM_GCC_541\Debug\ZumoBot.a(SW1.o)
 .debug_info    0x0001972a      0x2ee .\CortexM3\ARM_GCC_541\Debug\ZumoBot.a(Timer_R2.o)
 .debug_info    0x00019a18      0x2ee .\CortexM3\ARM_GCC_541\Debug\ZumoBot.a(Timer_L2.o)
 .debug_info    0x00019d06      0x11f .\CortexM3\ARM_GCC_541\Debug\ZumoBot.a(L2.o)
 .debug_info    0x00019e25      0x11f .\CortexM3\ARM_GCC_541\Debug\ZumoBot.a(R2.o)
 .debug_info    0x00019f44       0xd6 .\CortexM3\ARM_GCC_541\Debug\ZumoBot.a(Timer_Reset.o)